{
 "schema": "eoex/1",
 "n": 14,
 "d": "799/100",
 "d_float": 7.99,
 "max_level": 11,
 "max_cited": 15,
 "oler_caps": true,
 "oler_hull": true,
 "oler_hull_max_level": 3,
 "symmetry": true,
 "status": "proved",
 "nodes": 4241969,
 "elapsed_s": 98.356,
 "frontier_count": 0,
 "frontier_digest": "e3b0c44298fc1c149afbf4c8996fb92427ae41e4649b934ca495991b7852b855",
 "meta": {
  "python": "3.11.15",
  "platform": "Linux-6.18.44-fc-v21-x86_64-with-glibc2.39",
  "utc": "2026-08-21T13:48:48Z"
 },
 "proves": "d(14) > 799/100",
 "proves_s": "s(14) > 11.454101615137755",
 "ratio_to_target": null
}
PROVED: no 14 points at separation >= 2 in the closed equilateral triangle of side 799/100; hence d(14) > 799/100 and s(14) > 799/100 + 2*sqrt(3) = 11.454101615
