{
 "schema": "eoex/1",
 "n": 27,
 "d": "587/50",
 "d_float": 11.74,
 "max_level": 10,
 "max_cited": 15,
 "oler_caps": true,
 "oler_hull": true,
 "oler_hull_max_level": 3,
 "symmetry": true,
 "status": "timeout",
 "nodes": 13210624,
 "elapsed_s": 400.03,
 "frontier_count": 138,
 "frontier_digest": "ff095d5ba8e9dfb96cbd11c09512e46551154c919f1ff215043e21a50f72660f",
 "meta": {
  "python": "3.11.15",
  "platform": "Linux-6.18.44-fc-v21-x86_64-with-glibc2.39",
  "utc": "2026-08-21T13:53:50Z"
 }
}
NOT PROVED (timeout). Nothing follows from this run.
