{
 "schema": "eoex/1",
 "n": 20,
 "d": "97/10",
 "d_float": 9.7,
 "max_level": 10,
 "max_cited": 15,
 "oler_caps": true,
 "oler_hull": true,
 "oler_hull_max_level": 3,
 "symmetry": true,
 "status": "timeout",
 "nodes": 8368128,
 "elapsed_s": 400.025,
 "frontier_count": 125,
 "frontier_digest": "22e36fdb463f5c7abcc4f9e507a0157eb51998f7d4e2a8b50b61a6b51cbe34e6",
 "meta": {
  "python": "3.11.15",
  "platform": "Linux-6.18.44-fc-v21-x86_64-with-glibc2.39",
  "utc": "2026-08-21T13:53:50Z"
 }
}
NOT PROVED (timeout). Nothing follows from this run.
