{
  "status": "timeout",
  "n": 12,
  "d": "36/5",
  "d_float": 7.2,
  "max_level": 7,
  "max_cited": 2,
  "symmetry": true,
  "nodes": 235980000,
  "pruned_pair": 707939396,
  "pruned_cap": 16277,
  "max_split_level": 6,
  "stack_remaining": 62,
  "elapsed_seconds": 1200.0319648109999,
  "capacity_by_level": [
    null,
    null,
    1,
    1,
    1,
    1,
    1,
    1,
    1
  ],
  "witness": null,
  "meta": {
    "python": "3.14.5 (main, May 10 2026, 18:26:20) [GCC 16.1.1 20260430]",
    "implementation": "CPython",
    "platform": "Linux-6.18.33-1-MANJARO-x86_64-with-glibc2.43",
    "note": "search is exact integer arithmetic; no seeds, fully deterministic"
  }
}
