{
  "status": "timeout",
  "n": 16,
  "d": "44/5",
  "d_float": 8.8,
  "max_level": 7,
  "max_cited": 15,
  "symmetry": true,
  "nodes": 211800000,
  "pruned_pair": 662123689,
  "pruned_cap": 129435272,
  "max_split_level": 5,
  "stack_remaining": 104,
  "elapsed_seconds": 1200.0859534719993,
  "capacity_by_level": [
    null,
    6,
    3,
    1,
    1,
    1,
    1,
    1,
    1
  ],
  "witness": null,
  "meta": {
    "python": "3.14.5 (main, May 10 2026, 18:26:20) [GCC 16.1.1 20260430]",
    "implementation": "CPython",
    "platform": "Linux-6.18.33-1-MANJARO-x86_64-with-glibc2.43",
    "note": "search is exact integer arithmetic; no seeds, fully deterministic"
  }
}
