== certified constants ==
{
  "pi_lo": 3.141592653589793,
  "pi_hi": 3.141592653589793,
  "pi_euler_lo": 3.141592653589793,
  "pi_euler_hi": 3.141592653589793,
  "sqrt3_lo": 1.7320508075688772,
  "sqrt3_hi": 1.7320508075688772
}

== f(l): certified upper bounds and the resulting bound on A_15 ==
pi   in [3.141592653590, 3.141592653590]
sq3  in [1.732050807569, 1.732050807569]

certified upper bounds for f(l), N=128 slabs, grid 1/48:
  concave hull vertices: [(0.0, 0.7853981633974483), (0.375, 0.7853981633974483), (0.3958333333333333, 0.7847849136528221), (0.4166666666666667, 0.7834750305024065), (0.4375, 0.7820230532765703), (0.4583333333333333, 0.7804179104585761), (0.4791666666666667, 0.7786502863716102), (0.5, 0.7767118121771402), (0.5208333333333334, 0.7745940694408752), (0.5416666666666666, 0.7722629273934126), (0.5625, 0.7697360611302982), (0.5833333333333334, 0.7669907110467669), (0.6041666666666666, 0.7640122999851189), (0.625, 0.7607841247165913), (0.6458333333333334, 0.7573002179723263), (0.6666666666666666, 0.7535395378161868), (0.6875, 0.7494833913350142), (0.7083333333333334, 0.7451153843890687), (0.7291666666666666, 0.7404206431218148), (0.75, 0.7353646789624907), (0.7708333333333334, 0.729937091746566), (0.7916666666666666, 0.7241027403768546), (0.8125, 0.71783075724845), (0.8333333333333334, 0.7110934485783923), (0.8541666666666666, 0.7038440351903434), (0.875, 0.6960424701744806), (0.8958333333333334, 0.6876254989762693), (0.9166666666666666, 0.6785321251233235), (0.9375, 0.6686688808400071), (0.9583333333333334, 0.6579172630362244), (0.9791666666666666, 0.646102439369244), (1.0, 0.6322891146577897)]

  U0  15 * pi/4 (isodiametric only)                     A_15 <= 5.216032   above ceiling
  U1  3 * pi/6 + 12 * pi/4 (corners)                    A_15 <= 5.039166   above ceiling
  U2  corners + edge traces (THIS ATTACK)               A_15 <= 4.914308   above ceiling
  C1  [conditional] all pieces capped at A_6 = 0.6749815  A_15 <= 4.835498   above ceiling
  C2  [conditional] U2 with every piece also capped at A_6  A_15 <= 4.725805   above ceiling

  ceiling to beat (16-point packing)                     4.6247636
  repo's certified covering (lower bound on A_15)        4.4633500

  K3 tripwire: every bound is > 4.46335 (consistent with the certified 15-piece covering).

== the method's own ceiling ==
Ceiling of the method -- no argument of this shape can prove less:

  X1  corner+edge structure, exact f          (rigorous)      A_15 <= 4.836854 is UNREACHABLE   (still above 4.6247636)
  X2  X1 + every piece capped at A_6          (conditional)   A_15 <= 4.725804 is UNREACHABLE   (still above 4.6247636)
  X3  X2 + corner capped at 0.45              (conditional+numerical)  A_15 <= 4.671543 is UNREACHABLE   (still above 4.6247636)

  f_lo(0.70) = 0.716524   f_lo(0.65) = 0.731991   pi/4 = 0.785398

== numerical slack check (lower bounds on f, status: numerical) ==
numerical lower bounds on f(l)  (star polygons, K=20):
  f(0.0000) >= 0.777875
  f(0.0833) >= 0.775070
  f(0.1667) >= 0.772660
  f(0.2500) >= 0.770349
  f(0.3333) >= 0.765533
  f(0.4167) >= 0.755093
  f(0.5000) >= 0.742670
  f(0.5833) >= 0.724656
  f(0.6667) >= 0.701939
  f(0.7500) >= 0.672459
  f(0.8333) >= 0.635838
  f(0.9167) >= 0.588461
  f(1.0000) >= 0.524467
