pi   in [3.141592653590, 3.141592653590]
sq3  in [1.732050807569, 1.732050807569]

certified upper bounds for f(l), N=128 slabs, grid 1/48:
    f(0/48) <= 0.7853982
    f(1/48) <= 0.7853982
    f(2/48) <= 0.7853982
    f(3/48) <= 0.7853982
    f(4/48) <= 0.7853982
    f(5/48) <= 0.7853982
    f(6/48) <= 0.7853982
    f(7/48) <= 0.7853982
    f(8/48) <= 0.7853982
    f(9/48) <= 0.7853982
    f(10/48) <= 0.7853982
    f(11/48) <= 0.7853982
    f(12/48) <= 0.7853982
    f(13/48) <= 0.7853982
    f(14/48) <= 0.7853982
    f(15/48) <= 0.7853982
    f(16/48) <= 0.7853982
    f(17/48) <= 0.7853982
    f(18/48) <= 0.7847849
    f(19/48) <= 0.7834750
    f(20/48) <= 0.7820231
    f(21/48) <= 0.7804179
    f(22/48) <= 0.7786503
    f(23/48) <= 0.7767118
    f(24/48) <= 0.7745941
    f(25/48) <= 0.7722629
    f(26/48) <= 0.7697361
    f(27/48) <= 0.7669907
    f(28/48) <= 0.7640123
    f(29/48) <= 0.7607841
    f(30/48) <= 0.7573002
    f(31/48) <= 0.7535395
    f(32/48) <= 0.7494834
    f(33/48) <= 0.7451154
    f(34/48) <= 0.7404206
    f(35/48) <= 0.7353647
    f(36/48) <= 0.7299371
    f(37/48) <= 0.7241027
    f(38/48) <= 0.7178308
    f(39/48) <= 0.7110934
    f(40/48) <= 0.7038440
    f(41/48) <= 0.6960425
    f(42/48) <= 0.6876255
    f(43/48) <= 0.6785321
    f(44/48) <= 0.6686689
    f(45/48) <= 0.6579173
    f(46/48) <= 0.6461024
    f(47/48) <= 0.6322891
    f(48/48) <= 0.6141848
  concave hull vertices: [(0.0, 0.7853981633974483), (0.375, 0.7853981633974483), (0.3958333333333333, 0.7847849136528221), (0.4166666666666667, 0.7834750305024065), (0.4375, 0.7820230532765703), (0.4583333333333333, 0.7804179104585761), (0.4791666666666667, 0.7786502863716102), (0.5, 0.7767118121771402), (0.5208333333333334, 0.7745940694408752), (0.5416666666666666, 0.7722629273934126), (0.5625, 0.7697360611302982), (0.5833333333333334, 0.7669907110467669), (0.6041666666666666, 0.7640122999851189), (0.625, 0.7607841247165913), (0.6458333333333334, 0.7573002179723263), (0.6666666666666666, 0.7535395378161868), (0.6875, 0.7494833913350142), (0.7083333333333334, 0.7451153843890687), (0.7291666666666666, 0.7404206431218148), (0.75, 0.7353646789624907), (0.7708333333333334, 0.729937091746566), (0.7916666666666666, 0.7241027403768546), (0.8125, 0.71783075724845), (0.8333333333333334, 0.7110934485783923), (0.8541666666666666, 0.7038440351903434), (0.875, 0.6960424701744806), (0.8958333333333334, 0.6876254989762693), (0.9166666666666666, 0.6785321251233235), (0.9375, 0.6686688808400071), (0.9583333333333334, 0.6579172630362244), (0.9791666666666666, 0.646102439369244), (1.0, 0.6322891146577897)]

  U0  15 * pi/4 (isodiametric only)                     A_15 <= 5.216032   above ceiling
  U1  3 * pi/6 + 12 * pi/4 (corners)                    A_15 <= 5.039166   above ceiling
  U2  corners + edge traces (THIS ATTACK)               A_15 <= 4.914308   above ceiling
  C1  [conditional] all pieces capped at A_6 = 0.6749815  A_15 <= 4.835498   above ceiling
  C2  [conditional] U2 with every piece also capped at A_6  A_15 <= 4.725805   above ceiling

  ceiling to beat (16-point packing)                     4.6247636
  repo's certified covering (lower bound on A_15)        4.4633500

  K3 tripwire: every bound is > 4.46335 (consistent with the certified 15-piece covering).
