      dir     0/3600  running side_ub <= 1.709212791  (0s)
      dir   100/3600  running side_ub <= 1.716571594  (2s)
      dir   200/3600  running side_ub <= 1.716571594  (3s)
      dir   300/3600  running side_ub <= 1.716571594  (5s)
      dir   400/3600  running side_ub <= 1.716571594  (6s)
      dir   500/3600  running side_ub <= 1.716571594  (8s)
      dir   600/3600  running side_ub <= 1.716571597  (9s)
      dir   700/3600  running side_ub <= 1.716571597  (11s)
      dir   800/3600  running side_ub <= 1.716727242  (12s)
      dir   900/3600  running side_ub <= 1.716727242  (14s)
      dir  1000/3600  running side_ub <= 1.716727242  (15s)
      dir  1100/3600  running side_ub <= 1.716727242  (17s)
      dir  1200/3600  running side_ub <= 1.716727242  (18s)
      dir  1300/3600  running side_ub <= 1.716727242  (20s)
      dir  1400/3600  running side_ub <= 1.716727242  (22s)
      dir  1500/3600  running side_ub <= 1.716727242  (23s)
      dir  1600/3600  running side_ub <= 1.716727242  (25s)
      dir  1700/3600  running side_ub <= 1.716727242  (26s)
      dir  1800/3600  running side_ub <= 1.716727242  (28s)
      dir  1900/3600  running side_ub <= 1.716727242  (29s)
      dir  2000/3600  running side_ub <= 1.716727242  (31s)
      dir  2100/3600  running side_ub <= 1.716727242  (32s)
      dir  2200/3600  running side_ub <= 1.716727242  (34s)
      dir  2300/3600  running side_ub <= 1.716727242  (35s)
      dir  2400/3600  running side_ub <= 1.716727242  (37s)
      dir  2500/3600  running side_ub <= 1.716727242  (38s)
      dir  2600/3600  running side_ub <= 1.716727242  (40s)
      dir  2700/3600  running side_ub <= 1.716727242  (41s)
      dir  2800/3600  running side_ub <= 1.716727242  (43s)
      dir  2900/3600  running side_ub <= 1.716727242  (45s)
      dir  3000/3600  running side_ub <= 1.716727242  (46s)
      dir  3100/3600  running side_ub <= 1.716727242  (47s)
      dir  3200/3600  running side_ub <= 1.716727242  (49s)
      dir  3300/3600  running side_ub <= 1.716727242  (50s)
      dir  3400/3600  running side_ub <= 1.716727242  (52s)
      dir  3500/3600  running side_ub <= 1.716727242  (54s)
{
 "J": 192,
 "D": 3600,
 "eps": "1/24",
 "s_ub": "12/5",
 "s_apriori_bound": "50000003407250000000000000000000000000000000000000/21650636569993443252296432497048539830658682081719",
 "gamma_upper": "582134689/333332813958",
 "gamma_upper_display": 0.001746406788121823,
 "r_inflation": "291067344500000000000000/240562237335483417491061649",
 "r_display": 0.0012099461150840692,
 "side2_upper_bound": [
  "7050341301341251818834601958148854705972106367513204919228228557002968084557614824219123167173547133650867849457114417782891360565148207327938960665777423/20502499620048605602271883630079586274168151747612152314762019376007929287908303868414237491803367630813521717715189603317458695630375781675000000000000",
  "-16110301958010977581113389957574061014005918701685092807437855845544738153658839541057030331445658880714449040432521307823244219005268843034615188527053/81846305868457507394298936647024296503665276437573462334379318866299118913805604265126696574065339843566952964930896620029775232057388350000000000000"
 ],
 "side2_upper_rational": "368394053/125000000",
 "side2_upper_rational_display": 2.947152424,
 "side2_rational_lt_3": true,
 "side2_upper_display": 2.94715242360229,
 "side_upper_display": 1.7167272420516575,
 "argmax_direction": 780,
 "three_minus_side2": [
  "-6988833802481106002027786307258615947149601912270368462283942498874944296693889912613880454698137030758427284303968848972938984478257079982913960665777423/20502499620048605602271883630079586274168151747612152314762019376007929287908303868414237491803367630813521717715189603317458695630375781675000000000000",
  "16110301958010977581113389957574061014005918701685092807437855845544738153658839541057030331445658880714449040432521307823244219005268843034615188527053/81846305868457507394298936647024296503665276437573462334379318866299118913805604265126696574065339843566952964930896620029775232057388350000000000000"
 ],
 "three_minus_side2_display": 0.05284757639770987,
 "m_over_w_upper_display": 0.8583636210258287,
 "disk_ratio_display": 0.8660254037844386,
 "proves_disk_not_extremal": true,
 "seconds": 55.089585304260254
}
STAGE cw OK
