  [  1/190] ctl-equilateral                          pts=18  0s
  [ 11/190] cvx-iso-t5773502691896257_10000000000000000 pts=282  14s
  [ 21/190] cvx-iso-t577_1000                        pts=462  16s
  [ 31/190] cvx-square-1000x1                        pts=660  19s
  [ 41/190] rand-convex-000                          pts=1064  44s
  [ 51/190] rand-convex-010                          pts=1150  46s
  [ 61/190] rand-convex-020                          pts=1224  47s
  [ 71/190] rand-convex-030                          pts=1298  49s
  [ 81/190] rand-convex-040                          pts=1368  50s
  [ 91/190] rand-convex-050                          pts=1438  51s
  [101/190] rand-convex-060                          pts=1516  52s
  [111/190] rand-convex-070                          pts=1600  54s
  [121/190] rand-convex-080                          pts=1688  56s
  [131/190] rand-convex-090                          pts=1776  58s
  [141/190] rand-convex-100                          pts=1860  60s
  [151/190] rand-convex-110                          pts=1948  62s
  [161/190] rand-convex-120                          pts=2034  64s
  [171/190] rand-convex-130                          pts=2118  66s
  [181/190] rand-convex-140                          pts=2194  67s
  [190/190] rand-convex-149                          pts=2270  69s
{
 "n_fixtures": 190,
 "n_points": 2270,
 "n_vertices": 783,
 "n_edge_samples": 1487,
 "disagree_pairmax": 0,
 "disagree_deciders": 0,
 "verify_rejects": 0,
 "disagree_recorded_good": 0,
 "seed": 20260830
}
STAGE fixtures OK
