
=== n=7  d=5.454102  (just-below-d(n))   Oler=4.5498 ===
  n7/grid/ref1                       N=   6 alpha=  6 theta'>=  6.0000 gain=-0.0000 [optimal] 0.0s
  n7/grid/ref2                       N=  21 alpha=  6 theta'>=  6.0000 gain=-0.0000 [optimal] 0.1s
  n7/grid/ref3                       N=  45 alpha=  6 theta'>=  6.0000 gain=-0.0000 [optimal] 1.5s
  n7/ring/m5/R0.35                   N=   5 alpha=  1 theta'>=  1.0000 gain=+0.0000 [optimal] 0.0s
  n7/ring/m5/R0.55                   N=   5 alpha=  1 theta'>=  1.0000 gain=+0.0000 [optimal] 0.0s
  n7/ring/m5/R0.75                   N=   5 alpha=  2 theta'>=  2.2361 gain=+0.2361 [optimal] 0.0s
  n7/ring/m5/R0.95                   N=   5 alpha=  2 theta'>=  2.2361 gain=+0.2361 [optimal] 0.0s
  n7/ring/m7/R0.35                   N=   7 alpha=  1 theta'>=  1.0000 gain=+0.0000 [optimal] 0.0s
  n7/ring/m7/R0.55                   N=   7 alpha=  1 theta'>=  1.0000 gain=+0.0000 [optimal] 0.0s
  n7/ring/m7/R0.75                   N=   7 alpha=  2 theta'>=  2.1099 gain=+0.1099 [optimal] 0.0s
  n7/ring/m7/R0.95                   N=   7 alpha=  3 theta'>=  3.3177 gain=+0.3177 [optimal] 0.0s
  n7/ring/m9/R0.35                   N=   9 alpha=  1 theta'>=  1.0000 gain=+0.0000 [optimal] 0.0s
  n7/ring/m9/R0.55                   N=   9 alpha=  1 theta'>=  1.0000 gain=+0.0000 [optimal] 0.0s
  n7/ring/m9/R0.75                   N=   9 alpha=  3 theta'>=  3.0000 gain=-0.0000 [optimal] 0.0s
  n7/ring/m9/R0.95                   N=   9 alpha=  3 theta'>=  3.0000 gain=-0.0000 [optimal] 0.0s
  n7/ring/m11/R0.35                  N=  11 alpha=  1 theta'>=  1.0000 gain=+0.0000 [optimal] 0.0s
  n7/ring/m11/R0.55                  N=  11 alpha=  1 theta'>=  1.0000 gain=+0.0000 [optimal] 0.0s
  n7/ring/m11/R0.75                  N=  11 alpha=  2 theta'>=  2.4082 gain=+0.4082 [optimal] 0.0s
  n7/ring/m11/R0.95                  N=  11 alpha=  3 theta'>=  3.4518 gain=+0.4518 [optimal] 0.0s
  n7/ring/m13/R0.35                  N=  13 alpha=  1 theta'>=  1.0000 gain=+0.0000 [optimal] 0.0s
  n7/ring/m13/R0.55                  N=  13 alpha=  1 theta'>=  1.0000 gain=+0.0000 [optimal] 0.0s
  n7/ring/m13/R0.75                  N=  13 alpha=  2 theta'>=  2.2877 gain=+0.2877 [optimal] 0.0s
  n7/ring/m13/R0.95                  N=  13 alpha=  3 theta'>=  3.1060 gain=+0.1060 [optimal] 0.0s
  n7/ring/m15/R0.35                  N=  15 alpha=  1 theta'>=  1.0000 gain=+0.0000 [optimal] 0.0s
  n7/ring/m15/R0.55                  N=  15 alpha=  1 theta'>=  1.0000 gain=+0.0000 [optimal] 0.0s
  n7/ring/m15/R0.75                  N=  15 alpha=  3 theta'>=  3.0000 gain=-0.0000 [optimal] 0.0s
  n7/ring/m15/R0.95                  N=  15 alpha=  3 theta'>=  3.5294 gain=+0.5294 [optimal] 0.0s
  n7/ring/m17/R0.35                  N=  17 alpha=  1 theta'>=  1.0000 gain=+0.0000 [optimal] 0.0s
  n7/ring/m17/R0.55                  N=  17 alpha=  1 theta'>=  1.0000 gain=+0.0000 [optimal] 0.0s
  n7/ring/m17/R0.75                  N=  17 alpha=  2 theta'>=  2.4875 gain=+0.4875 [optimal] 0.0s
  n7/ring/m17/R0.95                  N=  17 alpha=  4 theta'>=  4.1329 gain=+0.1329 [optimal] 0.0s
  n7/ring/m19/R0.35                  N=  19 alpha=  1 theta'>=  1.0000 gain=-0.0000 [optimal] 0.0s
  n7/ring/m19/R0.55                  N=  19 alpha=  1 theta'>=  1.0000 gain=-0.0000 [optimal] 0.1s
  n7/ring/m19/R0.75                  N=  19 alpha=  2 theta'>=  2.3749 gain=+0.3749 [optimal] 0.1s
  n7/ring/m19/R0.95                  N=  19 alpha=  3 theta'>=  3.5814 gain=+0.5814 [optimal] 0.1s
  n7/ring/m21/R0.35                  N=  21 alpha=  1 theta'>=  1.0000 gain=+0.0000 [optimal] 0.0s
  n7/ring/m21/R0.55                  N=  21 alpha=  1 theta'>=  1.0000 gain=+0.0000 [optimal] 0.1s
  n7/ring/m21/R0.75                  N=  21 alpha=  3 theta'>=  3.0000 gain=-0.0000 [optimal] 0.1s
  n7/ring/m21/R0.95                  N=  21 alpha=  4 theta'>=  4.0963 gain=+0.0963 [optimal] 0.1s
  n7/ring/m23/R0.35                  N=  23 alpha=  1 theta'>=  1.0000 gain=+0.0000 [optimal] 0.1s
  n7/ring/m23/R0.55                  N=  23 alpha=  1 theta'>=  1.0000 gain=+0.0000 [optimal] 0.1s
  n7/ring/m23/R0.75                  N=  23 alpha=  2 theta'>=  2.5365 gain=+0.5365 [optimal] 0.1s
  n7/ring/m23/R0.95                  N=  23 alpha=  3 theta'>=  3.6193 gain=+0.6193 [optimal] 0.1s
  n7/conc/5+10/0.35,0.85             N=  15 alpha=  3 theta'>=  3.1672 gain=+0.1672 [optimal] 0.0s
  n7/conc/5+10/0.35,0.85+c           N=  16 alpha=  3 theta'>=  3.1672 gain=+0.1672 [optimal] 0.0s
  n7/conc/5+10/0.45,0.9              N=  15 alpha=  3 theta'>=  3.1672 gain=+0.1672 [optimal] 0.0s
  n7/conc/5+10/0.45,0.9+c            N=  16 alpha=  3 theta'>=  3.1672 gain=+0.1672 [optimal] 0.0s
  n7/conc/5+10/0.3,0.7               N=  15 alpha=  2 theta'>=  2.2361 gain=+0.2361 [optimal] 0.0s
  n7/conc/5+10/0.3,0.7+c             N=  16 alpha=  2 theta'>=  2.2361 gain=+0.2361 [optimal] 0.0s
  n7/conc/7+14/0.35,0.85             N=  21 alpha=  3 theta'>=  3.3177 gain=+0.3177 [optimal] 0.1s
  n7/conc/7+14/0.35,0.85+c           N=  22 alpha=  3 theta'>=  3.3177 gain=+0.3177 [optimal] 0.1s
  n7/conc/7+14/0.45,0.9              N=  21 alpha=  3 theta'>=  3.3177 gain=+0.3177 [optimal] 0.1s
  n7/conc/7+14/0.45,0.9+c            N=  22 alpha=  3 theta'>=  3.3177 gain=+0.3177 [optimal] 0.1s
  n7/conc/7+14/0.3,0.7               N=  21 alpha=  2 theta'>=  2.1099 gain=+0.1099 [optimal] 0.1s
  n7/conc/7+14/0.3,0.7+c             N=  22 alpha=  2 theta'>=  2.1099 gain=+0.1099 [optimal] 0.1s
  n7/conc/5+11/0.35,0.85             N=  16 alpha=  3 theta'>=  3.4518 gain=+0.4518 [optimal] 0.0s
  n7/conc/5+11/0.35,0.85+c           N=  17 alpha=  3 theta'>=  3.4518 gain=+0.4518 [optimal] 0.0s
  n7/conc/5+11/0.45,0.9              N=  16 alpha=  3 theta'>=  3.4518 gain=+0.4518 [optimal] 0.1s
  n7/conc/5+11/0.45,0.9+c            N=  17 alpha=  3 theta'>=  3.4518 gain=+0.4518 [optimal] 0.1s
  n7/conc/5+11/0.3,0.7               N=  16 alpha=  2 theta'>=  2.4082 gain=+0.4082 [optimal] 0.0s
  n7/conc/5+11/0.3,0.7+c             N=  17 alpha=  2 theta'>=  2.4082 gain=+0.4082 [optimal] 0.1s
  n7/conc/6+12/0.35,0.85             N=  18 alpha=  3 theta'>=  3.0000 gain=-0.0000 [optimal] 0.0s
  n7/conc/6+12/0.35,0.85+c           N=  19 alpha=  3 theta'>=  3.0000 gain=-0.0000 [optimal] 0.0s
  n7/conc/6+12/0.45,0.9              N=  18 alpha=  4 theta'>=  4.0000 gain=-0.0000 [optimal] 0.1s
  n7/conc/6+12/0.45,0.9+c            N=  19 alpha=  4 theta'>=  4.0000 gain=-0.0000 [optimal] 0.1s
  n7/conc/6+12/0.3,0.7               N=  18 alpha=  2 theta'>=  2.1436 gain=+0.1436 [optimal] 0.0s
  n7/conc/6+12/0.3,0.7+c             N=  19 alpha=  2 theta'>=  2.1436 gain=+0.1436 [optimal] 0.1s
  n7/conc/9+9/0.35,0.85              N=  18 alpha=  3 theta'>=  3.0000 gain=-0.0000 [optimal] 0.0s
  n7/conc/9+9/0.35,0.85+c            N=  19 alpha=  3 theta'>=  3.0000 gain=-0.0000 [optimal] 0.0s
  n7/conc/9+9/0.45,0.9               N=  18 alpha=  3 theta'>=  3.0000 gain=-0.0000 [optimal] 0.0s
  n7/conc/9+9/0.45,0.9+c             N=  19 alpha=  3 theta'>=  3.0000 gain=-0.0000 [optimal] 0.1s
  n7/conc/9+9/0.3,0.7                N=  18 alpha=  2 theta'>=  2.0642 gain=+0.0642 [optimal] 0.0s
  n7/conc/9+9/0.3,0.7+c              N=  19 alpha=  2 theta'>=  2.0642 gain=+0.0642 [optimal] 0.1s
  n7/conc/7+12/0.35,0.85             N=  19 alpha=  3 theta'>=  3.0000 gain=-0.0000 [optimal] 0.0s
  n7/conc/7+12/0.35,0.85+c           N=  20 alpha=  3 theta'>=  3.0000 gain=-0.0000 [optimal] 0.1s
  n7/conc/7+12/0.45,0.9              N=  19 alpha=  4 theta'>=  4.0000 gain=-0.0000 [optimal] 0.1s
  n7/conc/7+12/0.45,0.9+c            N=  20 alpha=  4 theta'>=  4.0000 gain=-0.0000 [optimal] 0.1s
  n7/conc/7+12/0.3,0.7               N=  19 alpha=  2 theta'>=  2.1436 gain=+0.1436 [optimal] 0.1s
  n7/conc/7+12/0.3,0.7+c             N=  20 alpha=  2 theta'>=  2.1436 gain=+0.1436 [optimal] 0.1s
  n7/edge/3/in0.0                    N=   9 alpha=  3 theta'>=  3.0000 gain=-0.0000 [optimal] 0.0s
  n7/edge/3/in0.4                    N=   9 alpha=  3 theta'>=  3.0000 gain=-0.0000 [optimal] 0.0s
  n7/edge/3/in0.8                    N=   9 alpha=  3 theta'>=  3.0000 gain=-0.0000 [optimal] 0.0s
  n7/edge/4/in0.0                    N=  12 alpha=  6 theta'>=  6.0000 gain=-0.0000 [optimal] 0.0s
  n7/edge/4/in0.4                    N=  12 alpha=  6 theta'>=  6.0000 gain=-0.0000 [optimal] 0.0s
  n7/edge/4/in0.8                    N=  12 alpha=  4 theta'>=  4.0000 gain=-0.0000 [optimal] 0.0s
  n7/edge/5/in0.0                    N=  15 alpha=  6 theta'>=  6.0000 gain=-0.0000 [optimal] 0.0s
  n7/edge/5/in0.4                    N=  15 alpha=  3 theta'>=  3.0000 gain=-0.0000 [optimal] 0.0s
  n7/edge/5/in0.8                    N=  15 alpha=  3 theta'>=  3.0000 gain=-0.0000 [optimal] 0.0s
  n7/edge/6/in0.0                    N=  18 alpha=  6 theta'>=  6.0000 gain=-0.0000 [optimal] 0.0s
  n7/edge/6/in0.4                    N=  18 alpha=  6 theta'>=  6.0000 gain=-0.0000 [optimal] 0.1s
  n7/edge/6/in0.8                    N=  18 alpha=  4 theta'>=  4.0000 gain=-0.0000 [optimal] 0.1s
  n7/edge/7/in0.0                    N=  21 alpha=  6 theta'>=  6.0000 gain=-0.0000 [optimal] 0.1s
  n7/edge/7/in0.4                    N=  21 alpha=  6 theta'>=  6.0000 gain=-0.0000 [optimal] 0.1s
  n7/edge/7/in0.8                    N=  21 alpha=  3 theta'>=  3.0000 gain=-0.0000 [optimal] 0.1s
  n7/edge/8/in0.0                    N=  24 alpha=  6 theta'>=  6.0000 gain=-0.0000 [optimal] 0.1s
  n7/edge/8/in0.4                    N=  24 alpha=  6 theta'>=  6.0000 gain=-0.0000 [optimal] 0.1s
  n7/edge/8/in0.8                    N=  24 alpha=  4 theta'>=  4.0000 gain=-0.0000 [optimal] 0.1s
  n7/edge/9/in0.0                    N=  27 alpha=  6 theta'>=  6.0000 gain=-0.0000 [optimal] 0.2s
  n7/edge/9/in0.4                    N=  27 alpha=  6 theta'>=  6.0000 gain=-0.0000 [optimal] 0.2s
  n7/edge/9/in0.8                    N=  27 alpha=  3 theta'>=  3.0000 gain=-0.0000 [optimal] 0.1s
  n7/edge/10/in0.0                   N=  30 alpha=  6 theta'>=  6.0000 gain=-0.0000 [optimal] 0.3s
  n7/edge/10/in0.4                   N=  30 alpha=  6 theta'>=  6.0000 gain=-0.0000 [optimal] 0.2s
  n7/edge/10/in0.8                   N=  30 alpha=  4 theta'>=  4.0000 gain=-0.0000 [optimal] 0.3s
  n7/edge/12/in0.0                   N=  36 alpha=  6 theta'>=  6.0000 gain=-0.0000 [optimal] 0.6s
  n7/edge/12/in0.4                   N=  36 alpha=  6 theta'>=  6.0000 gain=-0.0000 [optimal] 0.4s
  n7/edge/12/in0.8                   N=  36 alpha=  4 theta'>=  4.0000 gain=-0.0000 [optimal] 0.6s
  n7/fan/1/[1.0, 2.2]                N=   6 alpha=  3 theta'>=  3.0000 gain=-0.0000 [optimal] 0.0s
  n7/fan/1/[0.0, 2.0, 3.5]           N=   9 alpha=  4 theta'>=  4.0000 gain=-0.0000 [optimal] 0.0s
  n7/fan/1/[1.2, 2.6, 4.0]           N=   9 alpha=  3 theta'>=  3.0000 gain=-0.0000 [optimal] 0.0s
  n7/fan/2/[1.0, 2.2]                N=  12 alpha=  3 theta'>=  3.0000 gain=-0.0000 [optimal] 0.0s
  n7/fan/2/[0.0, 2.0, 3.5]           N=  18 alpha=  6 theta'>=  6.0000 gain=-0.0000 [optimal] 0.0s
  n7/fan/2/[1.2, 2.6, 4.0]           N=  18 alpha=  3 theta'>=  3.0000 gain=-0.0000 [optimal] 0.0s
  n7/fan/3/[1.0, 2.2]                N=  18 alpha=  3 theta'>=  3.0000 gain=-0.0000 [optimal] 0.0s
  n7/fan/3/[0.0, 2.0, 3.5]           N=  27 alpha=  6 theta'>=  6.0000 gain=-0.0000 [optimal] 0.1s
  n7/fan/3/[1.2, 2.6, 4.0]           N=  27 alpha=  3 theta'>=  3.0000 gain=-0.0000 [optimal] 0.2s
  n7/pgrid/ref1/s0.05/0              N=   6 alpha=  3 theta'>=  3.0000 gain=-0.0000 [optimal] 0.0s
  n7/pgrid/ref1/s0.05/1              N=   6 alpha=  3 theta'>=  3.0000 gain=-0.0000 [optimal] 0.0s
  n7/pgrid/ref1/s0.12/0              N=   6 alpha=  3 theta'>=  3.0000 gain=-0.0000 [optimal] 0.0s
  n7/pgrid/ref1/s0.12/1              N=   6 alpha=  3 theta'>=  3.0000 gain=-0.0000 [optimal] 0.0s
  n7/pgrid/ref1/s0.25/0              N=   6 alpha=  3 theta'>=  3.0000 gain=-0.0000 [optimal] 0.0s
  n7/pgrid/ref1/s0.25/1              N=   6 alpha=  3 theta'>=  3.0000 gain=-0.0000 [optimal] 0.0s
  n7/pgrid/ref1/s0.4/0               N=   6 alpha=  3 theta'>=  3.0000 gain=-0.0000 [optimal] 0.0s
  n7/pgrid/ref1/s0.4/1               N=   6 alpha=  3 theta'>=  3.0000 gain=-0.0000 [optimal] 0.0s
  n7/pgrid/ref2/s0.05/0              N=  21 alpha=  6 theta'>=  6.0000 gain=-0.0000 [optimal] 0.1s
  n7/pgrid/ref2/s0.05/1              N=  21 alpha=  5 theta'>=  5.0000 gain=-0.0000 [optimal] 0.1s
  n7/pgrid/ref2/s0.12/0              N=  21 alpha=  5 theta'>=  5.0000 gain=-0.0000 [optimal] 0.1s
  n7/pgrid/ref2/s0.12/1              N=  21 alpha=  5 theta'>=  5.0000 gain=-0.0000 [optimal] 0.1s
  n7/pgrid/ref2/s0.25/0              N=  21 alpha=  4 theta'>=  4.0000 gain=-0.0000 [optimal] 0.1s
  n7/pgrid/ref2/s0.25/1              N=  21 alpha=  5 theta'>=  5.0000 gain=-0.0000 [optimal] 0.1s
  n7/pgrid/ref2/s0.4/0               N=  21 alpha=  4 theta'>=  4.0000 gain=-0.0000 [optimal] 0.1s
  n7/pgrid/ref2/s0.4/1               N=  21 alpha=  4 theta'>=  4.0000 gain=-0.0000 [optimal] 0.1s
  n7/rnd/N12/0                       N=  12 alpha=  3 theta'>=  3.0000 gain=-0.0000 [optimal] 0.0s
  n7/rnd/N12/1                       N=  12 alpha=  3 theta'>=  3.0000 gain=-0.0000 [optimal] 0.0s
  n7/rnd/N12/2                       N=  12 alpha=  2 theta'>=  2.0000 gain=-0.0000 [optimal] 0.0s
  n7/rnd/N18/0                       N=  18 alpha=  3 theta'>=  3.0000 gain=-0.0000 [optimal] 0.1s
  n7/rnd/N18/1                       N=  18 alpha=  4 theta'>=  4.0000 gain=-0.0000 [optimal] 0.1s
  n7/rnd/N18/2                       N=  18 alpha=  3 theta'>=  3.0000 gain=-0.0000 [optimal] 0.1s
  n7/rnd/N24/0                       N=  24 alpha=  4 theta'>=  4.0000 gain=-0.0000 [optimal] 0.2s
  n7/rnd/N24/1                       N=  24 alpha=  4 theta'>=  4.0000 gain=-0.0000 [optimal] 0.1s
  n7/rnd/N24/2                       N=  24 alpha=  4 theta'>=  4.0000 gain=-0.0000 [optimal] 0.1s
  n7/rnd/N30/0                       N=  30 alpha=  4 theta'>=  4.0000 gain=-0.0000 [optimal] 0.3s
  n7/rnd/N30/1                       N=  30 alpha=  4 theta'>=  4.0000 gain=-0.0000 [optimal] 0.2s
  n7/rnd/N30/2                       N=  30 alpha=  5 theta'>=  5.0000 gain=-0.0000 [optimal] 0.2s

=== n=8  d=5.819708  (just-below-d(n))   Oler=5.0623 ===
  n8/grid/ref1                       N=   6 alpha=  6 theta'>=  6.0000 gain=-0.0000 [optimal] 0.0s
  n8/grid/ref2                       N=  21 alpha=  6 theta'>=  6.0000 gain=-0.0000 [optimal] 0.1s
  n8/grid/ref3                       N=  45 alpha=  6 theta'>=  6.0000 gain=-0.0000 [optimal] 1.5s
  n8/ring/m5/R0.35                   N=   5 alpha=  1 theta'>=  1.0000 gain=+0.0000 [optimal] 0.0s
  n8/ring/m5/R0.55                   N=   5 alpha=  1 theta'>=  1.0000 gain=+0.0000 [optimal] 0.0s
  n8/ring/m5/R0.75                   N=   5 alpha=  2 theta'>=  2.2361 gain=+0.2361 [optimal] 0.0s
  n8/ring/m5/R0.95                   N=   5 alpha=  2 theta'>=  2.2361 gain=+0.2361 [optimal] 0.0s
  n8/ring/m7/R0.35                   N=   7 alpha=  1 theta'>=  1.0000 gain=+0.0000 [optimal] 0.0s
  n8/ring/m7/R0.55                   N=   7 alpha=  1 theta'>=  1.0000 gain=+0.0000 [optimal] 0.0s
  n8/ring/m7/R0.75                   N=   7 alpha=  2 theta'>=  2.1099 gain=+0.1099 [optimal] 0.0s
  n8/ring/m7/R0.95                   N=   7 alpha=  3 theta'>=  3.3177 gain=+0.3177 [optimal] 0.0s
  n8/ring/m9/R0.35                   N=   9 alpha=  1 theta'>=  1.0000 gain=+0.0000 [optimal] 0.0s
  n8/ring/m9/R0.55                   N=   9 alpha=  1 theta'>=  1.0000 gain=+0.0000 [optimal] 0.0s
  n8/ring/m9/R0.75                   N=   9 alpha=  3 theta'>=  3.0000 gain=-0.0000 [optimal] 0.0s
  n8/ring/m9/R0.95                   N=   9 alpha=  4 theta'>=  4.3601 gain=+0.3601 [optimal] 0.0s
  n8/ring/m11/R0.35                  N=  11 alpha=  1 theta'>=  1.0000 gain=+0.0000 [optimal] 0.0s
  n8/ring/m11/R0.55                  N=  11 alpha=  1 theta'>=  1.0000 gain=+0.0000 [optimal] 0.0s
  n8/ring/m11/R0.75                  N=  11 alpha=  2 theta'>=  2.4082 gain=+0.4082 [optimal] 0.0s
  n8/ring/m11/R0.95                  N=  11 alpha=  3 theta'>=  3.4518 gain=+0.4518 [optimal] 0.0s
  n8/ring/m13/R0.35                  N=  13 alpha=  1 theta'>=  1.0000 gain=+0.0000 [optimal] 0.0s
  n8/ring/m13/R0.55                  N=  13 alpha=  1 theta'>=  1.0000 gain=+0.0000 [optimal] 0.0s
  n8/ring/m13/R0.75                  N=  13 alpha=  3 theta'>=  3.1060 gain=+0.1060 [optimal] 0.0s
  n8/ring/m13/R0.95                  N=  13 alpha=  4 theta'>=  4.2011 gain=+0.2011 [optimal] 0.0s
  n8/ring/m15/R0.35                  N=  15 alpha=  1 theta'>=  1.0000 gain=+0.0000 [optimal] 0.0s
  n8/ring/m15/R0.55                  N=  15 alpha=  1 theta'>=  1.0000 gain=+0.0000 [optimal] 0.0s
  n8/ring/m15/R0.75                  N=  15 alpha=  3 theta'>=  3.0000 gain=-0.0000 [optimal] 0.0s
  n8/ring/m15/R0.95                  N=  15 alpha=  3 theta'>=  3.5294 gain=+0.5294 [optimal] 0.0s
  n8/ring/m17/R0.35                  N=  17 alpha=  1 theta'>=  1.0000 gain=+0.0000 [optimal] 0.0s
  n8/ring/m17/R0.55                  N=  17 alpha=  1 theta'>=  1.0000 gain=+0.0000 [optimal] 0.0s
  n8/ring/m17/R0.75                  N=  17 alpha=  3 theta'>=  3.2134 gain=+0.2134 [optimal] 0.0s
  n8/ring/m17/R0.95                  N=  17 alpha=  4 theta'>=  4.1329 gain=+0.1329 [optimal] 0.0s
  n8/ring/m19/R0.35                  N=  19 alpha=  1 theta'>=  1.0000 gain=-0.0000 [optimal] 0.0s
  n8/ring/m19/R0.55                  N=  19 alpha=  1 theta'>=  1.0000 gain=-0.0000 [optimal] 0.0s
  n8/ring/m19/R0.75                  N=  19 alpha=  3 theta'>=  3.0556 gain=+0.0556 [optimal] 0.1s
  n8/ring/m19/R0.95                  N=  19 alpha=  3 theta'>=  3.5814 gain=+0.5814 [optimal] 0.1s
  n8/ring/m21/R0.35                  N=  21 alpha=  1 theta'>=  1.0000 gain=+0.0000 [optimal] 0.1s
  n8/ring/m21/R0.55                  N=  21 alpha=  1 theta'>=  1.0000 gain=+0.0000 [optimal] 0.0s
  n8/ring/m21/R0.75                  N=  21 alpha=  3 theta'>=  3.0000 gain=-0.0000 [optimal] 0.1s
  n8/ring/m21/R0.95                  N=  21 alpha=  4 theta'>=  4.0963 gain=+0.0963 [optimal] 0.1s
  n8/ring/m23/R0.35                  N=  23 alpha=  1 theta'>=  1.0000 gain=+0.0000 [optimal] 0.1s
  n8/ring/m23/R0.55                  N=  23 alpha=  1 theta'>=  1.0000 gain=+0.0000 [optimal] 0.1s
  n8/ring/m23/R0.75                  N=  23 alpha=  3 theta'>=  3.1279 gain=+0.1279 [optimal] 0.1s
  n8/ring/m23/R0.95                  N=  23 alpha=  4 theta'>=  4.4376 gain=+0.4376 [optimal] 0.1s
  n8/conc/5+10/0.35,0.85             N=  15 alpha=  3 theta'>=  3.1672 gain=+0.1672 [optimal] 0.0s
  n8/conc/5+10/0.35,0.85+c           N=  16 alpha=  3 theta'>=  3.1672 gain=+0.1672 [optimal] 0.0s
  n8/conc/5+10/0.45,0.9              N=  15 alpha=  3 theta'>=  3.1672 gain=+0.1672 [optimal] 0.0s
  n8/conc/5+10/0.45,0.9+c            N=  16 alpha=  3 theta'>=  3.1672 gain=+0.1672 [optimal] 0.1s
  n8/conc/5+10/0.3,0.7               N=  15 alpha=  2 theta'>=  2.2361 gain=+0.2361 [optimal] 0.0s
  n8/conc/5+10/0.3,0.7+c             N=  16 alpha=  2 theta'>=  2.2361 gain=+0.2361 [optimal] 0.0s
  n8/conc/7+14/0.35,0.85             N=  21 alpha=  3 theta'>=  3.3177 gain=+0.3177 [optimal] 0.1s
  n8/conc/7+14/0.35,0.85+c           N=  22 alpha=  3 theta'>=  3.3177 gain=+0.3177 [optimal] 0.1s
  n8/conc/7+14/0.45,0.9              N=  21 alpha=  3 theta'>=  3.3177 gain=+0.3177 [optimal] 0.1s
  n8/conc/7+14/0.45,0.9+c            N=  22 alpha=  3 theta'>=  3.3177 gain=+0.3177 [optimal] 0.1s
  n8/conc/7+14/0.3,0.7               N=  21 alpha=  2 theta'>=  2.4535 gain=+0.4535 [optimal] 0.1s
  n8/conc/7+14/0.3,0.7+c             N=  22 alpha=  2 theta'>=  2.4535 gain=+0.4535 [optimal] 0.1s
  n8/conc/5+11/0.35,0.85             N=  16 alpha=  3 theta'>=  3.4518 gain=+0.4518 [optimal] 0.0s
  n8/conc/5+11/0.35,0.85+c           N=  17 alpha=  3 theta'>=  3.4518 gain=+0.4518 [optimal] 0.0s
  n8/conc/5+11/0.45,0.9              N=  16 alpha=  3 theta'>=  3.4518 gain=+0.4518 [optimal] 0.0s
  n8/conc/5+11/0.45,0.9+c            N=  17 alpha=  3 theta'>=  3.4518 gain=+0.4518 [optimal] 0.1s
  n8/conc/5+11/0.3,0.7               N=  16 alpha=  2 theta'>=  2.4082 gain=+0.4082 [optimal] 0.0s
  n8/conc/5+11/0.3,0.7+c             N=  17 alpha=  2 theta'>=  2.4082 gain=+0.4082 [optimal] 0.0s
  n8/conc/6+12/0.35,0.85             N=  18 alpha=  4 theta'>=  4.0000 gain=-0.0000 [optimal] 0.1s
  n8/conc/6+12/0.35,0.85+c           N=  19 alpha=  4 theta'>=  4.0000 gain=-0.0000 [optimal] 0.1s
  n8/conc/6+12/0.45,0.9              N=  18 alpha=  4 theta'>=  4.0000 gain=-0.0000 [optimal] 0.0s
  n8/conc/6+12/0.45,0.9+c            N=  19 alpha=  4 theta'>=  4.0000 gain=-0.0000 [optimal] 0.1s
  n8/conc/6+12/0.3,0.7               N=  18 alpha=  3 theta'>=  3.0000 gain=-0.0000 [optimal] 0.0s
  n8/conc/6+12/0.3,0.7+c             N=  19 alpha=  3 theta'>=  3.0000 gain=-0.0000 [optimal] 0.0s
  n8/conc/9+9/0.35,0.85              N=  18 alpha=  3 theta'>=  3.0000 gain=-0.0000 [optimal] 0.0s
  n8/conc/9+9/0.35,0.85+c            N=  19 alpha=  3 theta'>=  3.0000 gain=-0.0000 [optimal] 0.1s
  n8/conc/9+9/0.45,0.9               N=  18 alpha=  3 theta'>=  3.0000 gain=-0.0000 [optimal] 0.0s
  n8/conc/9+9/0.45,0.9+c             N=  19 alpha=  3 theta'>=  3.0000 gain=-0.0000 [optimal] 0.1s
  n8/conc/9+9/0.3,0.7                N=  18 alpha=  3 theta'>=  3.0000 gain=-0.0000 [optimal] 0.0s
  n8/conc/9+9/0.3,0.7+c              N=  19 alpha=  3 theta'>=  3.0000 gain=-0.0000 [optimal] 0.0s
  n8/conc/7+12/0.35,0.85             N=  19 alpha=  4 theta'>=  4.0000 gain=-0.0000 [optimal] 0.1s
  n8/conc/7+12/0.35,0.85+c           N=  20 alpha=  4 theta'>=  4.0000 gain=-0.0000 [optimal] 0.1s
  n8/conc/7+12/0.45,0.9              N=  19 alpha=  4 theta'>=  4.0000 gain=-0.0000 [optimal] 0.1s
  n8/conc/7+12/0.45,0.9+c            N=  20 alpha=  4 theta'>=  4.0000 gain=-0.0000 [optimal] 0.1s
  n8/conc/7+12/0.3,0.7               N=  19 alpha=  3 theta'>=  3.0000 gain=-0.0000 [optimal] 0.0s
  n8/conc/7+12/0.3,0.7+c             N=  20 alpha=  3 theta'>=  3.0000 gain=-0.0000 [optimal] 0.1s
  n8/edge/3/in0.0                    N=   9 alpha=  3 theta'>=  3.0000 gain=-0.0000 [optimal] 0.0s
  n8/edge/3/in0.4                    N=   9 alpha=  3 theta'>=  3.0000 gain=-0.0000 [optimal] 0.0s
  n8/edge/3/in0.8                    N=   9 alpha=  3 theta'>=  3.0000 gain=-0.0000 [optimal] 0.0s
  n8/edge/4/in0.0                    N=  12 alpha=  6 theta'>=  6.0000 gain=-0.0000 [optimal] 0.0s
  n8/edge/4/in0.4                    N=  12 alpha=  6 theta'>=  6.0000 gain=-0.0000 [optimal] 0.0s
  n8/edge/4/in0.8                    N=  12 alpha=  4 theta'>=  4.0000 gain=-0.0000 [optimal] 0.0s
  n8/edge/5/in0.0                    N=  15 alpha=  6 theta'>=  6.0000 gain=-0.0000 [optimal] 0.0s
  n8/edge/5/in0.4                    N=  15 alpha=  6 theta'>=  6.0000 gain=-0.0000 [optimal] 0.0s
  n8/edge/5/in0.8                    N=  15 alpha=  3 theta'>=  3.0000 gain=-0.0000 [optimal] 0.0s
  n8/edge/6/in0.0                    N=  18 alpha=  6 theta'>=  6.0000 gain=-0.0000 [optimal] 0.0s
  n8/edge/6/in0.4                    N=  18 alpha=  6 theta'>=  6.0000 gain=-0.0000 [optimal] 0.0s
  n8/edge/6/in0.8                    N=  18 alpha=  4 theta'>=  4.0000 gain=-0.0000 [optimal] 0.1s
  n8/edge/7/in0.0                    N=  21 alpha=  6 theta'>=  6.0000 gain=-0.0000 [optimal] 0.1s
  n8/edge/7/in0.4                    N=  21 alpha=  6 theta'>=  6.0000 gain=-0.0000 [optimal] 0.1s
  n8/edge/7/in0.8                    N=  21 alpha=  4 theta'>=  4.0000 gain=-0.0000 [optimal] 0.1s
  n8/edge/8/in0.0                    N=  24 alpha=  6 theta'>=  6.0000 gain=-0.0000 [optimal] 0.1s
  n8/edge/8/in0.4                    N=  24 alpha=  6 theta'>=  6.0000 gain=-0.0000 [optimal] 0.1s
  n8/edge/8/in0.8                    N=  24 alpha=  4 theta'>=  4.0000 gain=-0.0000 [optimal] 0.1s
  n8/edge/9/in0.0                    N=  27 alpha=  6 theta'>=  6.0000 gain=-0.0000 [optimal] 0.2s
  n8/edge/9/in0.4                    N=  27 alpha=  6 theta'>=  6.0000 gain=-0.0000 [optimal] 0.2s
  n8/edge/9/in0.8                    N=  27 alpha=  4 theta'>=  4.0000 gain=-0.0000 [optimal] 0.2s
  n8/edge/10/in0.0                   N=  30 alpha=  6 theta'>=  6.0000 gain=-0.0000 [optimal] 0.3s
  n8/edge/10/in0.4                   N=  30 alpha=  6 theta'>=  6.0000 gain=-0.0000 [optimal] 0.3s
  n8/edge/10/in0.8                   N=  30 alpha=  4 theta'>=  4.0000 gain=-0.0000 [optimal] 0.4s
  n8/edge/12/in0.0                   N=  36 alpha=  6 theta'>=  6.0000 gain=-0.0000 [optimal] 0.5s
  n8/edge/12/in0.4                   N=  36 alpha=  6 theta'>=  6.0000 gain=-0.0000 [optimal] 0.6s
  n8/edge/12/in0.8                   N=  36 alpha=  4 theta'>=  4.0000 gain=-0.0000 [optimal] 0.6s
  n8/fan/1/[1.0, 2.2]                N=   6 alpha=  3 theta'>=  3.0000 gain=-0.0000 [optimal] 0.0s
  n8/fan/1/[0.0, 2.0, 3.5]           N=   9 alpha=  6 theta'>=  6.0000 gain=-0.0000 [optimal] 0.0s
  n8/fan/1/[1.2, 2.6, 4.0]           N=   9 alpha=  3 theta'>=  3.0000 gain=-0.0000 [optimal] 0.0s
  n8/fan/2/[1.0, 2.2]                N=  12 alpha=  3 theta'>=  3.0000 gain=-0.0000 [optimal] 0.0s
  n8/fan/2/[0.0, 2.0, 3.5]           N=  18 alpha=  6 theta'>=  6.0000 gain=-0.0000 [optimal] 0.1s
  n8/fan/2/[1.2, 2.6, 4.0]           N=  18 alpha=  3 theta'>=  3.0000 gain=-0.0000 [optimal] 0.0s
  n8/fan/3/[1.0, 2.2]                N=  18 alpha=  3 theta'>=  3.0000 gain=-0.0000 [optimal] 0.0s
  n8/fan/3/[0.0, 2.0, 3.5]           N=  27 alpha=  6 theta'>=  6.0000 gain=-0.0000 [optimal] 0.2s
  n8/fan/3/[1.2, 2.6, 4.0]           N=  27 alpha=  4 theta'>=  4.0000 gain=-0.0000 [optimal] 0.2s
  n8/pgrid/ref1/s0.05/0              N=   6 alpha=  3 theta'>=  3.0000 gain=-0.0000 [optimal] 0.0s
  n8/pgrid/ref1/s0.05/1              N=   6 alpha=  3 theta'>=  3.0000 gain=-0.0000 [optimal] 0.0s
  n8/pgrid/ref1/s0.12/0              N=   6 alpha=  3 theta'>=  3.0000 gain=-0.0000 [optimal] 0.0s
  n8/pgrid/ref1/s0.12/1              N=   6 alpha=  3 theta'>=  3.0000 gain=-0.0000 [optimal] 0.0s
  n8/pgrid/ref1/s0.25/0              N=   6 alpha=  3 theta'>=  3.0000 gain=-0.0000 [optimal] 0.0s
  n8/pgrid/ref1/s0.25/1              N=   6 alpha=  3 theta'>=  3.0000 gain=-0.0000 [optimal] 0.0s
  n8/pgrid/ref1/s0.4/0               N=   6 alpha=  3 theta'>=  3.0000 gain=-0.0000 [optimal] 0.0s
  n8/pgrid/ref1/s0.4/1               N=   6 alpha=  3 theta'>=  3.0000 gain=-0.0000 [optimal] 0.0s
  n8/pgrid/ref2/s0.05/0              N=  21 alpha=  6 theta'>=  6.0000 gain=-0.0000 [optimal] 0.1s
  n8/pgrid/ref2/s0.05/1              N=  21 alpha=  5 theta'>=  5.0000 gain=-0.0000 [optimal] 0.1s
  n8/pgrid/ref2/s0.12/0              N=  21 alpha=  5 theta'>=  5.0000 gain=-0.0000 [optimal] 0.1s
  n8/pgrid/ref2/s0.12/1              N=  21 alpha=  5 theta'>=  5.0000 gain=-0.0000 [optimal] 0.1s
  n8/pgrid/ref2/s0.25/0              N=  21 alpha=  4 theta'>=  4.0000 gain=-0.0000 [optimal] 0.1s
  n8/pgrid/ref2/s0.25/1              N=  21 alpha=  5 theta'>=  5.0000 gain=-0.0000 [optimal] 0.1s
  n8/pgrid/ref2/s0.4/0               N=  21 alpha=  4 theta'>=  4.0000 gain=-0.0000 [optimal] 0.1s
  n8/pgrid/ref2/s0.4/1               N=  21 alpha=  4 theta'>=  4.0000 gain=-0.0000 [optimal] 0.1s
  n8/rnd/N12/0                       N=  12 alpha=  3 theta'>=  3.0000 gain=-0.0000 [optimal] 0.0s
  n8/rnd/N12/1                       N=  12 alpha=  4 theta'>=  4.0000 gain=-0.0000 [optimal] 0.0s
  n8/rnd/N12/2                       N=  12 alpha=  3 theta'>=  3.0000 gain=-0.0000 [optimal] 0.0s
  n8/rnd/N18/0                       N=  18 alpha=  3 theta'>=  3.0000 gain=-0.0000 [optimal] 0.0s
  n8/rnd/N18/1                       N=  18 alpha=  5 theta'>=  5.0000 gain=-0.0000 [optimal] 0.1s
  n8/rnd/N18/2                       N=  18 alpha=  4 theta'>=  4.0000 gain=-0.0000 [optimal] 0.1s
  n8/rnd/N24/0                       N=  24 alpha=  4 theta'>=  4.0000 gain=-0.0000 [optimal] 0.1s
  n8/rnd/N24/1                       N=  24 alpha=  5 theta'>=  5.0000 gain=-0.0000 [optimal] 0.1s
  n8/rnd/N24/2                       N=  24 alpha=  5 theta'>=  5.0000 gain=-0.0000 [optimal] 0.1s
  n8/rnd/N30/0                       N=  30 alpha=  4 theta'>=  4.0000 gain=-0.0000 [optimal] 0.2s
  n8/rnd/N30/1                       N=  30 alpha=  5 theta'>=  5.0000 gain=-0.0000 [optimal] 0.2s
  n8/rnd/N30/2                       N=  30 alpha=  5 theta'>=  5.0000 gain=-0.0000 [optimal] 0.3s

=== n=11  d=7.255986  (just-below-d(n))   Oler=6.4340 ===
  n11/grid/ref1                      N=  10 alpha= 10 theta'>= 10.0000 gain=-0.0000 [optimal] 0.0s
  n11/grid/ref2                      N=  36 alpha= 10 theta'>= 10.0000 gain=-0.0000 [optimal] 0.5s
  n11/grid/ref3                      N=  66 alpha= 10 theta'>=  9.9997 gain=-0.0003 [optimal] 5.2s
  n11/ring/m5/R0.35                  N=   5 alpha=  1 theta'>=  1.0000 gain=+0.0000 [optimal] 0.0s
  n11/ring/m5/R0.55                  N=   5 alpha=  2 theta'>=  2.2361 gain=+0.2361 [optimal] 0.0s
  n11/ring/m5/R0.75                  N=   5 alpha=  2 theta'>=  2.2361 gain=+0.2361 [optimal] 0.0s
  n11/ring/m7/R0.35                  N=   7 alpha=  1 theta'>=  1.0000 gain=+0.0000 [optimal] 0.0s
  n11/ring/m7/R0.55                  N=   7 alpha=  2 theta'>=  2.1099 gain=+0.1099 [optimal] 0.0s
  n11/ring/m7/R0.75                  N=   7 alpha=  3 theta'>=  3.3177 gain=+0.3177 [optimal] 0.0s
  n11/ring/m7/R0.95                  N=   7 alpha=  3 theta'>=  3.3177 gain=+0.3177 [optimal] 0.0s
  n11/ring/m9/R0.35                  N=   9 alpha=  1 theta'>=  1.0000 gain=+0.0000 [optimal] 0.0s
  n11/ring/m9/R0.55                  N=   9 alpha=  2 theta'>=  2.0642 gain=+0.0642 [optimal] 0.0s
  n11/ring/m9/R0.75                  N=   9 alpha=  4 theta'>=  4.3601 gain=+0.3601 [optimal] 0.0s
  n11/ring/m9/R0.95                  N=   9 alpha=  4 theta'>=  4.3601 gain=+0.3601 [optimal] 0.0s
  n11/ring/m11/R0.35                 N=  11 alpha=  1 theta'>=  1.0000 gain=+0.0000 [optimal] 0.0s
  n11/ring/m11/R0.55                 N=  11 alpha=  2 theta'>=  2.4082 gain=+0.4082 [optimal] 0.0s
  n11/ring/m11/R0.75                 N=  11 alpha=  3 theta'>=  3.4518 gain=+0.4518 [optimal] 0.0s
  n11/ring/m11/R0.95                 N=  11 alpha=  5 theta'>=  5.3863 gain=+0.3863 [optimal] 0.0s
  n11/ring/m13/R0.35                 N=  13 alpha=  1 theta'>=  1.0000 gain=+0.0000 [optimal] 0.0s
  n11/ring/m13/R0.55                 N=  13 alpha=  2 theta'>=  2.2877 gain=+0.2877 [optimal] 0.0s
  n11/ring/m13/R0.75                 N=  13 alpha=  4 theta'>=  4.2011 gain=+0.2011 [optimal] 0.0s
  n11/ring/m13/R0.95                 N=  13 alpha=  4 theta'>=  4.2011 gain=+0.2011 [optimal] 0.0s
  n11/ring/m15/R0.35                 N=  15 alpha=  1 theta'>=  1.0000 gain=+0.0000 [optimal] 0.0s
  n11/ring/m15/R0.55                 N=  15 alpha=  2 theta'>=  2.2361 gain=+0.2361 [optimal] 0.0s
  n11/ring/m15/R0.75                 N=  15 alpha=  3 theta'>=  3.5294 gain=+0.5294 [optimal] 0.0s
  n11/ring/m15/R0.95                 N=  15 alpha=  5 theta'>=  5.0000 gain=-0.0000 [optimal] 0.0s
  n11/ring/m17/R0.35                 N=  17 alpha=  1 theta'>=  1.0000 gain=+0.0000 [optimal] 0.0s
  n11/ring/m17/R0.55                 N=  17 alpha=  2 theta'>=  2.4875 gain=+0.4875 [optimal] 0.0s
  n11/ring/m17/R0.75                 N=  17 alpha=  4 theta'>=  4.1329 gain=+0.1329 [optimal] 0.0s
  n11/ring/m17/R0.95                 N=  17 alpha=  5 theta'>=  5.5377 gain=+0.5377 [optimal] 0.0s
  n11/ring/m19/R0.35                 N=  19 alpha=  1 theta'>=  1.0000 gain=-0.0000 [optimal] 0.0s
  n11/ring/m19/R0.55                 N=  19 alpha=  2 theta'>=  2.3749 gain=+0.3749 [optimal] 0.1s
  n11/ring/m19/R0.75                 N=  19 alpha=  3 theta'>=  3.5814 gain=+0.5814 [optimal] 0.1s
  n11/ring/m19/R0.95                 N=  19 alpha=  4 theta'>=  4.5873 gain=+0.5873 [optimal] 0.1s
  n11/ring/m21/R0.35                 N=  21 alpha=  1 theta'>=  1.0000 gain=+0.0000 [optimal] 0.1s
  n11/ring/m21/R0.55                 N=  21 alpha=  2 theta'>=  2.3041 gain=+0.3041 [optimal] 0.1s
  n11/ring/m21/R0.75                 N=  21 alpha=  4 theta'>=  4.0963 gain=+0.0963 [optimal] 0.1s
  n11/ring/m21/R0.95                 N=  21 alpha=  5 theta'>=  5.1515 gain=+0.1515 [optimal] 0.1s
  n11/ring/m23/R0.35                 N=  23 alpha=  1 theta'>=  1.0000 gain=+0.0000 [optimal] 0.1s
  n11/ring/m23/R0.55                 N=  23 alpha=  2 theta'>=  2.5365 gain=+0.5365 [optimal] 0.1s
  n11/ring/m23/R0.75                 N=  23 alpha=  3 theta'>=  3.6193 gain=+0.6193 [optimal] 0.1s
  n11/ring/m23/R0.95                 N=  23 alpha=  5 theta'>=  5.6212 gain=+0.6212 [optimal] 0.1s
  n11/conc/5+10/0.35,0.85            N=  15 alpha=  5 theta'>=  5.0000 gain=-0.0000 [optimal] 0.0s
  n11/conc/5+10/0.35,0.85+c          N=  16 alpha=  5 theta'>=  5.0000 gain=-0.0000 [optimal] 0.0s
  n11/conc/5+10/0.45,0.9             N=  15 alpha=  5 theta'>=  5.0000 gain=-0.0000 [optimal] 0.0s
  n11/conc/5+10/0.45,0.9+c           N=  16 alpha=  5 theta'>=  5.0000 gain=-0.0000 [optimal] 0.0s
  n11/conc/5+10/0.3,0.7              N=  15 alpha=  3 theta'>=  3.1672 gain=+0.1672 [optimal] 0.0s
  n11/conc/5+10/0.3,0.7+c            N=  16 alpha=  3 theta'>=  3.1672 gain=+0.1672 [optimal] 0.0s
  n11/conc/7+14/0.35,0.85            N=  21 alpha=  4 theta'>=  4.5055 gain=+0.5055 [optimal] 0.1s
  n11/conc/7+14/0.35,0.85+c          N=  22 alpha=  4 theta'>=  4.5055 gain=+0.5055 [optimal] 0.1s
  n11/conc/7+14/0.45,0.9             N=  21 alpha=  4 theta'>=  4.5055 gain=+0.5055 [optimal] 0.1s
  n11/conc/7+14/0.45,0.9+c           N=  22 alpha=  4 theta'>=  4.5055 gain=+0.5055 [optimal] 0.1s
  n11/conc/7+14/0.3,0.7              N=  21 alpha=  3 theta'>=  3.3177 gain=+0.3177 [optimal] 0.1s
  n11/conc/7+14/0.3,0.7+c            N=  22 alpha=  3 theta'>=  3.3177 gain=+0.3177 [optimal] 0.1s
  n11/conc/5+11/0.35,0.85            N=  16 alpha=  3 theta'>=  3.4518 gain=+0.4518 [optimal] 0.1s
  n11/conc/5+11/0.35,0.85+c          N=  17 alpha=  3 theta'>=  3.4518 gain=+0.4518 [optimal] 0.1s
  n11/conc/5+11/0.45,0.9             N=  16 alpha=  5 theta'>=  5.3863 gain=+0.3863 [optimal] 0.0s
  n11/conc/5+11/0.45,0.9+c           N=  17 alpha=  5 theta'>=  5.3863 gain=+0.3863 [optimal] 0.0s
  n11/conc/5+11/0.3,0.7              N=  16 alpha=  3 theta'>=  3.4518 gain=+0.4518 [optimal] 0.0s
  n11/conc/5+11/0.3,0.7+c            N=  17 alpha=  3 theta'>=  3.4518 gain=+0.4518 [optimal] 0.1s
  n11/conc/6+12/0.35,0.85            N=  18 alpha=  4 theta'>=  4.0000 gain=-0.0000 [optimal] 0.1s
  n11/conc/6+12/0.35,0.85+c          N=  19 alpha=  4 theta'>=  4.0000 gain=-0.0000 [optimal] 0.1s
  n11/conc/6+12/0.45,0.9             N=  18 alpha=  4 theta'>=  4.0000 gain=-0.0000 [optimal] 0.0s
  n11/conc/6+12/0.45,0.9+c           N=  19 alpha=  4 theta'>=  4.0000 gain=-0.0000 [optimal] 0.1s
  n11/conc/6+12/0.3,0.7              N=  18 alpha=  4 theta'>=  4.0000 gain=-0.0000 [optimal] 0.1s
  n11/conc/6+12/0.3,0.7+c            N=  19 alpha=  4 theta'>=  4.0000 gain=-0.0000 [optimal] 0.1s
  n11/conc/9+9/0.35,0.85             N=  18 alpha=  4 theta'>=  4.3601 gain=+0.3601 [optimal] 0.1s
  n11/conc/9+9/0.35,0.85+c           N=  19 alpha=  4 theta'>=  4.3601 gain=+0.3601 [optimal] 0.1s
  n11/conc/9+9/0.45,0.9              N=  18 alpha=  4 theta'>=  4.3601 gain=+0.3601 [optimal] 0.1s
  n11/conc/9+9/0.45,0.9+c            N=  19 alpha=  4 theta'>=  4.3601 gain=+0.3601 [optimal] 0.1s
  n11/conc/9+9/0.3,0.7               N=  18 alpha=  3 theta'>=  3.0000 gain=-0.0000 [optimal] 0.0s
  n11/conc/9+9/0.3,0.7+c             N=  19 alpha=  3 theta'>=  3.0000 gain=-0.0000 [optimal] 0.1s
  n11/conc/7+12/0.35,0.85            N=  19 alpha=  4 theta'>=  4.0000 gain=-0.0000 [optimal] 0.1s
  n11/conc/7+12/0.35,0.85+c          N=  20 alpha=  4 theta'>=  4.0000 gain=-0.0000 [optimal] 0.1s
  n11/conc/7+12/0.45,0.9             N=  19 alpha=  4 theta'>=  4.0000 gain=-0.0000 [optimal] 0.1s
  n11/conc/7+12/0.45,0.9+c           N=  20 alpha=  4 theta'>=  4.0000 gain=-0.0000 [optimal] 0.1s
  n11/conc/7+12/0.3,0.7              N=  19 alpha=  4 theta'>=  4.0000 gain=-0.0000 [optimal] 0.1s
  n11/conc/7+12/0.3,0.7+c            N=  20 alpha=  4 theta'>=  4.0000 gain=-0.0000 [optimal] 0.1s
  n11/edge/3/in0.0                   N=   9 alpha=  9 theta'>=  9.0000 gain=-0.0000 [optimal] 0.0s
  n11/edge/3/in0.4                   N=   9 alpha=  9 theta'>=  9.0000 gain=-0.0000 [optimal] 0.0s
  n11/edge/3/in0.8                   N=   9 alpha=  6 theta'>=  6.0000 gain=-0.0000 [optimal] 0.0s
  n11/edge/4/in0.0                   N=  12 alpha=  6 theta'>=  6.0000 gain=-0.0000 [optimal] 0.0s
  n11/edge/4/in0.4                   N=  12 alpha=  6 theta'>=  6.0000 gain=-0.0000 [optimal] 0.0s
  n11/edge/4/in0.8                   N=  12 alpha=  6 theta'>=  6.0000 gain=-0.0000 [optimal] 0.0s
  n11/edge/5/in0.0                   N=  15 alpha=  6 theta'>=  6.0000 gain=-0.0000 [optimal] 0.0s
  n11/edge/5/in0.4                   N=  15 alpha=  6 theta'>=  6.0000 gain=-0.0000 [optimal] 0.0s
  n11/edge/5/in0.8                   N=  15 alpha=  6 theta'>=  6.0000 gain=-0.0000 [optimal] 0.0s
  n11/edge/6/in0.0                   N=  18 alpha=  9 theta'>=  9.0000 gain=-0.0000 [optimal] 0.0s
  n11/edge/6/in0.4                   N=  18 alpha=  9 theta'>=  9.0000 gain=-0.0000 [optimal] 0.1s
  n11/edge/6/in0.8                   N=  18 alpha=  6 theta'>=  6.0000 gain=-0.0000 [optimal] 0.1s
  n11/edge/7/in0.0                   N=  21 alpha=  9 theta'>=  9.0000 gain=-0.0000 [optimal] 0.1s
  n11/edge/7/in0.4                   N=  21 alpha=  6 theta'>=  6.0000 gain=-0.0000 [optimal] 0.1s
  n11/edge/7/in0.8                   N=  21 alpha=  6 theta'>=  6.0000 gain=-0.0000 [optimal] 0.1s
  n11/edge/8/in0.0                   N=  24 alpha=  6 theta'>=  6.0000 gain=-0.0000 [optimal] 0.1s
  n11/edge/8/in0.4                   N=  24 alpha=  6 theta'>=  6.0000 gain=-0.0000 [optimal] 0.1s
  n11/edge/8/in0.8                   N=  24 alpha=  6 theta'>=  6.0000 gain=-0.0000 [optimal] 0.1s
  n11/edge/9/in0.0                   N=  27 alpha=  9 theta'>=  9.0000 gain=-0.0000 [optimal] 0.2s
  n11/edge/9/in0.4                   N=  27 alpha=  9 theta'>=  9.0000 gain=-0.0000 [optimal] 0.2s
  n11/edge/9/in0.8                   N=  27 alpha=  6 theta'>=  6.0000 gain=-0.0000 [optimal] 0.2s
  n11/edge/10/in0.0                  N=  30 alpha=  9 theta'>=  9.0000 gain=-0.0000 [optimal] 0.3s
  n11/edge/10/in0.4                  N=  30 alpha=  7 theta'>=  7.3601 gain=+0.3601 [optimal] 0.2s
  n11/edge/10/in0.8                  N=  30 alpha=  6 theta'>=  6.0000 gain=-0.0000 [optimal] 0.2s
  n11/edge/12/in0.0                  N=  36 alpha=  9 theta'>=  9.0000 gain=-0.0000 [optimal] 0.6s
  n11/edge/12/in0.4                  N=  36 alpha=  9 theta'>=  9.0000 gain=-0.0000 [optimal] 0.6s
  n11/edge/12/in0.8                  N=  36 alpha=  6 theta'>=  6.0000 gain=-0.0000 [optimal] 0.5s
  n11/fan/1/[1.0, 2.2]               N=   6 alpha=  3 theta'>=  3.0000 gain=-0.0000 [optimal] 0.0s
  n11/fan/1/[0.0, 2.0, 3.5]          N=   9 alpha=  6 theta'>=  6.0000 gain=-0.0000 [optimal] 0.0s
  n11/fan/1/[1.2, 2.6, 4.0]          N=   9 alpha=  4 theta'>=  4.0000 gain=-0.0000 [optimal] 0.0s
  n11/fan/2/[1.0, 2.2]               N=  12 alpha=  3 theta'>=  3.0000 gain=-0.0000 [optimal] 0.0s
  n11/fan/2/[0.0, 2.0, 3.5]          N=  18 alpha=  7 theta'>=  7.3601 gain=+0.3601 [optimal] 0.1s
  n11/fan/2/[1.2, 2.6, 4.0]          N=  18 alpha=  5 theta'>=  5.0000 gain=-0.0000 [optimal] 0.1s
  n11/fan/3/[1.0, 2.2]               N=  18 alpha=  3 theta'>=  3.0000 gain=-0.0000 [optimal] 0.1s
  n11/fan/3/[0.0, 2.0, 3.5]          N=  27 alpha=  8 theta'>=  8.0000 gain=-0.0000 [optimal] 0.2s
  n11/fan/3/[1.2, 2.6, 4.0]          N=  27 alpha=  6 theta'>=  6.0000 gain=-0.0000 [optimal] 0.2s
  n11/pgrid/ref1/s0.05/0             N=  10 alpha=  6 theta'>=  6.0000 gain=-0.0000 [optimal] 0.0s
  n11/pgrid/ref1/s0.05/1             N=  10 alpha=  5 theta'>=  5.0000 gain=-0.0000 [optimal] 0.0s
  n11/pgrid/ref1/s0.12/0             N=  10 alpha=  5 theta'>=  5.0000 gain=-0.0000 [optimal] 0.0s
  n11/pgrid/ref1/s0.12/1             N=  10 alpha=  5 theta'>=  5.0000 gain=-0.0000 [optimal] 0.0s
  n11/pgrid/ref1/s0.25/0             N=  10 alpha=  4 theta'>=  4.0000 gain=-0.0000 [optimal] 0.0s
  n11/pgrid/ref1/s0.25/1             N=  10 alpha=  5 theta'>=  5.0000 gain=-0.0000 [optimal] 0.0s
  n11/pgrid/ref1/s0.4/0              N=  10 alpha=  5 theta'>=  5.0000 gain=-0.0000 [optimal] 0.0s
  n11/pgrid/ref1/s0.4/1              N=  10 alpha=  5 theta'>=  5.0000 gain=-0.0000 [optimal] 0.0s
  n11/pgrid/ref2/s0.05/0             N=  36 alpha=  8 theta'>=  8.0000 gain=-0.0000 [optimal] 0.8s
  n11/pgrid/ref2/s0.05/1             N=  36 alpha=  7 theta'>=  7.3601 gain=+0.3601 [optimal] 0.9s
  n11/pgrid/ref2/s0.12/0             N=  36 alpha=  7 theta'>=  7.0000 gain=-0.0000 [optimal] 0.8s
  n11/pgrid/ref2/s0.12/1             N=  36 alpha=  7 theta'>=  7.3601 gain=+0.3601 [optimal] 0.7s
  n11/pgrid/ref2/s0.25/0             N=  36 alpha=  7 theta'>=  7.0000 gain=-0.0000 [optimal] 0.7s
  n11/pgrid/ref2/s0.25/1             N=  36 alpha=  7 theta'>=  7.0000 gain=-0.0000 [optimal] 0.8s
  n11/pgrid/ref2/s0.4/0              N=  36 alpha=  6 theta'>=  6.0000 gain=-0.0000 [optimal] 0.8s
  n11/pgrid/ref2/s0.4/1              N=  36 alpha=  7 theta'>=  7.0000 gain=-0.0000 [optimal] 0.5s
  n11/rnd/N12/0                      N=  12 alpha=  4 theta'>=  4.0000 gain=-0.0000 [optimal] 0.0s
  n11/rnd/N12/1                      N=  12 alpha=  4 theta'>=  4.0000 gain=-0.0000 [optimal] 0.0s
  n11/rnd/N12/2                      N=  12 alpha=  3 theta'>=  3.0000 gain=-0.0000 [optimal] 0.0s
  n11/rnd/N18/0                      N=  18 alpha=  5 theta'>=  5.3601 gain=+0.3601 [optimal] 0.1s
  n11/rnd/N18/1                      N=  18 alpha=  6 theta'>=  6.0000 gain=-0.0000 [optimal] 0.1s
  n11/rnd/N18/2                      N=  18 alpha=  5 theta'>=  5.0000 gain=-0.0000 [optimal] 0.1s
  n11/rnd/N24/0                      N=  24 alpha=  6 theta'>=  6.0000 gain=-0.0000 [optimal] 0.1s
  n11/rnd/N24/1                      N=  24 alpha=  6 theta'>=  6.0000 gain=-0.0000 [optimal] 0.2s
  n11/rnd/N24/2                      N=  24 alpha=  6 theta'>=  6.0000 gain=-0.0000 [optimal] 0.1s
  n11/rnd/N30/0                      N=  30 alpha=  6 theta'>=  6.0000 gain=-0.0000 [optimal] 0.3s
  n11/rnd/N30/1                      N=  30 alpha=  7 theta'>=  7.0000 gain=-0.0000 [optimal] 0.2s
  n11/rnd/N30/2                      N=  30 alpha=  6 theta'>=  6.0000 gain=-0.0000 [optimal] 0.3s

=== n=12  d=7.454102  (just-below-d(n))   Oler=6.8489 ===
  n12/grid/ref1                      N=  10 alpha= 10 theta'>= 10.0000 gain=-0.0000 [optimal] 0.0s
  n12/grid/ref2                      N=  36 alpha= 10 theta'>= 10.0000 gain=-0.0000 [optimal] 0.7s
  n12/grid/ref3                      N=  78 alpha= 10 theta'>=  9.9999 gain=-0.0001 [optimal] 8.7s
  n12/ring/m5/R0.35                  N=   5 alpha=  1 theta'>=  1.0000 gain=+0.0000 [optimal] 0.0s
  n12/ring/m5/R0.55                  N=   5 alpha=  2 theta'>=  2.2361 gain=+0.2361 [optimal] 0.0s
  n12/ring/m5/R0.75                  N=   5 alpha=  2 theta'>=  2.2361 gain=+0.2361 [optimal] 0.0s
  n12/ring/m7/R0.35                  N=   7 alpha=  1 theta'>=  1.0000 gain=+0.0000 [optimal] 0.0s
  n12/ring/m7/R0.55                  N=   7 alpha=  2 theta'>=  2.1099 gain=+0.1099 [optimal] 0.0s
  n12/ring/m7/R0.75                  N=   7 alpha=  3 theta'>=  3.3177 gain=+0.3177 [optimal] 0.0s
  n12/ring/m7/R0.95                  N=   7 alpha=  3 theta'>=  3.3177 gain=+0.3177 [optimal] 0.0s
  n12/ring/m9/R0.35                  N=   9 alpha=  1 theta'>=  1.0000 gain=+0.0000 [optimal] 0.0s
  n12/ring/m9/R0.55                  N=   9 alpha=  3 theta'>=  3.0000 gain=-0.0000 [optimal] 0.0s
  n12/ring/m9/R0.75                  N=   9 alpha=  4 theta'>=  4.3601 gain=+0.3601 [optimal] 0.0s
  n12/ring/m9/R0.95                  N=   9 alpha=  4 theta'>=  4.3601 gain=+0.3601 [optimal] 0.0s
  n12/ring/m11/R0.35                 N=  11 alpha=  1 theta'>=  1.0000 gain=+0.0000 [optimal] 0.0s
  n12/ring/m11/R0.55                 N=  11 alpha=  2 theta'>=  2.4082 gain=+0.4082 [optimal] 0.0s
  n12/ring/m11/R0.75                 N=  11 alpha=  3 theta'>=  3.4518 gain=+0.4518 [optimal] 0.0s
  n12/ring/m11/R0.95                 N=  11 alpha=  5 theta'>=  5.3863 gain=+0.3863 [optimal] 0.0s
  n12/ring/m13/R0.35                 N=  13 alpha=  1 theta'>=  1.0000 gain=+0.0000 [optimal] 0.0s
  n12/ring/m13/R0.55                 N=  13 alpha=  2 theta'>=  2.2877 gain=+0.2877 [optimal] 0.0s
  n12/ring/m13/R0.75                 N=  13 alpha=  4 theta'>=  4.2011 gain=+0.2011 [optimal] 0.0s
  n12/ring/m13/R0.95                 N=  13 alpha=  4 theta'>=  4.2011 gain=+0.2011 [optimal] 0.0s
  n12/ring/m15/R0.35                 N=  15 alpha=  1 theta'>=  1.0000 gain=+0.0000 [optimal] 0.0s
  n12/ring/m15/R0.55                 N=  15 alpha=  3 theta'>=  3.0000 gain=-0.0000 [optimal] 0.0s
  n12/ring/m15/R0.75                 N=  15 alpha=  3 theta'>=  3.5294 gain=+0.5294 [optimal] 0.0s
  n12/ring/m15/R0.95                 N=  15 alpha=  5 theta'>=  5.0000 gain=-0.0000 [optimal] 0.0s
  n12/ring/m17/R0.35                 N=  17 alpha=  1 theta'>=  1.0000 gain=+0.0000 [optimal] 0.0s
  n12/ring/m17/R0.55                 N=  17 alpha=  2 theta'>=  2.4875 gain=+0.4875 [optimal] 0.0s
  n12/ring/m17/R0.75                 N=  17 alpha=  4 theta'>=  4.1329 gain=+0.1329 [optimal] 0.0s
  n12/ring/m17/R0.95                 N=  17 alpha=  5 theta'>=  5.5377 gain=+0.5377 [optimal] 0.0s
  n12/ring/m19/R0.35                 N=  19 alpha=  1 theta'>=  1.0000 gain=-0.0000 [optimal] 0.0s
  n12/ring/m19/R0.55                 N=  19 alpha=  2 theta'>=  2.3749 gain=+0.3749 [optimal] 0.1s
  n12/ring/m19/R0.75                 N=  19 alpha=  3 theta'>=  3.5814 gain=+0.5814 [optimal] 0.1s
  n12/ring/m19/R0.95                 N=  19 alpha=  4 theta'>=  4.5873 gain=+0.5873 [optimal] 0.1s
  n12/ring/m21/R0.35                 N=  21 alpha=  1 theta'>=  1.0000 gain=+0.0000 [optimal] 0.1s
  n12/ring/m21/R0.55                 N=  21 alpha=  3 theta'>=  3.0000 gain=-0.0000 [optimal] 0.1s
  n12/ring/m21/R0.75                 N=  21 alpha=  4 theta'>=  4.0963 gain=+0.0963 [optimal] 0.1s
  n12/ring/m21/R0.95                 N=  21 alpha=  5 theta'>=  5.1515 gain=+0.1515 [optimal] 0.1s
  n12/ring/m23/R0.35                 N=  23 alpha=  1 theta'>=  1.0000 gain=+0.0000 [optimal] 0.1s
  n12/ring/m23/R0.55                 N=  23 alpha=  2 theta'>=  2.5365 gain=+0.5365 [optimal] 0.1s
  n12/ring/m23/R0.75                 N=  23 alpha=  4 theta'>=  4.4376 gain=+0.4376 [optimal] 0.1s
  n12/ring/m23/R0.95                 N=  23 alpha=  5 theta'>=  5.6212 gain=+0.6212 [optimal] 0.1s
  n12/conc/5+10/0.35,0.85            N=  15 alpha=  5 theta'>=  5.0000 gain=-0.0000 [optimal] 0.0s
  n12/conc/5+10/0.35,0.85+c          N=  16 alpha=  5 theta'>=  5.0000 gain=-0.0000 [optimal] 0.0s
  n12/conc/5+10/0.45,0.9             N=  15 alpha=  5 theta'>=  5.0000 gain=-0.0000 [optimal] 0.0s
  n12/conc/5+10/0.45,0.9+c           N=  16 alpha=  5 theta'>=  5.0000 gain=-0.0000 [optimal] 0.0s
  n12/conc/5+10/0.3,0.7              N=  15 alpha=  3 theta'>=  3.1672 gain=+0.1672 [optimal] 0.0s
  n12/conc/5+10/0.3,0.7+c            N=  16 alpha=  3 theta'>=  3.1672 gain=+0.1672 [optimal] 0.0s
  n12/conc/7+14/0.35,0.85            N=  21 alpha=  4 theta'>=  4.5055 gain=+0.5055 [optimal] 0.1s
  n12/conc/7+14/0.35,0.85+c          N=  22 alpha=  4 theta'>=  4.5055 gain=+0.5055 [optimal] 0.1s
  n12/conc/7+14/0.45,0.9             N=  21 alpha=  4 theta'>=  4.5055 gain=+0.5055 [optimal] 0.1s
  n12/conc/7+14/0.45,0.9+c           N=  22 alpha=  4 theta'>=  4.5055 gain=+0.5055 [optimal] 0.1s
  n12/conc/7+14/0.3,0.7              N=  21 alpha=  3 theta'>=  3.3177 gain=+0.3177 [optimal] 0.1s
  n12/conc/7+14/0.3,0.7+c            N=  22 alpha=  3 theta'>=  3.3177 gain=+0.3177 [optimal] 0.1s
  n12/conc/5+11/0.35,0.85            N=  16 alpha=  3 theta'>=  3.4518 gain=+0.4518 [optimal] 0.0s
  n12/conc/5+11/0.35,0.85+c          N=  17 alpha=  3 theta'>=  3.4518 gain=+0.4518 [optimal] 0.1s
  n12/conc/5+11/0.45,0.9             N=  16 alpha=  5 theta'>=  5.3863 gain=+0.3863 [optimal] 0.0s
  n12/conc/5+11/0.45,0.9+c           N=  17 alpha=  5 theta'>=  5.3863 gain=+0.3863 [optimal] 0.0s
  n12/conc/5+11/0.3,0.7              N=  16 alpha=  3 theta'>=  3.4518 gain=+0.4518 [optimal] 0.0s
  n12/conc/5+11/0.3,0.7+c            N=  17 alpha=  3 theta'>=  3.4518 gain=+0.4518 [optimal] 0.1s
  n12/conc/6+12/0.35,0.85            N=  18 alpha=  4 theta'>=  4.0000 gain=-0.0000 [optimal] 0.0s
  n12/conc/6+12/0.35,0.85+c          N=  19 alpha=  4 theta'>=  4.0000 gain=-0.0000 [optimal] 0.1s
  n12/conc/6+12/0.45,0.9             N=  18 alpha=  4 theta'>=  4.0000 gain=-0.0000 [optimal] 0.0s
  n12/conc/6+12/0.45,0.9+c           N=  19 alpha=  4 theta'>=  4.0000 gain=-0.0000 [optimal] 0.1s
  n12/conc/6+12/0.3,0.7              N=  18 alpha=  4 theta'>=  4.0000 gain=-0.0000 [optimal] 0.1s
  n12/conc/6+12/0.3,0.7+c            N=  19 alpha=  4 theta'>=  4.0000 gain=-0.0000 [optimal] 0.1s
  n12/conc/9+9/0.35,0.85             N=  18 alpha=  4 theta'>=  4.3601 gain=+0.3601 [optimal] 0.1s
  n12/conc/9+9/0.35,0.85+c           N=  19 alpha=  4 theta'>=  4.3601 gain=+0.3601 [optimal] 0.1s
  n12/conc/9+9/0.45,0.9              N=  18 alpha=  4 theta'>=  4.3601 gain=+0.3601 [optimal] 0.1s
  n12/conc/9+9/0.45,0.9+c            N=  19 alpha=  4 theta'>=  4.3601 gain=+0.3601 [optimal] 0.1s
  n12/conc/9+9/0.3,0.7               N=  18 alpha=  3 theta'>=  3.0000 gain=-0.0000 [optimal] 0.0s
  n12/conc/9+9/0.3,0.7+c             N=  19 alpha=  3 theta'>=  3.0000 gain=-0.0000 [optimal] 0.1s
  n12/conc/7+12/0.35,0.85            N=  19 alpha=  4 theta'>=  4.0000 gain=-0.0000 [optimal] 0.1s
  n12/conc/7+12/0.35,0.85+c          N=  20 alpha=  4 theta'>=  4.0000 gain=-0.0000 [optimal] 0.1s
  n12/conc/7+12/0.45,0.9             N=  19 alpha=  4 theta'>=  4.0000 gain=-0.0000 [optimal] 0.1s
  n12/conc/7+12/0.45,0.9+c           N=  20 alpha=  4 theta'>=  4.0000 gain=-0.0000 [optimal] 0.1s
  n12/conc/7+12/0.3,0.7              N=  19 alpha=  4 theta'>=  4.0000 gain=-0.0000 [optimal] 0.1s
  n12/conc/7+12/0.3,0.7+c            N=  20 alpha=  4 theta'>=  4.0000 gain=-0.0000 [optimal] 0.1s
  n12/edge/3/in0.0                   N=   9 alpha=  9 theta'>=  9.0000 gain=-0.0000 [optimal] 0.0s
  n12/edge/3/in0.4                   N=   9 alpha=  9 theta'>=  9.0000 gain=-0.0000 [optimal] 0.0s
  n12/edge/3/in0.8                   N=   9 alpha=  6 theta'>=  6.0000 gain=-0.0000 [optimal] 0.0s
  n12/edge/4/in0.0                   N=  12 alpha=  6 theta'>=  6.0000 gain=-0.0000 [optimal] 0.0s
  n12/edge/4/in0.4                   N=  12 alpha=  6 theta'>=  6.0000 gain=-0.0000 [optimal] 0.0s
  n12/edge/4/in0.8                   N=  12 alpha=  6 theta'>=  6.0000 gain=-0.0000 [optimal] 0.0s
  n12/edge/5/in0.0                   N=  15 alpha=  6 theta'>=  6.0000 gain=-0.0000 [optimal] 0.0s
  n12/edge/5/in0.4                   N=  15 alpha=  6 theta'>=  6.0000 gain=-0.0000 [optimal] 0.0s
  n12/edge/5/in0.8                   N=  15 alpha=  6 theta'>=  6.0000 gain=-0.0000 [optimal] 0.0s
  n12/edge/6/in0.0                   N=  18 alpha=  9 theta'>=  9.0000 gain=-0.0000 [optimal] 0.0s
  n12/edge/6/in0.4                   N=  18 alpha=  9 theta'>=  9.0000 gain=-0.0000 [optimal] 0.0s
  n12/edge/6/in0.8                   N=  18 alpha=  6 theta'>=  6.0000 gain=-0.0000 [optimal] 0.1s
  n12/edge/7/in0.0                   N=  21 alpha=  9 theta'>=  9.0000 gain=-0.0000 [optimal] 0.1s
  n12/edge/7/in0.4                   N=  21 alpha=  7 theta'>=  7.3601 gain=+0.3601 [optimal] 0.1s
  n12/edge/7/in0.8                   N=  21 alpha=  6 theta'>=  6.0000 gain=-0.0000 [optimal] 0.1s
  n12/edge/8/in0.0                   N=  24 alpha=  6 theta'>=  6.0000 gain=-0.0000 [optimal] 0.1s
  n12/edge/8/in0.4                   N=  24 alpha=  6 theta'>=  6.0000 gain=-0.0000 [optimal] 0.1s
  n12/edge/8/in0.8                   N=  24 alpha=  6 theta'>=  6.0000 gain=-0.0000 [optimal] 0.1s
  n12/edge/9/in0.0                   N=  27 alpha=  9 theta'>=  9.0000 gain=-0.0000 [optimal] 0.2s
  n12/edge/9/in0.4                   N=  27 alpha=  9 theta'>=  9.0000 gain=-0.0000 [optimal] 0.2s
  n12/edge/9/in0.8                   N=  27 alpha=  6 theta'>=  6.0000 gain=-0.0000 [optimal] 0.2s
  n12/edge/10/in0.0                  N=  30 alpha=  9 theta'>=  9.0000 gain=-0.0000 [optimal] 0.3s
  n12/edge/10/in0.4                  N=  30 alpha=  7 theta'>=  7.3601 gain=+0.3601 [optimal] 0.3s
  n12/edge/10/in0.8                  N=  30 alpha=  7 theta'>=  7.3601 gain=+0.3601 [optimal] 0.3s
  n12/edge/12/in0.0                  N=  36 alpha=  9 theta'>=  9.0000 gain=-0.0000 [optimal] 0.6s
  n12/edge/12/in0.4                  N=  36 alpha=  9 theta'>=  9.0000 gain=-0.0000 [optimal] 0.5s
  n12/edge/12/in0.8                  N=  36 alpha=  6 theta'>=  6.0000 gain=-0.0000 [optimal] 0.5s
  n12/fan/1/[1.0, 2.2]               N=   6 alpha=  3 theta'>=  3.0000 gain=-0.0000 [optimal] 0.0s
  n12/fan/1/[0.0, 2.0, 3.5]          N=   9 alpha=  6 theta'>=  6.0000 gain=-0.0000 [optimal] 0.0s
  n12/fan/1/[1.2, 2.6, 4.0]          N=   9 alpha=  4 theta'>=  4.0000 gain=-0.0000 [optimal] 0.0s
  n12/fan/2/[1.0, 2.2]               N=  12 alpha=  3 theta'>=  3.0000 gain=-0.0000 [optimal] 0.0s
  n12/fan/2/[0.0, 2.0, 3.5]          N=  18 alpha=  9 theta'>=  9.0000 gain=-0.0000 [optimal] 0.0s
  n12/fan/2/[1.2, 2.6, 4.0]          N=  18 alpha=  5 theta'>=  5.0000 gain=-0.0000 [optimal] 0.1s
  n12/fan/3/[1.0, 2.2]               N=  18 alpha=  3 theta'>=  3.0000 gain=-0.0000 [optimal] 0.1s
  n12/fan/3/[0.0, 2.0, 3.5]          N=  27 alpha=  9 theta'>=  9.0000 gain=-0.0000 [optimal] 0.2s
  n12/fan/3/[1.2, 2.6, 4.0]          N=  27 alpha=  6 theta'>=  6.0000 gain=-0.0000 [optimal] 0.2s
  n12/pgrid/ref1/s0.05/0             N=  10 alpha=  6 theta'>=  6.0000 gain=-0.0000 [optimal] 0.0s
  n12/pgrid/ref1/s0.05/1             N=  10 alpha=  5 theta'>=  5.0000 gain=-0.0000 [optimal] 0.0s
  n12/pgrid/ref1/s0.12/0             N=  10 alpha=  5 theta'>=  5.0000 gain=-0.0000 [optimal] 0.0s
  n12/pgrid/ref1/s0.12/1             N=  10 alpha=  5 theta'>=  5.0000 gain=-0.0000 [optimal] 0.0s
  n12/pgrid/ref1/s0.25/0             N=  10 alpha=  4 theta'>=  4.0000 gain=-0.0000 [optimal] 0.0s
  n12/pgrid/ref1/s0.25/1             N=  10 alpha=  5 theta'>=  5.0000 gain=-0.0000 [optimal] 0.0s
  n12/pgrid/ref1/s0.4/0              N=  10 alpha=  5 theta'>=  5.0000 gain=-0.0000 [optimal] 0.0s
  n12/pgrid/ref1/s0.4/1              N=  10 alpha=  5 theta'>=  5.0000 gain=-0.0000 [optimal] 0.0s
  n12/pgrid/ref2/s0.05/0             N=  36 alpha=  8 theta'>=  8.0000 gain=-0.0000 [optimal] 0.7s
  n12/pgrid/ref2/s0.05/1             N=  36 alpha=  7 theta'>=  7.3601 gain=+0.3601 [optimal] 1.0s
  n12/pgrid/ref2/s0.12/0             N=  36 alpha=  7 theta'>=  7.0000 gain=-0.0000 [optimal] 0.7s
  n12/pgrid/ref2/s0.12/1             N=  36 alpha=  7 theta'>=  7.3601 gain=+0.3601 [optimal] 0.7s
  n12/pgrid/ref2/s0.25/0             N=  36 alpha=  7 theta'>=  7.0000 gain=-0.0000 [optimal] 0.7s
  n12/pgrid/ref2/s0.25/1             N=  36 alpha=  8 theta'>=  8.0000 gain=-0.0000 [optimal] 0.6s
  n12/pgrid/ref2/s0.4/0              N=  36 alpha=  6 theta'>=  6.0000 gain=-0.0000 [optimal] 0.8s
  n12/pgrid/ref2/s0.4/1              N=  36 alpha=  7 theta'>=  7.0000 gain=-0.0000 [optimal] 0.5s
  n12/rnd/N12/0                      N=  12 alpha=  4 theta'>=  4.0000 gain=-0.0000 [optimal] 0.0s
  n12/rnd/N12/1                      N=  12 alpha=  5 theta'>=  5.0000 gain=-0.0000 [optimal] 0.0s
  n12/rnd/N12/2                      N=  12 alpha=  3 theta'>=  3.0000 gain=-0.0000 [optimal] 0.0s
  n12/rnd/N18/0                      N=  18 alpha=  6 theta'>=  6.0000 gain=-0.0000 [optimal] 0.0s
  n12/rnd/N18/1                      N=  18 alpha=  6 theta'>=  6.0000 gain=-0.0000 [optimal] 0.1s
  n12/rnd/N18/2                      N=  18 alpha=  5 theta'>=  5.0000 gain=-0.0000 [optimal] 0.1s
  n12/rnd/N24/0                      N=  24 alpha=  6 theta'>=  6.0000 gain=-0.0000 [optimal] 0.1s
  n12/rnd/N24/1                      N=  24 alpha=  6 theta'>=  6.0000 gain=-0.0000 [optimal] 0.1s
  n12/rnd/N24/2                      N=  24 alpha=  6 theta'>=  6.0000 gain=-0.0000 [optimal] 0.2s
  n12/rnd/N30/0                      N=  30 alpha=  6 theta'>=  6.3863 gain=+0.3863 [optimal] 0.3s
  n12/rnd/N30/1                      N=  30 alpha=  7 theta'>=  7.0000 gain=-0.0000 [optimal] 0.3s
  n12/rnd/N30/2                      N=  30 alpha=  6 theta'>=  6.0000 gain=-0.0000 [optimal] 0.4s

=== n=13  d=7.932394  (just-below-d(n))   Oler=7.2470 ===
  n13/grid/ref1                      N=  10 alpha= 10 theta'>= 10.0000 gain=-0.0000 [optimal] 0.0s
  n13/grid/ref2                      N=  36 alpha= 10 theta'>= 10.0000 gain=-0.0000 [optimal] 0.5s
  n13/grid/ref3                      N=  78 alpha= 10 theta'>=  9.9999 gain=-0.0001 [optimal] 8.6s
  n13/ring/m5/R0.35                  N=   5 alpha=  1 theta'>=  1.0000 gain=+0.0000 [optimal] 0.0s
  n13/ring/m5/R0.55                  N=   5 alpha=  2 theta'>=  2.2361 gain=+0.2361 [optimal] 0.0s
  n13/ring/m7/R0.35                  N=   7 alpha=  1 theta'>=  1.0000 gain=+0.0000 [optimal] 0.0s
  n13/ring/m7/R0.55                  N=   7 alpha=  2 theta'>=  2.1099 gain=+0.1099 [optimal] 0.0s
  n13/ring/m7/R0.75                  N=   7 alpha=  3 theta'>=  3.3177 gain=+0.3177 [optimal] 0.0s
  n13/ring/m7/R0.95                  N=   7 alpha=  3 theta'>=  3.3177 gain=+0.3177 [optimal] 0.0s
  n13/ring/m9/R0.35                  N=   9 alpha=  1 theta'>=  1.0000 gain=+0.0000 [optimal] 0.0s
  n13/ring/m9/R0.55                  N=   9 alpha=  3 theta'>=  3.0000 gain=-0.0000 [optimal] 0.0s
  n13/ring/m9/R0.75                  N=   9 alpha=  4 theta'>=  4.3601 gain=+0.3601 [optimal] 0.0s
  n13/ring/m9/R0.95                  N=   9 alpha=  4 theta'>=  4.3601 gain=+0.3601 [optimal] 0.0s
  n13/ring/m11/R0.35                 N=  11 alpha=  1 theta'>=  1.0000 gain=+0.0000 [optimal] 0.0s
  n13/ring/m11/R0.55                 N=  11 alpha=  2 theta'>=  2.4082 gain=+0.4082 [optimal] 0.0s
  n13/ring/m11/R0.75                 N=  11 alpha=  3 theta'>=  3.4518 gain=+0.4518 [optimal] 0.0s
  n13/ring/m11/R0.95                 N=  11 alpha=  5 theta'>=  5.3863 gain=+0.3863 [optimal] 0.0s
  n13/ring/m13/R0.35                 N=  13 alpha=  1 theta'>=  1.0000 gain=+0.0000 [optimal] 0.0s
  n13/ring/m13/R0.55                 N=  13 alpha=  3 theta'>=  3.1060 gain=+0.1060 [optimal] 0.0s
  n13/ring/m13/R0.75                 N=  13 alpha=  4 theta'>=  4.2011 gain=+0.2011 [optimal] 0.0s
  n13/ring/m13/R0.95                 N=  13 alpha=  6 theta'>=  6.4042 gain=+0.4042 [optimal] 0.0s
  n13/ring/m15/R0.35                 N=  15 alpha=  1 theta'>=  1.0000 gain=+0.0000 [optimal] 0.0s
  n13/ring/m15/R0.55                 N=  15 alpha=  3 theta'>=  3.0000 gain=-0.0000 [optimal] 0.0s
  n13/ring/m15/R0.75                 N=  15 alpha=  5 theta'>=  5.0000 gain=-0.0000 [optimal] 0.0s
  n13/ring/m15/R0.95                 N=  15 alpha=  5 theta'>=  5.0000 gain=-0.0000 [optimal] 0.0s
  n13/ring/m17/R0.35                 N=  17 alpha=  1 theta'>=  1.0000 gain=+0.0000 [optimal] 0.0s
  n13/ring/m17/R0.55                 N=  17 alpha=  3 theta'>=  3.2134 gain=+0.2134 [optimal] 0.1s
  n13/ring/m17/R0.75                 N=  17 alpha=  4 theta'>=  4.1329 gain=+0.1329 [optimal] 0.1s
  n13/ring/m17/R0.95                 N=  17 alpha=  5 theta'>=  5.5377 gain=+0.5377 [optimal] 0.0s
  n13/ring/m19/R0.35                 N=  19 alpha=  1 theta'>=  1.0000 gain=-0.0000 [optimal] 0.1s
  n13/ring/m19/R0.55                 N=  19 alpha=  3 theta'>=  3.0556 gain=+0.0556 [optimal] 0.1s
  n13/ring/m19/R0.75                 N=  19 alpha=  4 theta'>=  4.5873 gain=+0.5873 [optimal] 0.1s
  n13/ring/m19/R0.95                 N=  19 alpha=  6 theta'>=  6.2394 gain=+0.2394 [optimal] 0.1s
  n13/ring/m21/R0.35                 N=  21 alpha=  1 theta'>=  1.0000 gain=+0.0000 [optimal] 0.1s
  n13/ring/m21/R0.55                 N=  21 alpha=  3 theta'>=  3.0000 gain=-0.0000 [optimal] 0.1s
  n13/ring/m21/R0.75                 N=  21 alpha=  4 theta'>=  4.0963 gain=+0.0963 [optimal] 0.1s
  n13/ring/m21/R0.95                 N=  21 alpha=  5 theta'>=  5.1515 gain=+0.1515 [optimal] 0.1s
  n13/ring/m23/R0.35                 N=  23 alpha=  1 theta'>=  1.0000 gain=+0.0000 [optimal] 0.1s
  n13/ring/m23/R0.55                 N=  23 alpha=  3 theta'>=  3.1279 gain=+0.1279 [optimal] 0.1s
  n13/ring/m23/R0.75                 N=  23 alpha=  4 theta'>=  4.4376 gain=+0.4376 [optimal] 0.1s
  n13/ring/m23/R0.95                 N=  23 alpha=  5 theta'>=  5.6212 gain=+0.6212 [optimal] 0.1s
  n13/conc/5+10/0.35,0.85            N=  15 alpha=  5 theta'>=  5.0000 gain=-0.0000 [optimal] 0.0s
  n13/conc/5+10/0.35,0.85+c          N=  16 alpha=  5 theta'>=  5.0000 gain=-0.0000 [optimal] 0.0s
  n13/conc/5+10/0.45,0.9             N=  15 alpha=  5 theta'>=  5.0000 gain=-0.0000 [optimal] 0.0s
  n13/conc/5+10/0.45,0.9+c           N=  16 alpha=  6 theta'>=  6.0000 gain=-0.0000 [optimal] 0.0s
  n13/conc/5+10/0.3,0.7              N=  15 alpha=  3 theta'>=  3.1672 gain=+0.1672 [optimal] 0.0s
  n13/conc/5+10/0.3,0.7+c            N=  16 alpha=  3 theta'>=  3.1672 gain=+0.1672 [optimal] 0.1s
  n13/conc/7+14/0.35,0.85            N=  21 alpha=  4 theta'>=  4.5055 gain=+0.5055 [optimal] 0.1s
  n13/conc/7+14/0.35,0.85+c          N=  22 alpha=  4 theta'>=  4.5055 gain=+0.5055 [optimal] 0.1s
  n13/conc/7+14/0.45,0.9             N=  21 alpha=  4 theta'>=  4.5055 gain=+0.5055 [optimal] 0.1s
  n13/conc/7+14/0.45,0.9+c           N=  22 alpha=  5 theta'>=  5.5055 gain=+0.5055 [optimal] 0.1s
  n13/conc/7+14/0.3,0.7              N=  21 alpha=  3 theta'>=  3.3177 gain=+0.3177 [optimal] 0.1s
  n13/conc/7+14/0.3,0.7+c            N=  22 alpha=  3 theta'>=  3.3177 gain=+0.3177 [optimal] 0.1s
  n13/conc/5+11/0.35,0.85            N=  16 alpha=  5 theta'>=  5.3863 gain=+0.3863 [optimal] 0.0s
  n13/conc/5+11/0.35,0.85+c          N=  17 alpha=  5 theta'>=  5.3863 gain=+0.3863 [optimal] 0.0s
  n13/conc/5+11/0.45,0.9             N=  16 alpha=  5 theta'>=  5.3863 gain=+0.3863 [optimal] 0.0s
  n13/conc/5+11/0.45,0.9+c           N=  17 alpha=  6 theta'>=  6.3863 gain=+0.3863 [optimal] 0.0s
  n13/conc/5+11/0.3,0.7              N=  16 alpha=  3 theta'>=  3.4518 gain=+0.4518 [optimal] 0.0s
  n13/conc/5+11/0.3,0.7+c            N=  17 alpha=  3 theta'>=  3.4518 gain=+0.4518 [optimal] 0.1s
  n13/conc/6+12/0.35,0.85            N=  18 alpha=  4 theta'>=  4.0000 gain=-0.0000 [optimal] 0.0s
  n13/conc/6+12/0.35,0.85+c          N=  19 alpha=  4 theta'>=  4.0000 gain=-0.0000 [optimal] 0.1s
  n13/conc/6+12/0.45,0.9             N=  18 alpha=  6 theta'>=  6.0000 gain=-0.0000 [optimal] 0.0s
  n13/conc/6+12/0.45,0.9+c           N=  19 alpha=  7 theta'>=  7.0000 gain=-0.0000 [optimal] 0.1s
  n13/conc/6+12/0.3,0.7              N=  18 alpha=  4 theta'>=  4.0000 gain=-0.0000 [optimal] 0.1s
  n13/conc/6+12/0.3,0.7+c            N=  19 alpha=  4 theta'>=  4.0000 gain=-0.0000 [optimal] 0.1s
  n13/conc/9+9/0.35,0.85             N=  18 alpha=  4 theta'>=  4.3601 gain=+0.3601 [optimal] 0.1s
  n13/conc/9+9/0.35,0.85+c           N=  19 alpha=  4 theta'>=  4.3601 gain=+0.3601 [optimal] 0.1s
  n13/conc/9+9/0.45,0.9              N=  18 alpha=  4 theta'>=  4.3601 gain=+0.3601 [optimal] 0.1s
  n13/conc/9+9/0.45,0.9+c            N=  19 alpha=  5 theta'>=  5.3601 gain=+0.3601 [optimal] 0.1s
  n13/conc/9+9/0.3,0.7               N=  18 alpha=  4 theta'>=  4.3601 gain=+0.3601 [optimal] 0.0s
  n13/conc/9+9/0.3,0.7+c             N=  19 alpha=  4 theta'>=  4.3601 gain=+0.3601 [optimal] 0.1s
  n13/conc/7+12/0.35,0.85            N=  19 alpha=  4 theta'>=  4.0000 gain=-0.0000 [optimal] 0.1s
  n13/conc/7+12/0.35,0.85+c          N=  20 alpha=  4 theta'>=  4.0000 gain=-0.0000 [optimal] 0.1s
  n13/conc/7+12/0.45,0.9             N=  19 alpha=  6 theta'>=  6.0000 gain=-0.0000 [optimal] 0.1s
  n13/conc/7+12/0.45,0.9+c           N=  20 alpha=  7 theta'>=  7.0000 gain=-0.0000 [optimal] 0.1s
  n13/conc/7+12/0.3,0.7              N=  19 alpha=  4 theta'>=  4.0000 gain=-0.0000 [optimal] 0.1s
  n13/conc/7+12/0.3,0.7+c            N=  20 alpha=  4 theta'>=  4.0000 gain=-0.0000 [optimal] 0.1s
  n13/edge/3/in0.0                   N=   9 alpha=  9 theta'>=  9.0000 gain=-0.0000 [optimal] 0.0s
  n13/edge/3/in0.4                   N=   9 alpha=  9 theta'>=  9.0000 gain=-0.0000 [optimal] 0.0s
  n13/edge/3/in0.8                   N=   9 alpha=  6 theta'>=  6.0000 gain=-0.0000 [optimal] 0.0s
  n13/edge/4/in0.0                   N=  12 alpha=  6 theta'>=  6.0000 gain=-0.0000 [optimal] 0.0s
  n13/edge/4/in0.4                   N=  12 alpha=  6 theta'>=  6.0000 gain=-0.0000 [optimal] 0.0s
  n13/edge/4/in0.8                   N=  12 alpha=  6 theta'>=  6.0000 gain=-0.0000 [optimal] 0.0s
  n13/edge/5/in0.0                   N=  15 alpha=  6 theta'>=  6.0000 gain=-0.0000 [optimal] 0.0s
  n13/edge/5/in0.4                   N=  15 alpha=  6 theta'>=  6.0000 gain=-0.0000 [optimal] 0.0s
  n13/edge/5/in0.8                   N=  15 alpha=  6 theta'>=  6.0000 gain=-0.0000 [optimal] 0.0s
  n13/edge/6/in0.0                   N=  18 alpha=  9 theta'>=  9.0000 gain=-0.0000 [optimal] 0.0s
  n13/edge/6/in0.4                   N=  18 alpha=  9 theta'>=  9.0000 gain=-0.0000 [optimal] 0.0s
  n13/edge/6/in0.8                   N=  18 alpha=  6 theta'>=  6.0000 gain=-0.0000 [optimal] 0.1s
  n13/edge/7/in0.0                   N=  21 alpha=  9 theta'>=  9.0000 gain=-0.0000 [optimal] 0.1s
  n13/edge/7/in0.4                   N=  21 alpha=  7 theta'>=  7.3601 gain=+0.3601 [optimal] 0.1s
  n13/edge/7/in0.8                   N=  21 alpha=  7 theta'>=  7.3601 gain=+0.3601 [optimal] 0.1s
  n13/edge/8/in0.0                   N=  24 alpha=  6 theta'>=  6.0000 gain=-0.0000 [optimal] 0.1s
  n13/edge/8/in0.4                   N=  24 alpha=  6 theta'>=  6.0000 gain=-0.0000 [optimal] 0.1s
  n13/edge/8/in0.8                   N=  24 alpha=  6 theta'>=  6.0000 gain=-0.0000 [optimal] 0.1s
  n13/edge/9/in0.0                   N=  27 alpha=  9 theta'>=  9.0000 gain=-0.0000 [optimal] 0.2s
  n13/edge/9/in0.4                   N=  27 alpha=  9 theta'>=  9.0000 gain=-0.0000 [optimal] 0.2s
  n13/edge/9/in0.8                   N=  27 alpha=  6 theta'>=  6.0000 gain=-0.0000 [optimal] 0.2s
  n13/edge/10/in0.0                  N=  30 alpha=  9 theta'>=  9.0000 gain=-0.0000 [optimal] 0.2s
  n13/edge/10/in0.4                  N=  30 alpha=  9 theta'>=  9.0000 gain=-0.0000 [optimal] 0.3s
  n13/edge/10/in0.8                  N=  30 alpha=  7 theta'>=  7.3601 gain=+0.3601 [optimal] 0.3s
  n13/edge/12/in0.0                  N=  36 alpha=  9 theta'>=  9.0000 gain=-0.0000 [optimal] 0.6s
  n13/edge/12/in0.4                  N=  36 alpha=  9 theta'>=  9.0000 gain=-0.0000 [optimal] 0.5s
  n13/edge/12/in0.8                  N=  36 alpha=  6 theta'>=  6.0000 gain=-0.0000 [optimal] 0.6s
  n13/fan/1/[1.0, 2.2]               N=   6 alpha=  3 theta'>=  3.0000 gain=-0.0000 [optimal] 0.0s
  n13/fan/1/[0.0, 2.0, 3.5]          N=   9 alpha=  6 theta'>=  6.0000 gain=-0.0000 [optimal] 0.0s
  n13/fan/1/[1.2, 2.6, 4.0]          N=   9 alpha=  4 theta'>=  4.0000 gain=-0.0000 [optimal] 0.0s
  n13/fan/2/[1.0, 2.2]               N=  12 alpha=  3 theta'>=  3.0000 gain=-0.0000 [optimal] 0.0s
  n13/fan/2/[0.0, 2.0, 3.5]          N=  18 alpha=  9 theta'>=  9.0000 gain=-0.0000 [optimal] 0.0s
  n13/fan/2/[1.2, 2.6, 4.0]          N=  18 alpha=  6 theta'>=  6.0000 gain=-0.0000 [optimal] 0.0s
  n13/fan/3/[1.0, 2.2]               N=  18 alpha=  3 theta'>=  3.0000 gain=-0.0000 [optimal] 0.0s
  n13/fan/3/[0.0, 2.0, 3.5]          N=  27 alpha=  9 theta'>=  9.0000 gain=-0.0000 [optimal] 0.2s
  n13/fan/3/[1.2, 2.6, 4.0]          N=  27 alpha=  6 theta'>=  6.0000 gain=-0.0000 [optimal] 0.2s
  n13/pgrid/ref1/s0.05/0             N=  10 alpha=  6 theta'>=  6.0000 gain=-0.0000 [optimal] 0.0s
  n13/pgrid/ref1/s0.05/1             N=  10 alpha=  5 theta'>=  5.0000 gain=-0.0000 [optimal] 0.0s
  n13/pgrid/ref1/s0.12/0             N=  10 alpha=  5 theta'>=  5.0000 gain=-0.0000 [optimal] 0.0s
  n13/pgrid/ref1/s0.12/1             N=  10 alpha=  5 theta'>=  5.0000 gain=-0.0000 [optimal] 0.0s
  n13/pgrid/ref1/s0.25/0             N=  10 alpha=  4 theta'>=  4.0000 gain=-0.0000 [optimal] 0.0s
  n13/pgrid/ref1/s0.25/1             N=  10 alpha=  5 theta'>=  5.0000 gain=-0.0000 [optimal] 0.0s
  n13/pgrid/ref1/s0.4/0              N=  10 alpha=  5 theta'>=  5.0000 gain=-0.0000 [optimal] 0.0s
  n13/pgrid/ref1/s0.4/1              N=  10 alpha=  5 theta'>=  5.0000 gain=-0.0000 [optimal] 0.0s
  n13/pgrid/ref2/s0.05/0             N=  36 alpha=  8 theta'>=  8.0000 gain=-0.0000 [optimal] 0.8s
  n13/pgrid/ref2/s0.05/1             N=  36 alpha=  7 theta'>=  7.3601 gain=+0.3601 [optimal] 0.8s
  n13/pgrid/ref2/s0.12/0             N=  36 alpha=  7 theta'>=  7.0000 gain=-0.0000 [optimal] 0.7s
  n13/pgrid/ref2/s0.12/1             N=  36 alpha=  7 theta'>=  7.3601 gain=+0.3601 [optimal] 0.8s
  n13/pgrid/ref2/s0.25/0             N=  36 alpha=  7 theta'>=  7.0000 gain=-0.0000 [optimal] 0.7s
  n13/pgrid/ref2/s0.25/1             N=  36 alpha=  8 theta'>=  8.0000 gain=-0.0000 [optimal] 0.6s
  n13/pgrid/ref2/s0.4/0              N=  36 alpha=  6 theta'>=  6.0000 gain=-0.0000 [optimal] 0.7s
  n13/pgrid/ref2/s0.4/1              N=  36 alpha=  7 theta'>=  7.0000 gain=-0.0000 [optimal] 0.6s
  n13/rnd/N12/0                      N=  12 alpha=  4 theta'>=  4.0000 gain=-0.0000 [optimal] 0.0s
  n13/rnd/N12/1                      N=  12 alpha=  5 theta'>=  5.0000 gain=-0.0000 [optimal] 0.0s
  n13/rnd/N12/2                      N=  12 alpha=  5 theta'>=  5.0000 gain=-0.0000 [optimal] 0.0s
  n13/rnd/N18/0                      N=  18 alpha=  6 theta'>=  6.0000 gain=-0.0000 [optimal] 0.1s
  n13/rnd/N18/1                      N=  18 alpha=  6 theta'>=  6.0000 gain=-0.0000 [optimal] 0.0s
  n13/rnd/N18/2                      N=  18 alpha=  5 theta'>=  5.0000 gain=-0.0000 [optimal] 0.1s
  n13/rnd/N24/0                      N=  24 alpha=  7 theta'>=  7.0000 gain=-0.0000 [optimal] 0.1s
  n13/rnd/N24/1                      N=  24 alpha=  6 theta'>=  6.2361 gain=+0.2361 [optimal] 0.2s
  n13/rnd/N24/2                      N=  24 alpha=  6 theta'>=  6.0000 gain=-0.0000 [optimal] 0.1s
  n13/rnd/N30/0                      N=  30 alpha=  8 theta'>=  8.0000 gain=-0.0000 [optimal] 0.3s
  n13/rnd/N30/1                      N=  30 alpha=  7 theta'>=  7.0000 gain=-0.0000 [optimal] 0.3s
  n13/rnd/N30/2                      N=  30 alpha=  7 theta'>=  7.0000 gain=-0.0000 [optimal] 0.4s

=== n=15  d=7.990000  (just-below-d(n))   Oler=8.0000 ===
  n15/grid/ref1                      N=  10 alpha= 10 theta'>= 10.0000 gain=-0.0000 [optimal] 0.0s
  n15/grid/ref2                      N=  36 alpha= 10 theta'>= 10.0000 gain=-0.0000 [optimal] 0.7s
  n15/grid/ref3                      N=  78 alpha= 10 theta'>=  9.9999 gain=-0.0001 [optimal] 8.7s
  n15/ring/m5/R0.35                  N=   5 alpha=  1 theta'>=  1.0000 gain=+0.0000 [optimal] 0.0s
  n15/ring/m5/R0.55                  N=   5 alpha=  2 theta'>=  2.2361 gain=+0.2361 [optimal] 0.0s
  n15/ring/m7/R0.35                  N=   7 alpha=  1 theta'>=  1.0000 gain=+0.0000 [optimal] 0.0s
  n15/ring/m7/R0.55                  N=   7 alpha=  2 theta'>=  2.1099 gain=+0.1099 [optimal] 0.0s
  n15/ring/m7/R0.75                  N=   7 alpha=  3 theta'>=  3.3177 gain=+0.3177 [optimal] 0.0s
  n15/ring/m7/R0.95                  N=   7 alpha=  3 theta'>=  3.3177 gain=+0.3177 [optimal] 0.0s
  n15/ring/m9/R0.35                  N=   9 alpha=  1 theta'>=  1.0000 gain=+0.0000 [optimal] 0.0s
  n15/ring/m9/R0.55                  N=   9 alpha=  3 theta'>=  3.0000 gain=-0.0000 [optimal] 0.0s
  n15/ring/m9/R0.75                  N=   9 alpha=  4 theta'>=  4.3601 gain=+0.3601 [optimal] 0.0s
  n15/ring/m9/R0.95                  N=   9 alpha=  4 theta'>=  4.3601 gain=+0.3601 [optimal] 0.0s
  n15/ring/m11/R0.35                 N=  11 alpha=  1 theta'>=  1.0000 gain=+0.0000 [optimal] 0.0s
  n15/ring/m11/R0.55                 N=  11 alpha=  2 theta'>=  2.4082 gain=+0.4082 [optimal] 0.0s
  n15/ring/m11/R0.75                 N=  11 alpha=  3 theta'>=  3.4518 gain=+0.4518 [optimal] 0.0s
  n15/ring/m11/R0.95                 N=  11 alpha=  5 theta'>=  5.3863 gain=+0.3863 [optimal] 0.0s
  n15/ring/m13/R0.35                 N=  13 alpha=  1 theta'>=  1.0000 gain=+0.0000 [optimal] 0.0s
  n15/ring/m13/R0.55                 N=  13 alpha=  3 theta'>=  3.1060 gain=+0.1060 [optimal] 0.0s
  n15/ring/m13/R0.75                 N=  13 alpha=  4 theta'>=  4.2011 gain=+0.2011 [optimal] 0.0s
  n15/ring/m13/R0.95                 N=  13 alpha=  6 theta'>=  6.4042 gain=+0.4042 [optimal] 0.0s
  n15/ring/m15/R0.35                 N=  15 alpha=  1 theta'>=  1.0000 gain=+0.0000 [optimal] 0.0s
  n15/ring/m15/R0.55                 N=  15 alpha=  3 theta'>=  3.0000 gain=-0.0000 [optimal] 0.0s
  n15/ring/m15/R0.75                 N=  15 alpha=  5 theta'>=  5.0000 gain=-0.0000 [optimal] 0.0s
  n15/ring/m15/R0.95                 N=  15 alpha=  5 theta'>=  5.0000 gain=-0.0000 [optimal] 0.0s
  n15/ring/m17/R0.35                 N=  17 alpha=  1 theta'>=  1.0000 gain=+0.0000 [optimal] 0.0s
  n15/ring/m17/R0.55                 N=  17 alpha=  3 theta'>=  3.2134 gain=+0.2134 [optimal] 0.0s
  n15/ring/m17/R0.75                 N=  17 alpha=  4 theta'>=  4.1329 gain=+0.1329 [optimal] 0.0s
  n15/ring/m17/R0.95                 N=  17 alpha=  5 theta'>=  5.5377 gain=+0.5377 [optimal] 0.0s
  n15/ring/m19/R0.35                 N=  19 alpha=  1 theta'>=  1.0000 gain=-0.0000 [optimal] 0.0s
  n15/ring/m19/R0.55                 N=  19 alpha=  3 theta'>=  3.0556 gain=+0.0556 [optimal] 0.1s
  n15/ring/m19/R0.75                 N=  19 alpha=  4 theta'>=  4.5873 gain=+0.5873 [optimal] 0.1s
  n15/ring/m19/R0.95                 N=  19 alpha=  6 theta'>=  6.2394 gain=+0.2394 [optimal] 0.1s
  n15/ring/m21/R0.35                 N=  21 alpha=  1 theta'>=  1.0000 gain=+0.0000 [optimal] 0.1s
  n15/ring/m21/R0.55                 N=  21 alpha=  3 theta'>=  3.0000 gain=-0.0000 [optimal] 0.1s
  n15/ring/m21/R0.75                 N=  21 alpha=  4 theta'>=  4.0963 gain=+0.0963 [optimal] 0.1s
  n15/ring/m21/R0.95                 N=  21 alpha=  5 theta'>=  5.1515 gain=+0.1515 [optimal] 0.1s
  n15/ring/m23/R0.35                 N=  23 alpha=  1 theta'>=  1.0000 gain=+0.0000 [optimal] 0.1s
  n15/ring/m23/R0.55                 N=  23 alpha=  3 theta'>=  3.1279 gain=+0.1279 [optimal] 0.1s
  n15/ring/m23/R0.75                 N=  23 alpha=  4 theta'>=  4.4376 gain=+0.4376 [optimal] 0.1s
  n15/ring/m23/R0.95                 N=  23 alpha=  5 theta'>=  5.6212 gain=+0.6212 [optimal] 0.1s
  n15/conc/5+10/0.35,0.85            N=  15 alpha=  5 theta'>=  5.0000 gain=-0.0000 [optimal] 0.0s
  n15/conc/5+10/0.35,0.85+c          N=  16 alpha=  5 theta'>=  5.0000 gain=-0.0000 [optimal] 0.0s
  n15/conc/5+10/0.45,0.9             N=  15 alpha=  5 theta'>=  5.0000 gain=-0.0000 [optimal] 0.0s
  n15/conc/5+10/0.45,0.9+c           N=  16 alpha=  6 theta'>=  6.0000 gain=-0.0000 [optimal] 0.0s
  n15/conc/5+10/0.3,0.7              N=  15 alpha=  3 theta'>=  3.1672 gain=+0.1672 [optimal] 0.0s
  n15/conc/5+10/0.3,0.7+c            N=  16 alpha=  3 theta'>=  3.1672 gain=+0.1672 [optimal] 0.1s
  n15/conc/7+14/0.35,0.85            N=  21 alpha=  4 theta'>=  4.5055 gain=+0.5055 [optimal] 0.1s
  n15/conc/7+14/0.35,0.85+c          N=  22 alpha=  4 theta'>=  4.5055 gain=+0.5055 [optimal] 0.1s
  n15/conc/7+14/0.45,0.9             N=  21 alpha=  4 theta'>=  4.5055 gain=+0.5055 [optimal] 0.1s
  n15/conc/7+14/0.45,0.9+c           N=  22 alpha=  5 theta'>=  5.5055 gain=+0.5055 [optimal] 0.1s
  n15/conc/7+14/0.3,0.7              N=  21 alpha=  4 theta'>=  4.5055 gain=+0.5055 [optimal] 0.1s
  n15/conc/7+14/0.3,0.7+c            N=  22 alpha=  4 theta'>=  4.5055 gain=+0.5055 [optimal] 0.1s
  n15/conc/5+11/0.35,0.85            N=  16 alpha=  5 theta'>=  5.3863 gain=+0.3863 [optimal] 0.0s
  n15/conc/5+11/0.35,0.85+c          N=  17 alpha=  5 theta'>=  5.3863 gain=+0.3863 [optimal] 0.1s
  n15/conc/5+11/0.45,0.9             N=  16 alpha=  5 theta'>=  5.3863 gain=+0.3863 [optimal] 0.0s
  n15/conc/5+11/0.45,0.9+c           N=  17 alpha=  6 theta'>=  6.3863 gain=+0.3863 [optimal] 0.0s
  n15/conc/5+11/0.3,0.7              N=  16 alpha=  3 theta'>=  3.4518 gain=+0.4518 [optimal] 0.0s
  n15/conc/5+11/0.3,0.7+c            N=  17 alpha=  3 theta'>=  3.4518 gain=+0.4518 [optimal] 0.1s
  n15/conc/6+12/0.35,0.85            N=  18 alpha=  4 theta'>=  4.0000 gain=-0.0000 [optimal] 0.1s
  n15/conc/6+12/0.35,0.85+c          N=  19 alpha=  4 theta'>=  4.0000 gain=-0.0000 [optimal] 0.1s
  n15/conc/6+12/0.45,0.9             N=  18 alpha=  6 theta'>=  6.0000 gain=-0.0000 [optimal] 0.0s
  n15/conc/6+12/0.45,0.9+c           N=  19 alpha=  7 theta'>=  7.0000 gain=-0.0000 [optimal] 0.1s
  n15/conc/6+12/0.3,0.7              N=  18 alpha=  4 theta'>=  4.0000 gain=-0.0000 [optimal] 0.1s
  n15/conc/6+12/0.3,0.7+c            N=  19 alpha=  4 theta'>=  4.0000 gain=-0.0000 [optimal] 0.1s
  n15/conc/9+9/0.35,0.85             N=  18 alpha=  4 theta'>=  4.3601 gain=+0.3601 [optimal] 0.1s
  n15/conc/9+9/0.35,0.85+c           N=  19 alpha=  4 theta'>=  4.3601 gain=+0.3601 [optimal] 0.1s
  n15/conc/9+9/0.45,0.9              N=  18 alpha=  4 theta'>=  4.3601 gain=+0.3601 [optimal] 0.1s
  n15/conc/9+9/0.45,0.9+c            N=  19 alpha=  5 theta'>=  5.3601 gain=+0.3601 [optimal] 0.1s
  n15/conc/9+9/0.3,0.7               N=  18 alpha=  4 theta'>=  4.3601 gain=+0.3601 [optimal] 0.1s
  n15/conc/9+9/0.3,0.7+c             N=  19 alpha=  4 theta'>=  4.3601 gain=+0.3601 [optimal] 0.1s
  n15/conc/7+12/0.35,0.85            N=  19 alpha=  4 theta'>=  4.0000 gain=-0.0000 [optimal] 0.1s
  n15/conc/7+12/0.35,0.85+c          N=  20 alpha=  4 theta'>=  4.0000 gain=-0.0000 [optimal] 0.1s
  n15/conc/7+12/0.45,0.9             N=  19 alpha=  6 theta'>=  6.0000 gain=-0.0000 [optimal] 0.1s
  n15/conc/7+12/0.45,0.9+c           N=  20 alpha=  7 theta'>=  7.0000 gain=-0.0000 [optimal] 0.1s
  n15/conc/7+12/0.3,0.7              N=  19 alpha=  4 theta'>=  4.0000 gain=-0.0000 [optimal] 0.1s
  n15/conc/7+12/0.3,0.7+c            N=  20 alpha=  4 theta'>=  4.0000 gain=-0.0000 [optimal] 0.1s
  n15/edge/3/in0.0                   N=   9 alpha=  9 theta'>=  9.0000 gain=-0.0000 [optimal] 0.0s
  n15/edge/3/in0.4                   N=   9 alpha=  9 theta'>=  9.0000 gain=-0.0000 [optimal] 0.0s
  n15/edge/3/in0.8                   N=   9 alpha=  6 theta'>=  6.0000 gain=-0.0000 [optimal] 0.0s
  n15/edge/4/in0.0                   N=  12 alpha=  6 theta'>=  6.0000 gain=-0.0000 [optimal] 0.0s
  n15/edge/4/in0.4                   N=  12 alpha=  6 theta'>=  6.0000 gain=-0.0000 [optimal] 0.0s
  n15/edge/4/in0.8                   N=  12 alpha=  6 theta'>=  6.0000 gain=-0.0000 [optimal] 0.0s
  n15/edge/5/in0.0                   N=  15 alpha=  6 theta'>=  6.0000 gain=-0.0000 [optimal] 0.0s
  n15/edge/5/in0.4                   N=  15 alpha=  6 theta'>=  6.0000 gain=-0.0000 [optimal] 0.0s
  n15/edge/5/in0.8                   N=  15 alpha=  6 theta'>=  6.0000 gain=-0.0000 [optimal] 0.0s
  n15/edge/6/in0.0                   N=  18 alpha=  9 theta'>=  9.0000 gain=-0.0000 [optimal] 0.0s
  n15/edge/6/in0.4                   N=  18 alpha=  9 theta'>=  9.0000 gain=-0.0000 [optimal] 0.0s
  n15/edge/6/in0.8                   N=  18 alpha=  6 theta'>=  6.0000 gain=-0.0000 [optimal] 0.1s
  n15/edge/7/in0.0                   N=  21 alpha=  9 theta'>=  9.0000 gain=-0.0000 [optimal] 0.1s
  n15/edge/7/in0.4                   N=  21 alpha=  7 theta'>=  7.3601 gain=+0.3601 [optimal] 0.1s
  n15/edge/7/in0.8                   N=  21 alpha=  7 theta'>=  7.3601 gain=+0.3601 [optimal] 0.1s
  n15/edge/8/in0.0                   N=  24 alpha=  6 theta'>=  6.0000 gain=-0.0000 [optimal] 0.1s
  n15/edge/8/in0.4                   N=  24 alpha=  6 theta'>=  6.0000 gain=-0.0000 [optimal] 0.1s
  n15/edge/8/in0.8                   N=  24 alpha=  6 theta'>=  6.0000 gain=-0.0000 [optimal] 0.1s
  n15/edge/9/in0.0                   N=  27 alpha=  9 theta'>=  9.0000 gain=-0.0000 [optimal] 0.2s
  n15/edge/9/in0.4                   N=  27 alpha=  9 theta'>=  9.0000 gain=-0.0000 [optimal] 0.2s
  n15/edge/9/in0.8                   N=  27 alpha=  6 theta'>=  6.0000 gain=-0.0000 [optimal] 0.2s
  n15/edge/10/in0.0                  N=  30 alpha=  9 theta'>=  9.0000 gain=-0.0000 [optimal] 0.2s
  n15/edge/10/in0.4                  N=  30 alpha=  9 theta'>=  9.0000 gain=-0.0000 [optimal] 0.3s
  n15/edge/10/in0.8                  N=  30 alpha=  7 theta'>=  7.3601 gain=+0.3601 [optimal] 0.3s
  n15/edge/12/in0.0                  N=  36 alpha=  9 theta'>=  9.0000 gain=-0.0000 [optimal] 0.6s
  n15/edge/12/in0.4                  N=  36 alpha=  9 theta'>=  9.0000 gain=-0.0000 [optimal] 0.5s
  n15/edge/12/in0.8                  N=  36 alpha=  6 theta'>=  6.0000 gain=-0.0000 [optimal] 0.6s
  n15/fan/1/[1.0, 2.2]               N=   6 alpha=  3 theta'>=  3.0000 gain=-0.0000 [optimal] 0.0s
  n15/fan/1/[0.0, 2.0, 3.5]          N=   9 alpha=  6 theta'>=  6.0000 gain=-0.0000 [optimal] 0.0s
  n15/fan/1/[1.2, 2.6, 4.0]          N=   9 alpha=  4 theta'>=  4.0000 gain=-0.0000 [optimal] 0.0s
  n15/fan/2/[1.0, 2.2]               N=  12 alpha=  3 theta'>=  3.0000 gain=-0.0000 [optimal] 0.0s
  n15/fan/2/[0.0, 2.0, 3.5]          N=  18 alpha=  9 theta'>=  9.0000 gain=-0.0000 [optimal] 0.1s
  n15/fan/2/[1.2, 2.6, 4.0]          N=  18 alpha=  6 theta'>=  6.0000 gain=-0.0000 [optimal] 0.1s
  n15/fan/3/[1.0, 2.2]               N=  18 alpha=  3 theta'>=  3.0000 gain=-0.0000 [optimal] 0.0s
  n15/fan/3/[0.0, 2.0, 3.5]          N=  27 alpha=  9 theta'>=  9.0000 gain=-0.0000 [optimal] 0.2s
  n15/fan/3/[1.2, 2.6, 4.0]          N=  27 alpha=  6 theta'>=  6.0000 gain=-0.0000 [optimal] 0.2s
  n15/pgrid/ref1/s0.05/0             N=  10 alpha=  6 theta'>=  6.0000 gain=-0.0000 [optimal] 0.0s
  n15/pgrid/ref1/s0.05/1             N=  10 alpha=  5 theta'>=  5.0000 gain=-0.0000 [optimal] 0.0s
  n15/pgrid/ref1/s0.12/0             N=  10 alpha=  5 theta'>=  5.0000 gain=-0.0000 [optimal] 0.0s
  n15/pgrid/ref1/s0.12/1             N=  10 alpha=  5 theta'>=  5.0000 gain=-0.0000 [optimal] 0.0s
  n15/pgrid/ref1/s0.25/0             N=  10 alpha=  4 theta'>=  4.0000 gain=-0.0000 [optimal] 0.0s
  n15/pgrid/ref1/s0.25/1             N=  10 alpha=  5 theta'>=  5.0000 gain=-0.0000 [optimal] 0.0s
  n15/pgrid/ref1/s0.4/0              N=  10 alpha=  5 theta'>=  5.0000 gain=-0.0000 [optimal] 0.0s
  n15/pgrid/ref1/s0.4/1              N=  10 alpha=  5 theta'>=  5.0000 gain=-0.0000 [optimal] 0.0s
  n15/pgrid/ref2/s0.05/0             N=  36 alpha=  8 theta'>=  8.0000 gain=-0.0000 [optimal] 0.7s
  n15/pgrid/ref2/s0.05/1             N=  36 alpha=  7 theta'>=  7.3601 gain=+0.3601 [optimal] 0.8s
  n15/pgrid/ref2/s0.12/0             N=  36 alpha=  7 theta'>=  7.0000 gain=-0.0000 [optimal] 0.7s
  n15/pgrid/ref2/s0.12/1             N=  36 alpha=  7 theta'>=  7.3601 gain=+0.3601 [optimal] 0.7s
  n15/pgrid/ref2/s0.25/0             N=  36 alpha=  7 theta'>=  7.0000 gain=-0.0000 [optimal] 0.7s
  n15/pgrid/ref2/s0.25/1             N=  36 alpha=  8 theta'>=  8.0000 gain=-0.0000 [optimal] 0.6s
  n15/pgrid/ref2/s0.4/0              N=  36 alpha=  6 theta'>=  6.0000 gain=-0.0000 [optimal] 0.7s
  n15/pgrid/ref2/s0.4/1              N=  36 alpha=  7 theta'>=  7.0000 gain=-0.0000 [optimal] 0.6s
  n15/rnd/N12/0                      N=  12 alpha=  4 theta'>=  4.0000 gain=-0.0000 [optimal] 0.0s
  n15/rnd/N12/1                      N=  12 alpha=  5 theta'>=  5.0000 gain=-0.0000 [optimal] 0.0s
  n15/rnd/N12/2                      N=  12 alpha=  5 theta'>=  5.0000 gain=-0.0000 [optimal] 0.0s
  n15/rnd/N18/0                      N=  18 alpha=  6 theta'>=  6.0000 gain=-0.0000 [optimal] 0.1s
  n15/rnd/N18/1                      N=  18 alpha=  6 theta'>=  6.0000 gain=-0.0000 [optimal] 0.1s
  n15/rnd/N18/2                      N=  18 alpha=  5 theta'>=  5.0000 gain=-0.0000 [optimal] 0.1s
  n15/rnd/N24/0                      N=  24 alpha=  7 theta'>=  7.0000 gain=-0.0000 [optimal] 0.2s
  n15/rnd/N24/1                      N=  24 alpha=  7 theta'>=  7.0000 gain=-0.0000 [optimal] 0.1s
  n15/rnd/N24/2                      N=  24 alpha=  6 theta'>=  6.0000 gain=-0.0000 [optimal] 0.1s
  n15/rnd/N30/0                      N=  30 alpha=  8 theta'>=  8.0000 gain=-0.0000 [optimal] 0.4s
  n15/rnd/N30/1                      N=  30 alpha=  8 theta'>=  8.0000 gain=-0.0000 [optimal] 0.4s
  n15/rnd/N30/2                      N=  30 alpha=  7 theta'>=  7.0000 gain=-0.0000 [optimal] 0.4s

=== n=16  d=8.929203  (just-above-covering-plateau)   Oler=8.3578 ===
  n16/grid/ref1                      N=  15 alpha= 15 theta'>= 15.0000 gain=-0.0000 [optimal] 0.0s
  n16/grid/ref2                      N=  45 alpha= 15 theta'>= 15.0000 gain=-0.0000 [optimal] 1.3s
/home/user/r5-worktrees/theta2/experiments/packing-r5-theta2/theta2_core.py:108: UserWarning: Solution may be inaccurate. Try another solver, adjusting the solver settings, or solve with verbose=True for more information.
  prob.solve(solver=solver, verbose=verbose, **kw)
  n16/grid/ref3                      N= 105 alpha= 15 theta'>= 14.9767 gain=-0.0233 [optimal_inaccurate] 25.2s
  n16/ring/m5/R0.35                  N=   5 alpha=  1 theta'>=  1.0000 gain=+0.0000 [optimal] 0.0s
  n16/ring/m5/R0.55                  N=   5 alpha=  2 theta'>=  2.2361 gain=+0.2361 [optimal] 0.0s
  n16/ring/m7/R0.35                  N=   7 alpha=  1 theta'>=  1.0000 gain=+0.0000 [optimal] 0.0s
  n16/ring/m7/R0.55                  N=   7 alpha=  3 theta'>=  3.3177 gain=+0.3177 [optimal] 0.0s
  n16/ring/m7/R0.75                  N=   7 alpha=  3 theta'>=  3.3177 gain=+0.3177 [optimal] 0.0s
  n16/ring/m9/R0.35                  N=   9 alpha=  1 theta'>=  1.0000 gain=+0.0000 [optimal] 0.0s
  n16/ring/m9/R0.55                  N=   9 alpha=  3 theta'>=  3.0000 gain=-0.0000 [optimal] 0.0s
  n16/ring/m9/R0.75                  N=   9 alpha=  4 theta'>=  4.3601 gain=+0.3601 [optimal] 0.0s
  n16/ring/m9/R0.95                  N=   9 alpha=  4 theta'>=  4.3601 gain=+0.3601 [optimal] 0.0s
  n16/ring/m11/R0.35                 N=  11 alpha=  1 theta'>=  1.0000 gain=+0.0000 [optimal] 0.0s
  n16/ring/m11/R0.55                 N=  11 alpha=  3 theta'>=  3.4518 gain=+0.4518 [optimal] 0.0s
  n16/ring/m11/R0.75                 N=  11 alpha=  5 theta'>=  5.3863 gain=+0.3863 [optimal] 0.0s
  n16/ring/m11/R0.95                 N=  11 alpha=  5 theta'>=  5.3863 gain=+0.3863 [optimal] 0.0s
  n16/ring/m13/R0.35                 N=  13 alpha=  1 theta'>=  1.0000 gain=+0.0000 [optimal] 0.0s
  n16/ring/m13/R0.55                 N=  13 alpha=  3 theta'>=  3.1060 gain=+0.1060 [optimal] 0.0s
  n16/ring/m13/R0.75                 N=  13 alpha=  4 theta'>=  4.2011 gain=+0.2011 [optimal] 0.0s
  n16/ring/m13/R0.95                 N=  13 alpha=  6 theta'>=  6.4042 gain=+0.4042 [optimal] 0.0s
  n16/ring/m15/R0.35                 N=  15 alpha=  1 theta'>=  1.0000 gain=+0.0000 [optimal] 0.0s
  n16/ring/m15/R0.55                 N=  15 alpha=  3 theta'>=  3.5294 gain=+0.5294 [optimal] 0.0s
  n16/ring/m15/R0.75                 N=  15 alpha=  5 theta'>=  5.0000 gain=-0.0000 [optimal] 0.0s
  n16/ring/m15/R0.95                 N=  15 alpha=  5 theta'>=  5.0000 gain=-0.0000 [optimal] 0.0s
  n16/ring/m17/R0.35                 N=  17 alpha=  1 theta'>=  1.0000 gain=+0.0000 [optimal] 0.0s
  n16/ring/m17/R0.55                 N=  17 alpha=  3 theta'>=  3.2134 gain=+0.2134 [optimal] 0.0s
  n16/ring/m17/R0.75                 N=  17 alpha=  5 theta'>=  5.5377 gain=+0.5377 [optimal] 0.1s
  n16/ring/m17/R0.95                 N=  17 alpha=  5 theta'>=  5.5377 gain=+0.5377 [optimal] 0.1s
  n16/ring/m19/R0.35                 N=  19 alpha=  1 theta'>=  1.0000 gain=-0.0000 [optimal] 0.1s
  n16/ring/m19/R0.55                 N=  19 alpha=  3 theta'>=  3.5814 gain=+0.5814 [optimal] 0.1s
