
=== n=7 d=5.45410  (alpha(G_d) should be 6) ===
  n7/base-grid-ref1                        N=   6 alpha=  6* theta'>=  6.0000 gain=-0.0000 [optimal] 0.0s
  n7/grid1+ring11@0.5                      N=  17 alpha=  6* theta'>=  6.0000 gain=-0.0000 [optimal] 0.1s
  n7/grid1+ring11@0.75                     N=  17 alpha=  6* theta'>=  6.0000 gain=-0.0000 [optimal] 0.1s
  n7/grid1+ring11@0.9                      N=  17 alpha=  6* theta'>=  6.0000 gain=-0.0000 [optimal] 0.1s
  n7/grid1+ring13@0.5                      N=  19 alpha=  6* theta'>=  6.0000 gain=-0.0000 [optimal] 0.1s
  n7/grid1+ring13@0.75                     N=  19 alpha=  6* theta'>=  6.0000 gain=-0.0000 [optimal] 0.1s
  n7/grid1+ring13@0.9                      N=  19 alpha=  6* theta'>=  6.0000 gain=-0.0000 [optimal] 0.1s
  n7/grid1+ring17@0.5                      N=  23 alpha=  6* theta'>=  6.0000 gain=-0.0000 [optimal] 0.1s
  n7/grid1+ring17@0.75                     N=  23 alpha=  6* theta'>=  6.0000 gain=-0.0000 [optimal] 0.2s
  n7/grid1+ring17@0.9                      N=  23 alpha=  6* theta'>=  6.0000 gain=-0.0000 [optimal] 0.1s
  n7/grid1+ring19@0.5                      N=  25 alpha=  6* theta'>=  6.0000 gain=-0.0000 [optimal] 0.2s
  n7/grid1+ring19@0.75                     N=  25 alpha=  6* theta'>=  6.0000 gain=-0.0000 [optimal] 0.3s
  n7/grid1+ring19@0.9                      N=  25 alpha=  6* theta'>=  6.0000 gain=-0.0000 [optimal] 0.2s
  n7/grid1+ring23@0.5                      N=  29 alpha=  6* theta'>=  6.0000 gain=-0.0000 [optimal] 0.3s
  n7/grid1+ring23@0.75                     N=  29 alpha=  6* theta'>=  6.0000 gain=-0.0000 [optimal] 0.3s
  n7/grid1+ring23@0.9                      N=  29 alpha=  6* theta'>=  6.0000 gain=-0.0000 [optimal] 0.3s
  n7/grid1+edge4@0.0                       N=  17 alpha=  6* theta'>=  6.0000 gain=-0.0000 [optimal] 0.1s
  n7/grid1+edge4@0.5                       N=  18 alpha=  6* theta'>=  6.0000 gain=-0.0000 [optimal] 0.1s
  n7/grid1+edge6@0.0                       N=  23 alpha=  6* theta'>=  6.0000 gain=-0.0000 [optimal] 0.2s
  n7/grid1+edge6@0.5                       N=  24 alpha=  6* theta'>=  6.0000 gain=-0.0000 [optimal] 0.2s
  n7/grid1+edge9@0.0                       N=  32 alpha=  6* theta'>=  6.0000 gain=-0.0000 [optimal] 0.5s
  n7/grid1+edge9@0.5                       N=  33 alpha=  6* theta'>=  6.0000 gain=-0.0000 [optimal] 0.7s
  n7/grid1+rnd6/0                          N=  12 alpha=  6* theta'>=  6.0000 gain=-0.0000 [optimal] 0.0s
  n7/grid1+rnd6/1                          N=  12 alpha=  6* theta'>=  6.0000 gain=-0.0000 [optimal] 0.0s
  n7/grid1+rnd6/2                          N=  12 alpha=  6* theta'>=  6.0000 gain=-0.0000 [optimal] 0.0s
  n7/grid1+rnd12/0                         N=  18 alpha=  6* theta'>=  6.0000 gain=-0.0000 [optimal] 0.1s
  n7/grid1+rnd12/1                         N=  18 alpha=  6* theta'>=  6.0000 gain=-0.0000 [optimal] 0.1s
  n7/grid1+rnd12/2                         N=  18 alpha=  6* theta'>=  6.0000 gain=-0.0000 [optimal] 0.1s
  n7/grid1+rnd20/0                         N=  26 alpha=  6* theta'>=  6.0000 gain=-0.0000 [optimal] 0.2s
  n7/grid1+rnd20/1                         N=  26 alpha=  6* theta'>=  6.0000 gain=-0.0000 [optimal] 0.2s
  n7/grid1+rnd20/2                         N=  26 alpha=  6* theta'>=  6.0000 gain=-0.0000 [optimal] 0.1s
  n7/grid1+ring17+edge6                    N=  41 alpha=  6* theta'>=  6.0000 gain=-0.0000 [optimal] 2.1s
  n7/base-grid-ref2                        N=  21 alpha=  6* theta'>=  6.0000 gain=-0.0000 [optimal] 0.1s
  n7/grid2+ring11@0.5                      N=  32 alpha=  6* theta'>=  6.0000 gain=-0.0000 [optimal] 0.4s
  n7/grid2+ring11@0.75                     N=  32 alpha=  6* theta'>=  6.0000 gain=-0.0000 [optimal] 0.5s
  n7/grid2+ring11@0.9                      N=  32 alpha=  6* theta'>=  6.0000 gain=-0.0000 [optimal] 0.6s
  n7/grid2+ring13@0.5                      N=  34 alpha=  6* theta'>=  6.0000 gain=-0.0000 [optimal] 1.2s
  n7/grid2+ring13@0.75                     N=  34 alpha=  6* theta'>=  6.0000 gain=-0.0000 [optimal] 1.1s
  n7/grid2+ring13@0.9                      N=  34 alpha=  6* theta'>=  6.0000 gain=-0.0000 [optimal] 1.2s
  n7/grid2+ring17@0.5                      N=  38 alpha=  6* theta'>=  6.0000 gain=-0.0000 [optimal] 1.4s
  n7/grid2+ring17@0.75                     N=  38 alpha=  6* theta'>=  6.0000 gain=-0.0000 [optimal] 1.6s
  n7/grid2+ring17@0.9                      N=  38 alpha=  6* theta'>=  6.0000 gain=-0.0000 [optimal] 2.4s
  n7/grid2+ring19@0.5                      N=  40 alpha=  6* theta'>=  6.0000 gain=-0.0000 [optimal] 1.9s
  n7/grid2+ring19@0.75                     N=  40 alpha=  6* theta'>=  6.0000 gain=-0.0000 [optimal] 1.5s
  n7/grid2+ring19@0.9                      N=  40 alpha=  6* theta'>=  6.0000 gain=-0.0000 [optimal] 2.3s
  n7/grid2+ring23@0.5                      N=  44 alpha=  6* theta'>=  6.0000 gain=-0.0000 [optimal] 3.3s
  n7/grid2+ring23@0.75                     N=  44 alpha=  6* theta'>=  6.0000 gain=-0.0000 [optimal] 3.4s
  n7/grid2+ring23@0.9                      N=  44 alpha=  6* theta'>=  6.0000 gain=-0.0000 [optimal] 3.4s
  n7/grid2+edge4@0.0                       N=  32 alpha=  6* theta'>=  6.0000 gain=-0.0000 [optimal] 0.6s
  n7/grid2+edge4@0.5                       N=  33 alpha=  6* theta'>=  6.0000 gain=-0.0000 [optimal] 1.0s
  n7/grid2+edge6@0.0                       N=  38 alpha=  6* theta'>=  6.0000 gain=-0.0000 [optimal] 1.5s
  n7/grid2+edge6@0.5                       N=  39 alpha=  6* theta'>=  6.0000 gain=-0.0000 [optimal] 1.8s
  n7/grid2+edge9@0.0                       N=  47 alpha=  6* theta'>=  6.0000 gain=-0.0000 [optimal] 2.7s
  n7/grid2+edge9@0.5                       N=  48 alpha=  6* theta'>=  6.0000 gain=-0.0000 [optimal] 5.9s
  n7/grid2+rnd6/0                          N=  27 alpha=  6* theta'>=  6.0000 gain=-0.0000 [optimal] 0.4s
  n7/grid2+rnd6/1                          N=  27 alpha=  6* theta'>=  6.0000 gain=-0.0000 [optimal] 0.3s
  n7/grid2+rnd6/2                          N=  27 alpha=  6* theta'>=  6.0000 gain=-0.0000 [optimal] 0.3s
  n7/grid2+rnd12/0                         N=  33 alpha=  6* theta'>=  6.0000 gain=-0.0000 [optimal] 1.2s
  n7/grid2+rnd12/1                         N=  33 alpha=  6* theta'>=  6.0000 gain=-0.0000 [optimal] 1.3s
  n7/grid2+rnd12/2                         N=  33 alpha=  6* theta'>=  6.0000 gain=-0.0000 [optimal] 1.4s
  n7/grid2+rnd20/0                         N=  41 alpha=  6* theta'>=  6.0000 gain=-0.0000 [optimal] 3.8s
  n7/grid2+rnd20/1                         N=  41 alpha=  6* theta'>=  6.0000 gain=-0.0000 [optimal] 4.5s
  n7/grid2+rnd20/2                         N=  41 alpha=  6* theta'>=  6.0000 gain=-0.0000 [optimal] 3.8s
  n7/grid2+ring17+edge6                    N=  56 alpha=  6* theta'>=  6.0000 gain=-0.0000 [optimal] 11.2s

=== n=8 d=5.81971  (alpha(G_d) should be 7) ===
  n8/base-grid-ref1                        N=   6 alpha=  6  theta'>=  6.0000 gain=-0.0000 [optimal] 0.0s
  n8/grid1+ring11@0.5                      N=  17 alpha=  6  theta'>=  6.0000 gain=-0.0000 [optimal] 0.1s
  n8/grid1+ring11@0.75                     N=  17 alpha=  6  theta'>=  6.0000 gain=-0.0000 [optimal] 0.2s
  n8/grid1+ring11@0.9                      N=  17 alpha=  6  theta'>=  6.0000 gain=-0.0000 [optimal] 0.1s
  n8/grid1+ring13@0.5                      N=  19 alpha=  6  theta'>=  6.0000 gain=-0.0000 [optimal] 0.1s
  n8/grid1+ring13@0.75                     N=  19 alpha=  6  theta'>=  6.0000 gain=-0.0000 [optimal] 0.1s
  n8/grid1+ring13@0.9                      N=  19 alpha=  6  theta'>=  6.0000 gain=-0.0000 [optimal] 0.1s
  n8/grid1+ring17@0.5                      N=  23 alpha=  6  theta'>=  6.0000 gain=-0.0000 [optimal] 0.2s
  n8/grid1+ring17@0.75                     N=  23 alpha=  6  theta'>=  6.0000 gain=-0.0000 [optimal] 0.2s
  n8/grid1+ring17@0.9                      N=  23 alpha=  6  theta'>=  6.0000 gain=-0.0000 [optimal] 0.2s
  n8/grid1+ring19@0.5                      N=  25 alpha=  6  theta'>=  6.0000 gain=-0.0000 [optimal] 0.2s
  n8/grid1+ring19@0.75                     N=  25 alpha=  6  theta'>=  6.0000 gain=-0.0000 [optimal] 0.3s
  n8/grid1+ring19@0.9                      N=  25 alpha=  6  theta'>=  6.0000 gain=-0.0000 [optimal] 0.1s
  n8/grid1+ring23@0.5                      N=  29 alpha=  6  theta'>=  6.0000 gain=-0.0000 [optimal] 0.3s
  n8/grid1+ring23@0.75                     N=  29 alpha=  6  theta'>=  6.0000 gain=-0.0000 [optimal] 0.3s
  n8/grid1+ring23@0.9                      N=  29 alpha=  6  theta'>=  6.0000 gain=-0.0000 [optimal] 0.4s
  n8/grid1+edge4@0.0                       N=  17 alpha=  6  theta'>=  6.0000 gain=-0.0000 [optimal] 0.1s
  n8/grid1+edge4@0.5                       N=  18 alpha=  6  theta'>=  6.0000 gain=-0.0000 [optimal] 0.1s
  n8/grid1+edge6@0.0                       N=  23 alpha=  6  theta'>=  6.0000 gain=-0.0000 [optimal] 0.1s
  n8/grid1+edge6@0.5                       N=  24 alpha=  6  theta'>=  6.0000 gain=-0.0000 [optimal] 0.2s
  n8/grid1+edge9@0.0                       N=  32 alpha=  6  theta'>=  6.0000 gain=-0.0000 [optimal] 0.5s
  n8/grid1+edge9@0.5                       N=  33 alpha=  6  theta'>=  6.0000 gain=-0.0000 [optimal] 1.7s
  n8/grid1+rnd6/0                          N=  12 alpha=  6  theta'>=  6.0000 gain=-0.0000 [optimal] 0.1s
  n8/grid1+rnd6/1                          N=  12 alpha=  6  theta'>=  6.0000 gain=-0.0000 [optimal] 0.0s
  n8/grid1+rnd6/2                          N=  12 alpha=  6  theta'>=  6.0000 gain=-0.0000 [optimal] 0.0s
  n8/grid1+rnd12/0                         N=  18 alpha=  6  theta'>=  6.0000 gain=-0.0000 [optimal] 0.1s
  n8/grid1+rnd12/1                         N=  18 alpha=  6  theta'>=  6.0000 gain=-0.0000 [optimal] 0.0s
  n8/grid1+rnd12/2                         N=  18 alpha=  6  theta'>=  6.0000 gain=-0.0000 [optimal] 0.0s
  n8/grid1+rnd20/0                         N=  26 alpha=  6  theta'>=  6.0000 gain=-0.0000 [optimal] 0.3s
  n8/grid1+rnd20/1                         N=  26 alpha=  6  theta'>=  6.0000 gain=-0.0000 [optimal] 0.3s
  n8/grid1+rnd20/2                         N=  26 alpha=  6  theta'>=  6.0000 gain=-0.0000 [optimal] 0.3s
  n8/grid1+ring17+edge6                    N=  41 alpha=  6  theta'>=  6.0000 gain=-0.0000 [optimal] 2.9s
  n8/base-grid-ref2                        N=  21 alpha=  6  theta'>=  6.0000 gain=-0.0000 [optimal] 0.2s
  n8/grid2+ring11@0.5                      N=  32 alpha=  6  theta'>=  6.0000 gain=-0.0000 [optimal] 0.4s
  n8/grid2+ring11@0.75                     N=  32 alpha=  6  theta'>=  6.0000 gain=-0.0000 [optimal] 0.3s
  n8/grid2+ring11@0.9                      N=  32 alpha=  6  theta'>=  6.0000 gain=-0.0000 [optimal] 0.8s
  n8/grid2+ring13@0.5                      N=  34 alpha=  6  theta'>=  6.0000 gain=-0.0000 [optimal] 1.2s
  n8/grid2+ring13@0.75                     N=  34 alpha=  6  theta'>=  6.0000 gain=-0.0000 [optimal] 0.8s
  n8/grid2+ring13@0.9                      N=  34 alpha=  6  theta'>=  6.0000 gain=-0.0000 [optimal] 1.4s
  n8/grid2+ring17@0.5                      N=  38 alpha=  6  theta'>=  6.0000 gain=-0.0000 [optimal] 1.5s
  n8/grid2+ring17@0.75                     N=  38 alpha=  6  theta'>=  6.0000 gain=-0.0000 [optimal] 0.9s
  n8/grid2+ring17@0.9                      N=  38 alpha=  6  theta'>=  6.0000 gain=-0.0000 [optimal] 0.8s
  n8/grid2+ring19@0.5                      N=  40 alpha=  6  theta'>=  6.0000 gain=-0.0000 [optimal] 0.9s
  n8/grid2+ring19@0.75                     N=  40 alpha=  6  theta'>=  6.0000 gain=-0.0000 [optimal] 1.3s
  n8/grid2+ring19@0.9                      N=  40 alpha=  6  theta'>=  6.0000 gain=-0.0000 [optimal] 1.4s
  n8/grid2+ring23@0.5                      N=  44 alpha=  6  theta'>=  6.0000 gain=-0.0000 [optimal] 2.8s
  n8/grid2+ring23@0.75                     N=  44 alpha=  6  theta'>=  6.0000 gain=-0.0000 [optimal] 2.3s
  n8/grid2+ring23@0.9                      N=  44 alpha=  6  theta'>=  6.0000 gain=-0.0000 [optimal] 2.4s
  n8/grid2+edge4@0.0                       N=  32 alpha=  6  theta'>=  6.0000 gain=-0.0000 [optimal] 0.4s
  n8/grid2+edge4@0.5                       N=  33 alpha=  6  theta'>=  6.0000 gain=-0.0000 [optimal] 0.4s
  n8/grid2+edge6@0.0                       N=  38 alpha=  6  theta'>=  6.0000 gain=-0.0000 [optimal] 1.3s
  n8/grid2+edge6@0.5                       N=  39 alpha=  6  theta'>=  6.0000 gain=-0.0000 [optimal] 1.3s
  n8/grid2+edge9@0.0                       N=  47 alpha=  6  theta'>=  6.0000 gain=-0.0000 [optimal] 4.5s
  n8/grid2+edge9@0.5                       N=  48 alpha=  6  theta'>=  6.0000 gain=-0.0000 [optimal] 3.8s
  n8/grid2+rnd6/0                          N=  27 alpha=  6  theta'>=  6.0000 gain=-0.0000 [optimal] 0.3s
  n8/grid2+rnd6/1                          N=  27 alpha=  6  theta'>=  6.0000 gain=-0.0000 [optimal] 0.3s
  n8/grid2+rnd6/2                          N=  27 alpha=  6  theta'>=  6.0000 gain=-0.0000 [optimal] 0.2s
  n8/grid2+rnd12/0                         N=  33 alpha=  6  theta'>=  6.0000 gain=-0.0000 [optimal] 1.2s
  n8/grid2+rnd12/1                         N=  33 alpha=  6  theta'>=  6.0000 gain=-0.0000 [optimal] 1.4s
  n8/grid2+rnd12/2                         N=  33 alpha=  6  theta'>=  6.0000 gain=-0.0000 [optimal] 1.0s
  n8/grid2+rnd20/0                         N=  41 alpha=  6  theta'>=  6.0000 gain=-0.0000 [optimal] 3.3s
  n8/grid2+rnd20/1                         N=  41 alpha=  6  theta'>=  6.0000 gain=-0.0000 [optimal] 3.1s
  n8/grid2+rnd20/2                         N=  41 alpha=  6  theta'>=  6.0000 gain=-0.0000 [optimal] 2.9s
  n8/grid2+ring17+edge6                    N=  56 alpha=  6  theta'>=  6.0000 gain=-0.0000 [optimal] 8.6s

=== n=12 d=7.45410  (alpha(G_d) should be 11) ===
  n12/base-grid-ref1                       N=  10 alpha= 10  theta'>= 10.0000 gain=-0.0000 [optimal] 0.1s
  n12/grid1+ring11@0.5                     N=  21 alpha= 10  theta'>= 10.0000 gain=-0.0000 [optimal] 0.1s
  n12/grid1+ring11@0.75                    N=  21 alpha= 10  theta'>= 10.0000 gain=-0.0000 [optimal] 0.1s
  n12/grid1+ring11@0.9                     N=  21 alpha= 10  theta'>= 10.0000 gain=-0.0000 [optimal] 0.1s
  n12/grid1+ring13@0.5                     N=  23 alpha= 10  theta'>= 10.0000 gain=-0.0000 [optimal] 0.1s
  n12/grid1+ring13@0.75                    N=  23 alpha= 10  theta'>= 10.0000 gain=-0.0000 [optimal] 0.1s
  n12/grid1+ring13@0.9                     N=  23 alpha= 10  theta'>= 10.0000 gain=-0.0000 [optimal] 0.1s
  n12/grid1+ring17@0.5                     N=  27 alpha= 10  theta'>= 10.0000 gain=-0.0000 [optimal] 0.2s
  n12/grid1+ring17@0.75                    N=  27 alpha= 10  theta'>= 10.0000 gain=-0.0000 [optimal] 0.2s
  n12/grid1+ring17@0.9                     N=  27 alpha= 10  theta'>= 10.0000 gain=-0.0000 [optimal] 0.2s
  n12/grid1+ring19@0.5                     N=  29 alpha= 10  theta'>= 10.0000 gain=-0.0000 [optimal] 0.2s
  n12/grid1+ring19@0.75                    N=  29 alpha= 10  theta'>= 10.0000 gain=-0.0000 [optimal] 0.3s
  n12/grid1+ring19@0.9                     N=  29 alpha= 10  theta'>= 10.0000 gain=-0.0000 [optimal] 0.2s
  n12/grid1+ring23@0.5                     N=  33 alpha= 10  theta'>= 10.0000 gain=-0.0000 [optimal] 0.4s
  n12/grid1+ring23@0.75                    N=  33 alpha= 10  theta'>= 10.0000 gain=-0.0000 [optimal] 0.4s
  n12/grid1+ring23@0.9                     N=  33 alpha= 10  theta'>= 10.0000 gain=-0.0000 [optimal] 0.5s
  n12/grid1+edge4@0.0                      N=  21 alpha= 10  theta'>= 10.0000 gain=-0.0000 [optimal] 0.1s
  n12/grid1+edge4@0.5                      N=  22 alpha= 10  theta'>= 10.0000 gain=-0.0000 [optimal] 0.1s
  n12/grid1+edge6@0.0                      N=  27 alpha= 10  theta'>= 10.0000 gain=-0.0000 [optimal] 0.2s
  n12/grid1+edge6@0.5                      N=  28 alpha= 10  theta'>= 10.0000 gain=-0.0000 [optimal] 0.3s
  n12/grid1+edge9@0.0                      N=  36 alpha= 10  theta'>= 10.0000 gain=-0.0000 [optimal] 1.2s
  n12/grid1+edge9@0.5                      N=  37 alpha= 10  theta'>= 10.0000 gain=-0.0000 [optimal] 1.1s
  n12/grid1+rnd6/0                         N=  16 alpha= 10  theta'>= 10.0000 gain=-0.0000 [optimal] 0.1s
  n12/grid1+rnd6/1                         N=  16 alpha= 10  theta'>= 10.0000 gain=-0.0000 [optimal] 0.0s
  n12/grid1+rnd6/2                         N=  16 alpha= 10  theta'>= 10.0000 gain=-0.0000 [optimal] 0.0s
  n12/grid1+rnd12/0                        N=  22 alpha= 10  theta'>= 10.0000 gain=-0.0000 [optimal] 0.1s
  n12/grid1+rnd12/1                        N=  22 alpha= 10  theta'>= 10.0000 gain=-0.0000 [optimal] 0.1s
  n12/grid1+rnd12/2                        N=  22 alpha= 10  theta'>= 10.0000 gain=-0.0000 [optimal] 0.1s
  n12/grid1+rnd20/0                        N=  30 alpha= 10  theta'>= 10.0000 gain=-0.0000 [optimal] 0.3s
  n12/grid1+rnd20/1                        N=  30 alpha= 10  theta'>= 10.0000 gain=-0.0000 [optimal] 0.3s
  n12/grid1+rnd20/2                        N=  30 alpha= 10  theta'>= 10.0000 gain=-0.0000 [optimal] 0.2s
  n12/grid1+ring17+edge6                   N=  45 alpha= 10  theta'>= 10.0000 gain=-0.0000 [optimal] 2.7s
  n12/base-grid-ref2                       N=  36 alpha= 10  theta'>= 10.0000 gain=-0.0000 [optimal] 1.2s
  n12/grid2+ring11@0.5                     N=  47 alpha= 10  theta'>= 10.0000 gain=-0.0000 [optimal] 2.3s
  n12/grid2+ring11@0.75                    N=  47 alpha= 10  theta'>= 10.0000 gain=-0.0000 [optimal] 2.5s
  n12/grid2+ring11@0.9                     N=  47 alpha= 10  theta'>= 10.0000 gain=-0.0000 [optimal] 2.9s
  n12/grid2+ring13@0.5                     N=  49 alpha= 10  theta'>= 10.0000 gain=-0.0000 [optimal] 3.0s
  n12/grid2+ring13@0.75                    N=  49 alpha= 10  theta'>= 10.0000 gain=-0.0000 [optimal] 2.7s
  n12/grid2+ring13@0.9                     N=  49 alpha= 10  theta'>= 10.0000 gain=-0.0000 [optimal] 2.7s
  n12/grid2+ring17@0.5                     N=  53 alpha= 10  theta'>= 10.0000 gain=-0.0000 [optimal] 5.5s
  n12/grid2+ring17@0.75                    N=  53 alpha= 10  theta'>= 10.0000 gain=-0.0000 [optimal] 7.6s
  n12/grid2+ring17@0.9                     N=  53 alpha= 10  theta'>= 10.0000 gain=-0.0000 [optimal] 9.2s
  n12/grid2+ring19@0.5                     N=  55 alpha= 10  theta'>= 10.0000 gain=-0.0000 [optimal] 10.9s
  n12/grid2+ring19@0.75                    N=  55 alpha= 10  theta'>= 10.0000 gain=-0.0000 [optimal] 9.4s
  n12/grid2+ring19@0.9                     N=  55 alpha= 10  theta'>= 10.0000 gain=-0.0000 [optimal] 9.6s
  n12/grid2+ring23@0.5                     N=  59 alpha= 10  theta'>= 10.0000 gain=-0.0000 [optimal] 11.8s
  n12/grid2+ring23@0.75                    N=  59 alpha= 10  theta'>= 10.0000 gain=-0.0000 [optimal] 13.3s
  n12/grid2+ring23@0.9                     N=  59 alpha= 10  theta'>= 10.0000 gain=-0.0000 [optimal] 9.1s
  n12/grid2+edge4@0.0                      N=  47 alpha= 10  theta'>= 10.0000 gain=-0.0000 [optimal] 3.3s
  n12/grid2+edge4@0.5                      N=  48 alpha= 10  theta'>= 10.0000 gain=-0.0000 [optimal] 3.0s
  n12/grid2+edge6@0.0                      N=  53 alpha= 10  theta'>= 10.0000 gain=-0.0000 [optimal] 4.8s
  n12/grid2+edge6@0.5                      N=  54 alpha= 10  theta'>= 10.0000 gain=-0.0000 [optimal] 4.1s
  n12/grid2+edge9@0.0                      N=  62 alpha= 10  theta'>=  9.9987 gain=-0.0013 [optimal] 7.9s
  n12/grid2+edge9@0.5                      N=  63 alpha= 10  theta'>=  9.9998 gain=-0.0002 [optimal] 1.8s
  n12/grid2+rnd6/0                         N=  42 alpha= 10  theta'>= 10.0000 gain=-0.0000 [optimal] 1.5s
  n12/grid2+rnd6/1                         N=  42 alpha= 10  theta'>= 10.0000 gain=-0.0000 [optimal] 1.2s
  n12/grid2+rnd6/2                         N=  42 alpha= 10  theta'>= 10.0000 gain=-0.0000 [optimal] 1.2s
  n12/grid2+rnd12/0                        N=  48 alpha= 10  theta'>= 10.0000 gain=-0.0000 [optimal] 2.3s
  n12/grid2+rnd12/1                        N=  48 alpha= 10  theta'>= 10.0000 gain=-0.0000 [optimal] 2.3s
  n12/grid2+rnd12/2                        N=  48 alpha= 10  theta'>= 10.0000 gain=-0.0000 [optimal] 2.3s
  n12/grid2+rnd20/0                        N=  56 alpha= 10  theta'>= 10.0000 gain=-0.0000 [optimal] 4.5s
  n12/grid2+rnd20/1                        N=  56 alpha= 10  theta'>= 10.0000 gain=-0.0000 [optimal] 4.8s
  n12/grid2+rnd20/2                        N=  56 alpha= 10  theta'>= 10.0000 gain=-0.0000 [optimal] 3.8s
  n12/grid2+ring17+edge6                   N=  71 alpha= 10  theta'>=  9.9986 gain=-0.0014 [optimal] 3.8s

=== n=15 d=7.99000  (alpha(G_d) should be 14) ===
  n15/base-grid-ref1                       N=  10 alpha= 10  theta'>= 10.0000 gain=-0.0000 [optimal] 0.0s
  n15/grid1+ring11@0.5                     N=  21 alpha= 10  theta'>= 10.0000 gain=-0.0000 [optimal] 0.1s
  n15/grid1+ring11@0.75                    N=  21 alpha= 10  theta'>= 10.0000 gain=-0.0000 [optimal] 0.1s
  n15/grid1+ring11@0.9                     N=  21 alpha= 10  theta'>= 10.0000 gain=-0.0000 [optimal] 0.1s
  n15/grid1+ring13@0.5                     N=  23 alpha= 10  theta'>= 10.0000 gain=-0.0000 [optimal] 0.1s
  n15/grid1+ring13@0.75                    N=  23 alpha= 10  theta'>= 10.0000 gain=-0.0000 [optimal] 0.1s
  n15/grid1+ring13@0.9                     N=  23 alpha= 10  theta'>= 10.0000 gain=-0.0000 [optimal] 0.1s
  n15/grid1+ring17@0.5                     N=  27 alpha= 10  theta'>= 10.0000 gain=-0.0000 [optimal] 0.2s
  n15/grid1+ring17@0.75                    N=  27 alpha= 10  theta'>= 10.0000 gain=-0.0000 [optimal] 0.2s
  n15/grid1+ring17@0.9                     N=  27 alpha= 10  theta'>= 10.0000 gain=-0.0000 [optimal] 0.2s
  n15/grid1+ring19@0.5                     N=  29 alpha= 10  theta'>= 10.0000 gain=-0.0000 [optimal] 0.2s
  n15/grid1+ring19@0.75                    N=  29 alpha= 10  theta'>= 10.0000 gain=-0.0000 [optimal] 0.2s
  n15/grid1+ring19@0.9                     N=  29 alpha= 10  theta'>= 10.0000 gain=-0.0000 [optimal] 0.2s
  n15/grid1+ring23@0.5                     N=  33 alpha= 10  theta'>= 10.0000 gain=-0.0000 [optimal] 0.4s
  n15/grid1+ring23@0.75                    N=  33 alpha= 10  theta'>= 10.0000 gain=-0.0000 [optimal] 0.4s
  n15/grid1+ring23@0.9                     N=  33 alpha= 10  theta'>= 10.0000 gain=-0.0000 [optimal] 0.4s
  n15/grid1+edge4@0.0                      N=  21 alpha= 10  theta'>= 10.0000 gain=-0.0000 [optimal] 0.1s
  n15/grid1+edge4@0.5                      N=  22 alpha= 10  theta'>= 10.0000 gain=-0.0000 [optimal] 0.1s
  n15/grid1+edge6@0.0                      N=  27 alpha= 10  theta'>= 10.0000 gain=-0.0000 [optimal] 0.2s
  n15/grid1+edge6@0.5                      N=  28 alpha= 10  theta'>= 10.0000 gain=-0.0000 [optimal] 0.2s
  n15/grid1+edge9@0.0                      N=  36 alpha= 10  theta'>= 10.0000 gain=-0.0000 [optimal] 0.7s
  n15/grid1+edge9@0.5                      N=  37 alpha= 10  theta'>= 10.0000 gain=-0.0000 [optimal] 0.7s
  n15/grid1+rnd6/0                         N=  16 alpha= 10  theta'>= 10.0000 gain=-0.0000 [optimal] 0.0s
  n15/grid1+rnd6/1                         N=  16 alpha= 10  theta'>= 10.0000 gain=-0.0000 [optimal] 0.0s
  n15/grid1+rnd6/2                         N=  16 alpha= 10  theta'>= 10.0000 gain=-0.0000 [optimal] 0.0s
  n15/grid1+rnd12/0                        N=  22 alpha= 10  theta'>= 10.0000 gain=-0.0000 [optimal] 0.1s
  n15/grid1+rnd12/1                        N=  22 alpha= 10  theta'>= 10.0000 gain=-0.0000 [optimal] 0.1s
  n15/grid1+rnd12/2                        N=  22 alpha= 10  theta'>= 10.0000 gain=-0.0000 [optimal] 0.1s
  n15/grid1+rnd20/0                        N=  30 alpha= 10  theta'>= 10.0000 gain=-0.0000 [optimal] 0.3s
  n15/grid1+rnd20/1                        N=  30 alpha= 10  theta'>= 10.0000 gain=-0.0000 [optimal] 0.3s
  n15/grid1+rnd20/2                        N=  30 alpha= 10  theta'>= 10.0000 gain=-0.0000 [optimal] 0.3s
  n15/grid1+ring17+edge6                   N=  45 alpha= 10  theta'>= 10.0000 gain=-0.0000 [optimal] 1.9s
  n15/base-grid-ref2                       N=  36 alpha= 10  theta'>= 10.0000 gain=-0.0000 [optimal] 0.9s
  n15/grid2+ring11@0.5                     N=  47 alpha= 10  theta'>= 10.0000 gain=-0.0000 [optimal] 3.6s
  n15/grid2+ring11@0.75                    N=  47 alpha= 10  theta'>= 10.0000 gain=-0.0000 [optimal] 3.0s
  n15/grid2+ring11@0.9                     N=  47 alpha= 10  theta'>= 10.0000 gain=-0.0000 [optimal] 3.4s
  n15/grid2+ring13@0.5                     N=  49 alpha= 10  theta'>= 10.0000 gain=-0.0000 [optimal] 4.0s
  n15/grid2+ring13@0.75                    N=  49 alpha= 10  theta'>= 10.0000 gain=-0.0000 [optimal] 3.7s
  n15/grid2+ring13@0.9                     N=  49 alpha= 10  theta'>= 10.0000 gain=-0.0000 [optimal] 3.3s
  n15/grid2+ring17@0.5                     N=  53 alpha= 10  theta'>= 10.0000 gain=-0.0000 [optimal] 3.7s
  n15/grid2+ring17@0.75                    N=  53 alpha= 10  theta'>= 10.0000 gain=-0.0000 [optimal] 3.4s
  n15/grid2+ring17@0.9                     N=  53 alpha= 10  theta'>= 10.0000 gain=-0.0000 [optimal] 3.7s
  n15/grid2+ring19@0.5                     N=  55 alpha= 10  theta'>= 10.0000 gain=-0.0000 [optimal] 4.3s
  n15/grid2+ring19@0.75                    N=  55 alpha= 10  theta'>= 10.0000 gain=-0.0000 [optimal] 4.5s
  n15/grid2+ring19@0.9                     N=  55 alpha= 10  theta'>= 10.0000 gain=-0.0000 [optimal] 4.2s
  n15/grid2+ring23@0.5                     N=  59 alpha= 10  theta'>= 10.0000 gain=-0.0000 [optimal] 5.6s
  n15/grid2+ring23@0.75                    N=  59 alpha= 10  theta'>= 10.0000 gain=-0.0000 [optimal] 5.4s
  n15/grid2+ring23@0.9                     N=  59 alpha= 10  theta'>= 10.0000 gain=-0.0000 [optimal] 5.9s
  n15/grid2+edge4@0.0                      N=  47 alpha= 10  theta'>= 10.0000 gain=-0.0000 [optimal] 1.8s
  n15/grid2+edge4@0.5                      N=  48 alpha= 10  theta'>= 10.0000 gain=-0.0000 [optimal] 2.3s
  n15/grid2+edge6@0.0                      N=  53 alpha= 10  theta'>= 10.0000 gain=-0.0000 [optimal] 3.4s
  n15/grid2+edge6@0.5                      N=  54 alpha= 10  theta'>= 10.0000 gain=-0.0000 [optimal] 3.8s
  n15/grid2+edge9@0.0                      N=  62 alpha= 10  theta'>= 10.0000 gain=-0.0000 [optimal] 2.4s
  n15/grid2+edge9@0.5                      N=  63 alpha= 10  theta'>=  9.9992 gain=-0.0008 [optimal] 6.6s
  n15/grid2+rnd6/0                         N=  42 alpha= 10  theta'>= 10.0000 gain=-0.0000 [optimal] 1.3s
  n15/grid2+rnd6/1                         N=  42 alpha= 10  theta'>= 10.0000 gain=-0.0000 [optimal] 1.4s
  n15/grid2+rnd6/2                         N=  42 alpha= 10  theta'>= 10.0000 gain=-0.0000 [optimal] 1.4s
  n15/grid2+rnd12/0                        N=  48 alpha= 10  theta'>= 10.0000 gain=-0.0000 [optimal] 2.5s
  n15/grid2+rnd12/1                        N=  48 alpha= 10  theta'>= 10.0000 gain=-0.0000 [optimal] 2.1s
  n15/grid2+rnd12/2                        N=  48 alpha= 10  theta'>= 10.0000 gain=-0.0000 [optimal] 1.9s
  n15/grid2+rnd20/0                        N=  56 alpha= 10  theta'>= 10.0000 gain=-0.0000 [optimal] 4.6s
  n15/grid2+rnd20/1                        N=  56 alpha= 10  theta'>= 10.0000 gain=-0.0000 [optimal] 5.9s
  n15/grid2+rnd20/2                        N=  56 alpha= 10  theta'>= 10.0000 gain=-0.0000 [optimal] 5.1s
  n15/grid2+ring17+edge6                   N=  71 alpha= 10  theta'>=  9.9985 gain=-0.0015 [optimal] 21.1s

=== n=16 d=8.92920  (alpha(G_d) should be 15) ===
  n16/base-grid-ref1                       N=  15 alpha= 15* theta'>= 15.0000 gain=-0.0000 [optimal] 0.0s
  n16/grid1+ring11@0.5                     N=  26 alpha= 15* theta'>= 15.0000 gain=-0.0000 [optimal] 0.1s
  n16/grid1+ring11@0.75                    N=  26 alpha= 15* theta'>= 15.0000 gain=-0.0000 [optimal] 0.1s
  n16/grid1+ring11@0.9                     N=  26 alpha= 15* theta'>= 15.0000 gain=-0.0000 [optimal] 0.2s
  n16/grid1+ring13@0.5                     N=  28 alpha= 15* theta'>= 15.0000 gain=-0.0000 [optimal] 0.2s
  n16/grid1+ring13@0.75                    N=  28 alpha= 15* theta'>= 15.0000 gain=-0.0000 [optimal] 0.2s
  n16/grid1+ring13@0.9                     N=  28 alpha= 15* theta'>= 15.0000 gain=-0.0000 [optimal] 0.2s
  n16/grid1+ring17@0.5                     N=  32 alpha= 15* theta'>= 15.0000 gain=-0.0000 [optimal] 0.3s
  n16/grid1+ring17@0.75                    N=  32 alpha= 15* theta'>= 15.0000 gain=-0.0000 [optimal] 0.3s
  n16/grid1+ring17@0.9                     N=  32 alpha= 15* theta'>= 15.0000 gain=-0.0000 [optimal] 0.3s
  n16/grid1+ring19@0.5                     N=  34 alpha= 15* theta'>= 15.0000 gain=-0.0000 [optimal] 0.3s
  n16/grid1+ring19@0.75                    N=  34 alpha= 15* theta'>= 15.0000 gain=-0.0000 [optimal] 0.4s
  n16/grid1+ring19@0.9                     N=  34 alpha= 15* theta'>= 15.0000 gain=-0.0000 [optimal] 0.3s
  n16/grid1+ring23@0.5                     N=  38 alpha= 15* theta'>= 15.0000 gain=-0.0000 [optimal] 0.7s
  n16/grid1+ring23@0.75                    N=  38 alpha= 15* theta'>= 15.0000 gain=-0.0000 [optimal] 0.6s
  n16/grid1+ring23@0.9                     N=  38 alpha= 15* theta'>= 15.0000 gain=-0.0000 [optimal] 0.7s
  n16/grid1+edge4@0.0                      N=  26 alpha= 15* theta'>= 15.0000 gain=-0.0000 [optimal] 0.2s
  n16/grid1+edge4@0.5                      N=  27 alpha= 15* theta'>= 15.0000 gain=-0.0000 [optimal] 0.2s
  n16/grid1+edge6@0.0                      N=  32 alpha= 15* theta'>= 15.0000 gain=-0.0000 [optimal] 0.4s
  n16/grid1+edge6@0.5                      N=  33 alpha= 15* theta'>= 15.0000 gain=-0.0000 [optimal] 0.4s
  n16/grid1+edge9@0.0                      N=  41 alpha= 15* theta'>= 15.0000 gain=-0.0000 [optimal] 0.9s
  n16/grid1+edge9@0.5                      N=  42 alpha= 15* theta'>= 15.0000 gain=-0.0000 [optimal] 1.1s
  n16/grid1+rnd6/0                         N=  21 alpha= 15* theta'>= 15.0000 gain=-0.0000 [optimal] 0.1s
  n16/grid1+rnd6/1                         N=  21 alpha= 15* theta'>= 15.0000 gain=-0.0000 [optimal] 0.1s
  n16/grid1+rnd6/2                         N=  21 alpha= 15* theta'>= 15.0000 gain=-0.0000 [optimal] 0.1s
  n16/grid1+rnd12/0                        N=  27 alpha= 15* theta'>= 15.0000 gain=-0.0000 [optimal] 0.2s
  n16/grid1+rnd12/1                        N=  27 alpha= 15* theta'>= 15.0000 gain=-0.0000 [optimal] 0.2s
  n16/grid1+rnd12/2                        N=  27 alpha= 15* theta'>= 15.0000 gain=-0.0000 [optimal] 0.2s
  n16/grid1+rnd20/0                        N=  35 alpha= 15* theta'>= 15.0000 gain=-0.0000 [optimal] 0.4s
  n16/grid1+rnd20/1                        N=  35 alpha= 15* theta'>= 15.0000 gain=-0.0000 [optimal] 0.5s
  n16/grid1+rnd20/2                        N=  35 alpha= 15* theta'>= 15.0000 gain=-0.0000 [optimal] 0.4s
  n16/grid1+ring17+edge6                   N=  50 alpha= 15* theta'>= 15.0000 gain=-0.0000 [optimal] 2.2s
  n16/base-grid-ref2                       N=  45 alpha= 15* theta'>= 15.0000 gain=-0.0000 [optimal] 1.2s
  n16/grid2+ring11@0.5                     N=  56 alpha= 15* theta'>= 15.0000 gain=-0.0000 [optimal] 3.3s
  n16/grid2+ring11@0.75                    N=  56 alpha= 15* theta'>= 15.0000 gain=-0.0000 [optimal] 3.3s
  n16/grid2+ring11@0.9                     N=  56 alpha= 15* theta'>= 15.0000 gain=-0.0000 [optimal] 3.5s
  n16/grid2+ring13@0.5                     N=  58 alpha= 15* theta'>= 15.0000 gain=-0.0000 [optimal] 3.9s
  n16/grid2+ring13@0.75                    N=  58 alpha= 15* theta'>= 15.0000 gain=-0.0000 [optimal] 4.0s
  n16/grid2+ring13@0.9                     N=  58 alpha= 15* theta'>= 15.0000 gain=-0.0000 [optimal] 4.0s
  n16/grid2+ring17@0.5                     N=  62 alpha= 15* theta'>= 14.9994 gain=-0.0006 [optimal] 0.5s
  n16/grid2+ring17@0.75                    N=  62 alpha= 15* theta'>= 14.9989 gain=-0.0011 [optimal] 0.5s
  n16/grid2+ring17@0.9                     N=  62 alpha= 15* theta'>= 15.0000 gain=-0.0000 [optimal] 0.5s
  n16/grid2+ring19@0.5                     N=  64 alpha= 15* theta'>= 15.0000 gain=-0.0000 [optimal] 0.6s
  n16/grid2+ring19@0.75                    N=  64 alpha= 15* theta'>= 14.9988 gain=-0.0012 [optimal] 0.5s
  n16/grid2+ring19@0.9                     N=  64 alpha= 15* theta'>= 14.9999 gain=-0.0001 [optimal] 0.6s
  n16/grid2+ring23@0.5                     N=  68 alpha= 15* theta'>= 14.9994 gain=-0.0006 [optimal] 0.7s
  n16/grid2+ring23@0.75                    N=  68 alpha= 15* theta'>= 14.9998 gain=-0.0002 [optimal] 0.6s
  n16/grid2+ring23@0.9                     N=  68 alpha= 15* theta'>= 14.9998 gain=-0.0002 [optimal] 0.9s
  n16/grid2+edge4@0.0                      N=  56 alpha= 15* theta'>= 15.0000 gain=-0.0000 [optimal] 5.7s
  n16/grid2+edge4@0.5                      N=  57 alpha= 15* theta'>= 15.0000 gain=-0.0000 [optimal] 5.6s
  n16/grid2+edge6@0.0                      N=  62 alpha= 15* theta'>= 14.9987 gain=-0.0013 [optimal] 0.7s
  n16/grid2+edge6@0.5                      N=  63 alpha= 15* theta'>= 15.0000 gain=-0.0000 [optimal] 0.9s
  n16/grid2+edge9@0.0                      N=  71 alpha= 15* theta'>= 14.9995 gain=-0.0005 [optimal] 0.6s
  n16/grid2+edge9@0.5                      N=  72 alpha= 15* theta'>= 14.9997 gain=-0.0003 [optimal] 0.9s
  n16/grid2+rnd6/0                         N=  51 alpha= 15* theta'>= 15.0000 gain=-0.0000 [optimal] 3.5s
  n16/grid2+rnd6/1                         N=  51 alpha= 15* theta'>= 15.0000 gain=-0.0000 [optimal] 3.3s
  n16/grid2+rnd6/2                         N=  51 alpha= 15* theta'>= 15.0000 gain=-0.0000 [optimal] 3.5s
  n16/grid2+rnd12/0                        N=  57 alpha= 15* theta'>= 15.0000 gain=-0.0000 [optimal] 6.2s
  n16/grid2+rnd12/1                        N=  57 alpha= 15* theta'>= 15.0000 gain=-0.0000 [optimal] 6.3s
  n16/grid2+rnd12/2                        N=  57 alpha= 15* theta'>= 15.0000 gain=-0.0000 [optimal] 5.2s
  n16/grid2+rnd20/0                        N=  65 alpha= 15* theta'>= 14.9999 gain=-0.0001 [optimal] 1.0s
  n16/grid2+rnd20/1                        N=  65 alpha= 15* theta'>= 14.9998 gain=-0.0002 [optimal] 0.5s
  n16/grid2+rnd20/2                        N=  65 alpha= 15* theta'>= 15.0000 gain=-0.0000 [optimal] 0.6s
  n16/grid2+ring17+edge6                   N=  80 alpha= 15* theta'>= 14.9998 gain=-0.0002 [optimal] 1.5s

=== n=16 d=9.23950  (alpha(G_d) should be 15) ===
  n16/base-grid-ref1                       N=  15 alpha= 15* theta'>= 15.0000 gain=-0.0000 [optimal] 0.0s
  n16/grid1+ring11@0.5                     N=  26 alpha= 15* theta'>= 15.0000 gain=-0.0000 [optimal] 0.1s
  n16/grid1+ring11@0.75                    N=  26 alpha= 15* theta'>= 15.0000 gain=-0.0000 [optimal] 0.2s
  n16/grid1+ring11@0.9                     N=  26 alpha= 15* theta'>= 15.0000 gain=-0.0000 [optimal] 0.2s
  n16/grid1+ring13@0.5                     N=  28 alpha= 15* theta'>= 15.0000 gain=-0.0000 [optimal] 0.2s
  n16/grid1+ring13@0.75                    N=  28 alpha= 15* theta'>= 15.0000 gain=-0.0000 [optimal] 0.2s
  n16/grid1+ring13@0.9                     N=  28 alpha= 15* theta'>= 15.0000 gain=-0.0000 [optimal] 0.2s
  n16/grid1+ring17@0.5                     N=  32 alpha= 15* theta'>= 15.0000 gain=-0.0000 [optimal] 0.3s
  n16/grid1+ring17@0.75                    N=  32 alpha= 15* theta'>= 15.0000 gain=-0.0000 [optimal] 0.3s
  n16/grid1+ring17@0.9                     N=  32 alpha= 15* theta'>= 15.0000 gain=-0.0000 [optimal] 0.3s
  n16/grid1+ring19@0.5                     N=  34 alpha= 15* theta'>= 15.0000 gain=-0.0000 [optimal] 0.4s
