{
 "schema": "eoex/1",
 "n": 14,
 "d": "77/10",
 "d_float": 7.7,
 "max_level": 10,
 "max_cited": 15,
 "oler_caps": true,
 "oler_hull": true,
 "symmetry": true,
 "status": "proved",
 "nodes": 319603,
 "elapsed_s": 45.276,
 "frontier_count": 0,
 "frontier_digest": "e3b0c44298fc1c149afbf4c8996fb92427ae41e4649b934ca495991b7852b855",
 "meta": {
  "python": "3.11.15",
  "platform": "Linux-6.18.44-fc-v21-x86_64-with-glibc2.39",
  "utc": "2026-08-21T13:37:55Z"
 },
 "proves": "d(14) > 77/10",
 "proves_s": "s(14) > 11.164101615137755",
 "ratio_to_target": null
}
PROVED: no 14 points at separation >= 2 in the closed equilateral triangle of side 77/10; hence d(14) > 77/10 and s(14) > 77/10 + 2*sqrt(3) = 11.164101615
