{
 "schema": "eoex/1",
 "n": 20,
 "d": "39/4",
 "d_float": 9.75,
 "max_level": 10,
 "max_cited": 15,
 "oler_caps": true,
 "oler_hull": true,
 "symmetry": true,
 "status": "timeout",
 "nodes": 774144,
 "elapsed_s": 90.144,
 "frontier_count": 122,
 "frontier_digest": "8546b8c3248be7a6b3b7da0182221d97f8b5cff8b0069ff385f363750b2ba067",
 "meta": {
  "python": "3.11.15",
  "platform": "Linux-6.18.44-fc-v21-x86_64-with-glibc2.39",
  "utc": "2026-08-21T13:38:40Z"
 }
}
NOT PROVED (timeout). Nothing follows from this run.
