{
 "schema": "eoex/1",
 "n": 27,
 "d": "47/4",
 "d_float": 11.75,
 "max_level": 10,
 "max_cited": 15,
 "oler_caps": true,
 "oler_hull": true,
 "symmetry": true,
 "status": "timeout",
 "nodes": 646144,
 "elapsed_s": 90.09,
 "frontier_count": 163,
 "frontier_digest": "d0975a01765a523eb9e98e52d9120d81a9b94f5b64f1216bceb239a08faef6c3",
 "meta": {
  "python": "3.11.15",
  "platform": "Linux-6.18.44-fc-v21-x86_64-with-glibc2.39",
  "utc": "2026-08-21T13:38:40Z"
 }
}
NOT PROVED (timeout). Nothing follows from this run.
