
==============================================================================
0.  CONTROLS -- reproduce quantities that are already known
==============================================================================
  Oler on T of side 6:  (2/sqrt3)A + M/2 + 1 = 18 + [18.0000000000, 18.0000000000] + 1 = 28  [= T(7), as it must]
  closed corner triangle side 1: (2/sqrt3)A = 1/2    M = [3.0000000000, 3.0000000000] cap =  3   [T(3) = 6]
  closed corner triangle side 2: (2/sqrt3)A = 2      M = [6.0000000000, 6.0000000000] cap =  6   [T(4) = 10]
  closed corner triangle side 3: (2/sqrt3)A = 9/2    M = [9.0000000000, 9.0000000000] cap = 10   [T(5) = 15]
  closed corner triangle side 4: (2/sqrt3)A = 8      M = [12.0000000000, 12.0000000000] cap = 15   [T(6) = 21]
  closed corner triangle side 5: (2/sqrt3)A = 25/2   M = [15.0000000000, 15.0000000000] cap = 21   [T(7) = 28]
  N(j^-) for j = 1..5 (max unit-separated points in side < j): [1, 4, 8, 13, 19]  [expect 1, 4, 8, 13, 19]
      1 = trivial;  4, 8, 13 from Melissen/Payan;  19 from d(20) = 5 (Payan, qualified)

==============================================================================
1.  LEMMA P -- the top-scale corner constraint, reproved without Oler
==============================================================================
LEMMA P -- exact sign of a^2 + 3(k-1)^2 (a-k+2)^2 - 4(k-1)^2 on [k-2, k-1]
   (must be < 0 strictly inside, = 0 at a = k-1)
   checked 56 (k, a) pairs, failures: 0

   the bound m <= 1 + a/sqrt(1-w^2), and the CIO cap n - T(k-2) = 2k-2:
     k              a      1 + a/sqrt(1-w^2)      floor       2k-2
     3          19/10 [4.0327301610, 4.0327301610]          4          4
     3        199/100 [4.8662648839, 4.8662648839]          4          4
     3    19999/10000 [4.9986006596, 4.9986006596]          4          4
     4          29/10 [5.6289039299, 5.6289039299]          5          6
     4        299/100 [6.8091115592, 6.8091115592]          6          6
     4    29999/10000 [6.9980009595, 6.9980009595]          6          6
     5          39/10 [7.2250776988, 7.2250776988]          7          8
     5        399/100 [8.7519582345, 8.7519582345]          8          8
     5    39999/10000 [8.9974012593, 8.9974012593]          8          8
     6          49/10 [8.8212514678, 8.8212514678]          8         10
     6        499/100 [10.6948049098, 10.6948049098]         10         10
     6    49999/10000 [10.9968015592, 10.9968015592]         10         10
     7          59/10 [10.4174252367, 10.4174252367]         10         12
     7        599/100 [12.6376515851, 12.6376515851]         12         12
     7    59999/10000 [12.9962018590, 12.9962018590]         12         12
     8          69/10 [12.0135990057, 12.0135990057]         12         14
     8        699/100 [14.5804982604, 14.5804982604]         14         14
     8    69999/10000 [14.9956021588, 14.9956021588]         14         14
     9          79/10 [13.6097727746, 13.6097727746]         13         16
     9        799/100 [16.5233449357, 16.5233449357]         16         16
     9    79999/10000 [16.9950024587, 16.9950024587]         16         16

AGGREGATE ACCOUNTING  (S = sum_V sum_j S_j^(V))
     k     n     V(k)     C(k)     U(k)        U-V   k^2-4k+6
     4     9        9       12       15          6          6
     5    14       28       30       39         11         11
     6    20       60       60       78         18         18
     7    27      108      105      135         27         27
     8    35      175      168      216         41         38
     9    44      264      252      321         57         51

   V(k) - C(k) = (k-1)(k-6)/2, so Viviani only starts adding to CIO at k >= 7:
      k= 4  V-C =   -3   (formula   -3)
      k= 5  V-C =   -2   (formula   -2)
      k= 6  V-C =    0   (formula    0)
      k= 7  V-C =    3   (formula    3)
      k= 8  V-C =    7   (formula    7)
      k= 9  V-C =   12   (formula   12)

==============================================================================
2.  CERTIFICATE VALIDATION (K2 / K3) -- real packings vs computed capacities
==============================================================================
  every certificate: exact separation >= 1, exact Viviani, exact containment,
  then EVERY corner-coordinate box capacity is tested against the true count.
