### 1. exact independent checker
=== independent exact check (V5) of problems/circle-packing-equilateral-triangle/attacks/n16-upper-2/n16-certificate.json ===
  [PASS] G0.1 n matches coordinate count                                        n=16, got 16
  [PASS] G0.2 claim is a construction                                           'construction'
  [PASS] G0.3 coordinate_type is one of rational|algebraic|interval             'rational'
  [PASS] G0.4 all coordinates are exact rationals, no decimal strings           
  [PASS] G0.5 coordinate_type matches the actual encoding                       declared 'rational'; every coordinate parsed as p/q with no decimal point, no exponent, no radical
  [PASS] G0.6 side_length is an exact Q(sqrt3) expression, no decimal strings   s = (9249527159013717/1000000000000000 + 2*sqrt3)
  [PASS] G1.0 d = s - 2*sqrt(3) is rational (fixed placement is then rational)  d = (9249527159013717/1000000000000000 + 0*sqrt3)
  [PASS] G1.1 d > 0                                                             d = 9249527159013717/1000000000000000 ~ 9.249527159013716471
  [PASS] G2.0 all C(n,2) pairs examined                                         120 pairs
  [PASS] G2.1 every squared distance >= 4 (separation 2)                        min at pair (4,11): dist^2 - 4 = 7.205320e-13
  [PASS] G3.1 all points in the closed triangle (exact Q(sqrt3) half-planes)    0 violations
  [PASS] G3.2 same verdict from the independent squared encoding                0 violations, 0 encoding mismatches
  [PASS] G3.3 squaring step is an equivalence under y >= 0 (randomised)         4000 agree / 0 spurious-reject / 0 spurious-accept over 4000 random points
  [PASS] G3.4 unguarded squaring never ACCEPTS an outside point                 0 false accepts in 4000 random points
  [PASS] G4.1 reported side_length is a valid upper bound (d >= d_min)          d - d_min = 0.00000000000003083144, argmax point 0

  n                        16
  d (point-formulation)    9249527159013717/1000000000000000
                        ~= 9.2495271590137170000000
  s = d + 2*sqrt(3)     ~= 12.7136287741514715870548
  min pairwise dist^2      4000000000000720532000000032447897689/1000000000000000000000000000000000000
                        ~= 4 + 7.205320e-13
  exact minimal enclosing d_min = (125533377979040259/20000000000000000 + 5149141550127628529/3000000000000000000*sqrt3)
                        ~= 9.2495271590136861685589
  exact minimal enclosing s_min ~= 12.7136287741514407556138
  d - d_min             ~= 0.00000000000003083144   -> NOT TIGHT (honest upper bound)

  VERDICT: ALL GATES PASS

### 2. corruption-rejection suite (the checker must reject each defect)

=== corruption-rejection table (V5, independent checker) ===

| corruption                                                    | defect                                                                             | checker response                                                                                                                                                                                      | outcome | note                                                                                   |
|---------------------------------------------------------------|------------------------------------------------------------------------------------|-------------------------------------------------------------------------------------------------------------------------------------------------------------------------------------------------------|----|----------------------------------------------------------------------------------------|
| 0  unmodified certificate                                     | none                                                                               | ACCEPTED                                                                                                                                                                                              | OK | must be ACCEPTED                                                                       |
| 1  pair (4,11) pushed into overlap                            | dist^2 = 4 -0.0000000000032794, i.e. distance short of 2 by ~1.0e-12               | rejected: G2.1 every squared distance >= 4 (separation 2)                                                                                                                                             | OK |                                                                                        |
| 2  point 2 pushed below edge AB (y = 0)                       | y = -0.0000000000009732 < 0, outside by ~1.0e-12                                   | rejected: G3.1 all points in the closed triangle (exact Q(sqrt3) half-planes); G3.2 same verdict from the independent squared encoding                                                                | OK |                                                                                        |
| 3  point 1 pushed across the SLANTED edge AC                  | sqrt3*x - y = -0.0000000000019998 < 0; perpendicular distance outside ~1.0e-12     | rejected: G2.1 every squared distance >= 4 (separation 2); G3.1 all points in the closed triangle (exact Q(sqrt3) half-planes); G3.2 same verdict from the independent squared encoding               | OK |                                                                                        |
| 4  point 6 pushed across the SLANTED edge BC                  | sqrt3*(d-x) - y = -0.0000000000019998 < 0; perpendicular distance outside ~1.0e-12 | rejected: G3.1 all points in the closed triangle (exact Q(sqrt3) half-planes); G3.2 same verdict from the independent squared encoding; G4.1 reported side_length is a valid upper bound (d >= d_min) | OK |                                                                                        |
| 5  side_length inflated by 1e-3                               | d -> d + 1/1000 (still feasible, but a worse bound than claimed)                   | accepted as feasible; tight=False, d - d_min = 0.00100000                                                                                                                                             | OK | tightness gate is what catches this, per RULES.md s2                                   |
| 6  side_length deflated below the minimal enclosing value     | d -> d - 1e-12 < d_min: the configuration no longer fits                           | rejected: G3.1 all points in the closed triangle (exact Q(sqrt3) half-planes); G3.2 same verdict from the independent squared encoding; G4.1 reported side_length is a valid upper bound (d >= d_min) | OK |                                                                                        |
| 7  coordinate written as a decimal string                     | "6.27666889895201295" -- exactly rational, but banned by RULES.md s2               | rejected: G0.4 parse coord[0]; G0.4 all coordinates are exact rationals, no decimal strings; G0.5 coordinate_type matches the actual encoding                                                         | OK |                                                                                        |
| 8  coordinate in scientific notation                          | "4.6248e-14"                                                                       | rejected: G0.4 parse coord[2]; G0.4 all coordinates are exact rationals, no decimal strings; G0.5 coordinate_type matches the actual encoding                                                         | OK |                                                                                        |
| 9  side_length as a decimal string                            | "12.71362877415147"                                                                | rejected: EXCEPTION: ParseError: side_length: term '12.71362877415147' is not <rational> or <rational>*sqrt(3)                                                                                        | OK |                                                                                        |
| 10 whole packing rescaled to separation 1                     | all coordinates and d halved: valid at separation 1, illegal at separation 2       | rejected: G2.1 every squared distance >= 4 (separation 2)                                                                                                                                             | OK | guards the standing separation-1/2 trap                                                |
| 11 coordinate_type says 'interval', payload is bare rationals | declared type does not match the encoding                                          | rejected: G0.5 coordinate_type matches the actual encoding                                                                                                                                            | OK |                                                                                        |
| 12 whole packing translated by (0.1, 0)                       | RULES.md s2: checkers do NOT search over rigid motions                             | rejected: G3.1 all points in the closed triangle (exact Q(sqrt3) half-planes); G3.2 same verdict from the independent squared encoding; G4.1 reported side_length is a valid upper bound (d >= d_min) | OK |                                                                                        |
| 13 discrimination of the sign-slip mutant                     | x -> -x - 1e-6 (outside edge AC); guard 'x >= 0' dropped from the squared encoding | mutant accepts = True; exact Q(sqrt3) truth = False                                                                                                                                                   | OK | confirms the squaring step is a real failure mode, and that the guard is what stops it |

ALL CORRUPTIONS HANDLED AS REQUIRED

### 3. contact graph / rattler / exact rigidity rank over Q(sqrt3)
=== pair distances: exact excess of dist^2 over 4, ascending ===
   pair (4, 11)   dist^2 - 4 = 0.000000
   pair (10, 12)  dist^2 - 4 = 0.000000
   pair (9, 15)   dist^2 - 4 = 0.000000
   pair (9, 14)   dist^2 - 4 = 0.000000
   pair (3, 6)    dist^2 - 4 = 0.000000
   pair (2, 10)   dist^2 - 4 = 0.000000
   pair (1, 12)   dist^2 - 4 = 0.000000
   pair (7, 14)   dist^2 - 4 = 0.000000
   pair (8, 14)   dist^2 - 4 = 0.000000
   pair (5, 15)   dist^2 - 4 = 0.000000
   pair (7, 8)    dist^2 - 4 = 0.000000
   pair (8, 11)   dist^2 - 4 = 0.000000
   pair (5, 12)   dist^2 - 4 = 0.000000
   pair (0, 3)    dist^2 - 4 = 0.000000
   pair (5, 10)   dist^2 - 4 = 0.000000
   pair (4, 5)    dist^2 - 4 = 0.000000
   pair (0, 9)    dist^2 - 4 = 0.000000
   pair (11, 15)  dist^2 - 4 = 0.000000
   pair (1, 3)    dist^2 - 4 = 0.000000
   pair (4, 10)   dist^2 - 4 = 0.000000
   pair (0, 13)   dist^2 - 4 = 0.198658
   pair (13, 15)  dist^2 - 4 = 0.215442
   pair (1, 13)   dist^2 - 4 = 0.387066
   pair (3, 13)   dist^2 - 4 = 0.566294
   pair (5, 13)   dist^2 - 4 = 1.075514
   pair (9, 13)   dist^2 - 4 = 1.739689
   ...

   threshold tau = 1e-6 on (dist^2 - 4)
   largest active   : 0.0000000000007205
   smallest inactive: 0.1986582823   (pair (0, 13))
   => 20 pair contacts; the gap spans ~10 orders of magnitude, so the count is threshold-independent

=== wall residuals (exact), ascending ===
   point  2  AB: y>=0                0.00000000
   point  4  AB: y>=0                0.00000000
   point  7  AB: y>=0                0.00000000
   point  8  AB: y>=0                0.00000000
   point 11  AB: y>=0                0.00000000
   point  1  AC: sqrt3*x-y>=0        0.00000000
   point  6  AC: sqrt3*x-y>=0        0.00000000
   point  6  BC: sqrt3*(d-x)-y>=0    0.00000000
   point 12  AC: sqrt3*x-y>=0        0.00000000
   point 14  BC: sqrt3*(d-x)-y>=0    0.00000000
   point  2  AC: sqrt3*x-y>=0        0.00000000
   point  7  BC: sqrt3*(d-x)-y>=0    0.00000000
   point  0  BC: sqrt3*(d-x)-y>=0    0.00000000
   point  9  BC: sqrt3*(d-x)-y>=0    0.65675044
   point 10  AB: y>=0                1.16625182
   point 10  AC: sqrt3*x-y>=0        1.64792124
   point 14  AB: y>=0                1.73205080
   point  3  AC: sqrt3*x-y>=0        1.73370497
   point  5  AB: y>=0                1.99021244
   point 15  AB: y>=0                1.99021244
   ...

   threshold 1e-6 on the residual
   largest active   : 0.0000000000000534
   smallest inactive: 0.65675044   (point 9, BC: sqrt3*(d-x)-y>=0)
   => 13 wall incidences
   points on two walls at once (corners): [2, 6, 7] -> 3 points contributing 2 incidences each
   distinct points touching a wall: 10

=== contact degrees (pair contacts / wall incidences) ===
   P0   pairs 2   walls 1   total 3
   P1   pairs 2   walls 1   total 3
   P2   pairs 1   walls 2   total 3
   P3   pairs 3   walls 0   total 3
   P4   pairs 3   walls 1   total 4
   P5   pairs 4   walls 0   total 4
   P6   pairs 1   walls 2   total 3
   P7   pairs 2   walls 2   total 4
   P8   pairs 3   walls 1   total 4
   P9   pairs 3   walls 0   total 3
   P10  pairs 4   walls 0   total 4
   P11  pairs 3   walls 1   total 4
   P12  pairs 3   walls 1   total 4
   P13  pairs 0   walls 0   total 0
   P14  pairs 3   walls 1   total 4
   P15  pairs 3   walls 0   total 3

   points with NO constraint at all (rattlers): [13]
   rattler P13: nearest neighbours dist^2 - 4 = P0:0.198658, P15:0.215442, P1:0.387066, P3:0.566294
   rattler P13: wall residuals = AB:3.887380, AC:4.187729, BC:4.058160

=== rigidity: all 16 points ===
   points 16   dof 32   constraints 33 (20 pair + 13 wall)
   exact rank over Q(sqrt3) = 30
   infinitesimal flexes  = dof - rank      = 2
   self-stress dimension = constraints - rank = 3
   => UNDERCONSTRAINED (flexes present)

=== rigidity: jammed core (rattlers removed) ===
   points 15   dof 30   constraints 33 (20 pair + 13 wall)
   exact rank over Q(sqrt3) = 30
   infinitesimal flexes  = dof - rank      = 0
   self-stress dimension = constraints - rank = 3
   => HYPERSTATIC by 3

=== adjudication: what does 'wall contacts = 10' count? ===
   wall incidences (point, edge) pairs : 13
   distinct points touching >=1 wall   : 10
   corner points (on two edges at once): [2, 6, 7]
   13 - 10 = 3 = the corner double-count

   'corner counted once' matrix: 30 constraints on 30 dof, exact rank = 30
   flexes = 0, self-stresses = 0
   => counting each corner once gives 30 constraints and rank 30, which reads as isostatic; the full active set is 33 with rank 30, i.e. hyperstatic by 3.

=== are the three 'corner' points really at the triangle's vertices? ===
   P2: dist^2 to A=(0,0) = 0.00000000000000000000 ; dist^2 to C=(d/2,d*sqrt3/2) = 85.55375266533150726954
   P6: dist^2 to A=(0,0) = 85.55375266533150726988 ; dist^2 to C=(d/2,d*sqrt3/2) = 0.00000000000000000000
   P7: dist^2 to B=(d,0) = 0.00000000000000000000 ; dist^2 to C=(d/2,d*sqrt3/2) = 85.55375266533150726954
