{
 "schema": "eoex/1",
 "n": 14,
 "d": "159/20",
 "d_float": 7.95,
 "max_level": 11,
 "max_cited": 15,
 "oler_caps": true,
 "oler_hull": true,
 "oler_hull_max_level": 3,
 "symmetry": true,
 "status": "proved",
 "nodes": 1761513,
 "elapsed_s": 40.1,
 "frontier_count": 0,
 "frontier_digest": "e3b0c44298fc1c149afbf4c8996fb92427ae41e4649b934ca495991b7852b855",
 "meta": {
  "python": "3.11.15",
  "platform": "Linux-6.18.44-fc-v21-x86_64-with-glibc2.39",
  "utc": "2026-08-21T13:44:13Z"
 },
 "proves": "d(14) > 159/20",
 "proves_s": "s(14) > 11.414101615137755",
 "ratio_to_target": null
}
PROVED: no 14 points at separation >= 2 in the closed equilateral triangle of side 159/20; hence d(14) > 159/20 and s(14) > 159/20 + 2*sqrt(3) = 11.414101615
