{
 "schema": "eoex/1",
 "n": 20,
 "d": "97/10",
 "d_float": 9.7,
 "max_level": 10,
 "max_cited": 15,
 "oler_caps": true,
 "oler_hull": true,
 "symmetry": true,
 "status": "timeout",
 "nodes": 4133888,
 "elapsed_s": 420.055,
 "frontier_count": 125,
 "frontier_digest": "783ce25e8a43639c1b19503d2c67ae9ef75d1867b778cba740df382a05681b89",
 "meta": {
  "python": "3.11.15",
  "platform": "Linux-6.18.44-fc-v21-x86_64-with-glibc2.39",
  "utc": "2026-08-21T13:45:54Z"
 }
}
NOT PROVED (timeout). Nothing follows from this run.
