{
 "schema": "eoex/1",
 "n": 27,
 "d": "587/50",
 "d_float": 11.74,
 "max_level": 10,
 "max_cited": 15,
 "oler_caps": true,
 "oler_hull": true,
 "symmetry": true,
 "status": "timeout",
 "nodes": 3336192,
 "elapsed_s": 420.074,
 "frontier_count": 157,
 "frontier_digest": "e16fbd37443182774e43cad2bd0777eccf824a44f208c0ed45d871aacf740c9f",
 "meta": {
  "python": "3.11.15",
  "platform": "Linux-6.18.44-fc-v21-x86_64-with-glibc2.39",
  "utc": "2026-08-21T13:45:54Z"
 }
}
NOT PROVED (timeout). Nothing follows from this run.
